Archive member included to satisfy reference by file (symbol)

c:/program files/microchip/xc8/v2.36/avr/bin/../lib/gcc/avr/5.4.0/../../../../avr/lib/avrxmega4/memx-const/mapped\libm.a(addsf3.o)
                              fat.o (__subsf3)
c:/program files/microchip/xc8/v2.36/avr/bin/../lib/gcc/avr/5.4.0/../../../../avr/lib/avrxmega4/memx-const/mapped\libm.a(addsf3x.o)
                              c:/program files/microchip/xc8/v2.36/avr/bin/../lib/gcc/avr/5.4.0/../../../../avr/lib/avrxmega4/memx-const/mapped\libm.a(addsf3.o) (__addsf3x)
c:/program files/microchip/xc8/v2.36/avr/bin/../lib/gcc/avr/5.4.0/../../../../avr/lib/avrxmega4/memx-const/mapped\libm.a(ceilf.o)
                              hmi_mcu_com.o (ceil)
c:/program files/microchip/xc8/v2.36/avr/bin/../lib/gcc/avr/5.4.0/../../../../avr/lib/avrxmega4/memx-const/mapped\libm.a(cmpsf2.o)
                              AVR_sd.o (__nesf2)
c:/program files/microchip/xc8/v2.36/avr/bin/../lib/gcc/avr/5.4.0/../../../../avr/lib/avrxmega4/memx-const/mapped\libm.a(divsf3.o)
                              fat.o (__divsf3)
c:/program files/microchip/xc8/v2.36/avr/bin/../lib/gcc/avr/5.4.0/../../../../avr/lib/avrxmega4/memx-const/mapped\libm.a(divsf3x.o)
                              c:/program files/microchip/xc8/v2.36/avr/bin/../lib/gcc/avr/5.4.0/../../../../avr/lib/avrxmega4/memx-const/mapped\libm.a(divsf3.o) (__divsf3x)
c:/program files/microchip/xc8/v2.36/avr/bin/../lib/gcc/avr/5.4.0/../../../../avr/lib/avrxmega4/memx-const/mapped\libm.a(fixsfdi.o)
                              utils.o (__fixsfdi)
c:/program files/microchip/xc8/v2.36/avr/bin/../lib/gcc/avr/5.4.0/../../../../avr/lib/avrxmega4/memx-const/mapped\libm.a(fixsfsi.o)
                              utils.o (__fixsfsi)
c:/program files/microchip/xc8/v2.36/avr/bin/../lib/gcc/avr/5.4.0/../../../../avr/lib/avrxmega4/memx-const/mapped\libm.a(fixunssfsi.o)
                              fat.o (__fixunssfsi)
c:/program files/microchip/xc8/v2.36/avr/bin/../lib/gcc/avr/5.4.0/../../../../avr/lib/avrxmega4/memx-const/mapped\libm.a(floatsisf.o)
                              AVR_sd.o (__floatunsisf)
c:/program files/microchip/xc8/v2.36/avr/bin/../lib/gcc/avr/5.4.0/../../../../avr/lib/avrxmega4/memx-const/mapped\libm.a(floatundisf.o)
                              fat.o (__floatundisf)
c:/program files/microchip/xc8/v2.36/avr/bin/../lib/gcc/avr/5.4.0/../../../../avr/lib/avrxmega4/memx-const/mapped\libm.a(fp_cmp.o)
                              c:/program files/microchip/xc8/v2.36/avr/bin/../lib/gcc/avr/5.4.0/../../../../avr/lib/avrxmega4/memx-const/mapped\libm.a(cmpsf2.o) (__fp_cmp)
c:/program files/microchip/xc8/v2.36/avr/bin/../lib/gcc/avr/5.4.0/../../../../avr/lib/avrxmega4/memx-const/mapped\libm.a(fp_inf.o)
                              c:/program files/microchip/xc8/v2.36/avr/bin/../lib/gcc/avr/5.4.0/../../../../avr/lib/avrxmega4/memx-const/mapped\libm.a(addsf3x.o) (__fp_inf)
c:/program files/microchip/xc8/v2.36/avr/bin/../lib/gcc/avr/5.4.0/../../../../avr/lib/avrxmega4/memx-const/mapped\libm.a(fp_nan.o)
                              c:/program files/microchip/xc8/v2.36/avr/bin/../lib/gcc/avr/5.4.0/../../../../avr/lib/avrxmega4/memx-const/mapped\libm.a(addsf3x.o) (__fp_nan)
c:/program files/microchip/xc8/v2.36/avr/bin/../lib/gcc/avr/5.4.0/../../../../avr/lib/avrxmega4/memx-const/mapped\libm.a(fp_negdi.o)
                              c:/program files/microchip/xc8/v2.36/avr/bin/../lib/gcc/avr/5.4.0/../../../../avr/lib/avrxmega4/memx-const/mapped\libm.a(fixsfdi.o) (__fp_negdi)
c:/program files/microchip/xc8/v2.36/avr/bin/../lib/gcc/avr/5.4.0/../../../../avr/lib/avrxmega4/memx-const/mapped\libm.a(fp_pscA.o)
                              c:/program files/microchip/xc8/v2.36/avr/bin/../lib/gcc/avr/5.4.0/../../../../avr/lib/avrxmega4/memx-const/mapped\libm.a(addsf3x.o) (__fp_pscA)
c:/program files/microchip/xc8/v2.36/avr/bin/../lib/gcc/avr/5.4.0/../../../../avr/lib/avrxmega4/memx-const/mapped\libm.a(fp_pscB.o)
                              c:/program files/microchip/xc8/v2.36/avr/bin/../lib/gcc/avr/5.4.0/../../../../avr/lib/avrxmega4/memx-const/mapped\libm.a(addsf3x.o) (__fp_pscB)
c:/program files/microchip/xc8/v2.36/avr/bin/../lib/gcc/avr/5.4.0/../../../../avr/lib/avrxmega4/memx-const/mapped\libm.a(fp_round.o)
                              c:/program files/microchip/xc8/v2.36/avr/bin/../lib/gcc/avr/5.4.0/../../../../avr/lib/avrxmega4/memx-const/mapped\libm.a(addsf3.o) (__fp_round)
c:/program files/microchip/xc8/v2.36/avr/bin/../lib/gcc/avr/5.4.0/../../../../avr/lib/avrxmega4/memx-const/mapped\libm.a(fp_split3.o)
                              c:/program files/microchip/xc8/v2.36/avr/bin/../lib/gcc/avr/5.4.0/../../../../avr/lib/avrxmega4/memx-const/mapped\libm.a(addsf3x.o) (__fp_split3)
c:/program files/microchip/xc8/v2.36/avr/bin/../lib/gcc/avr/5.4.0/../../../../avr/lib/avrxmega4/memx-const/mapped\libm.a(fp_zero.o)
[...]
Memory Configuration

Name             Origin             Length             Attributes
text             0x0000000000000000 0x0000000000020000 xr
data             0x0000000000804000 0x0000000000004000 rw !x
eeprom           0x0000000000810000 0x0000000000000200 rw !x
fuse             0x0000000000820000 0x0000000000000010 rw !x
lock             0x0000000000830000 0x0000000000000400 rw !x
signature        0x0000000000840000 0x0000000000000400 rw !x
user_signatures  0x0000000000850000 0x0000000000000400 rw !x
*default*        0x0000000000000000 0xffffffffffffffff

Linker script and memory map

Address of section .data set to 0x804000
                0x0000000000008000                __RODATA_PM_OFFSET__ = 0x8000
LOAD C:/Program Files (x86)/Atmel/Studio/7.0/Packs/Atmel/AVR-Dx_DFP/2.7.321/xc8/avr/lib/avrxmega4/memx-const/mapped/crtavr128db64.o
LOAD AVR_sd.o
LOAD fat.o
LOAD global_consts_vars.o
LOAD hmi_mcu_com.o
LOAD main.o
LOAD mcc_generated_files/adc/src/adc0.o
LOAD mcc_generated_files/peripheral/src/evsys.o
LOAD mcc_generated_files/system/src/clock.o
LOAD mcc_generated_files/system/src/config_bits.o
LOAD mcc_generated_files/system/src/interrupt.o
LOAD mcc_generated_files/system/src/pins.o
LOAD mcc_generated_files/system/src/protected_io.o
LOAD mcc_generated_files/system/src/system.o
LOAD mcc_generated_files/timer/src/tca0.o
LOAD mcc_generated_files/vref/src/vref.o
LOAD utils.o
START GROUP
LOAD c:/program files/microchip/xc8/v2.36/avr/bin/../lib/gcc/avr/5.4.0/../../../../avr/lib/avrxmega4/memx-const/mapped\libm.a
END GROUP
START GROUP
LOAD c:/program files/microchip/xc8/v2.36/avr/bin/../lib/gcc/avr/5.4.0/avrxmega4/memx-const/mapped\libgcc.a
LOAD c:/program files/microchip/xc8/v2.36/avr/bin/../lib/gcc/avr/5.4.0/../../../../avr/lib/avrxmega4/memx-const/mapped\libm.a
LOAD c:/program files/microchip/xc8/v2.36/avr/bin/../lib/gcc/avr/5.4.0/../../../../avr/lib/avrxmega4/memx-const/mapped\libc.a
LOAD C:/Program Files (x86)/Atmel/Studio/7.0/Packs/Atmel/AVR-Dx_DFP/2.7.321/xc8/avr/lib/avrxmega4/memx-const/mapped\libavr128db64.a
END GROUP
                [0x0000000000000000]                __TEXT_REGION_ORIGIN__ = DEFINED (__TEXT_REGION_ORIGIN__)?__TEXT_REGION_ORIGIN__:0x0
                [0x0000000000804000]                __DATA_REGION_ORIGIN__ = DEFINED (__DATA_REGION_ORIGIN__)?__DATA_REGION_ORIGIN__:0x802000
                [0x0000000000020000]                __TEXT_REGION_LENGTH__ = DEFINED (__TEXT_REGION_LENGTH__)?__TEXT_REGION_LENGTH__:0x100000
                [0x0000000000004000]                __DATA_REGION_LENGTH__ = DEFINED (__DATA_REGION_LENGTH__)?__DATA_REGION_LENGTH__:0xffa0
                [0x0000000000000200]                __EEPROM_REGION_LENGTH__ = DEFINED (__EEPROM_REGION_LENGTH__)?__EEPROM_REGION_LENGTH__:0x10000
                [0x0000000000000010]                __FUSE_REGION_LENGTH__ = DEFINED (__FUSE_REGION_LENGTH__)?__FUSE_REGION_LENGTH__:0x400
                0x0000000000000400                __LOCK_REGION_LENGTH__ = DEFINED (__LOCK_REGION_LENGTH__)?__LOCK_REGION_LENGTH__:0x400
                0x0000000000000400                __SIGNATURE_REGION_LENGTH__ = DEFINED (__SIGNATURE_REGION_LENGTH__)?__SIGNATURE_REGION_LENGTH__:0x400
                0x0000000000000400                __USER_SIGNATURE_REGION_LENGTH__ = DEFINED (__USER_SIGNATURE_REGION_LENGTH__)?__USER_SIGNATURE_REGION_LENGTH__:0x400

.hash
 *(.hash)

.dynsym
 *(.dynsym)

.dynstr
 *(.dynstr)

.gnu.version
 *(.gnu.version)

.gnu.version_d
 *(.gnu.version_d)

.gnu.version_r
 *(.gnu.version_r)

.rel.init
 *(.rel.init)

.rela.init
 *(.rela.init)

.rel.text
 *(.rel.text)
 *(.rel.text.*)
 *(.rel.gnu.linkonce.t*)

.rela.text
 *(.rela.text)
 *(.rela.text.*)
 *(.rela.gnu.linkonce.t*)

.rel.fini
 *(.rel.fini)

.rela.fini
 *(.rela.fini)

.rel.rodata
 *(.rel.rodata)
 *(.rel.rodata.*)
 *(.rel.gnu.linkonce.r*)

.rela.rodata
 *(.rela.rodata)
 *(.rela.rodata.*)
 *(.rela.gnu.linkonce.r*)

.rel.data
 *(.rel.data)
 *(.rel.data.*)
 *(.rel.gnu.linkonce.d*)

.rela.data
 *(.rela.data)
 *(.rela.data.*)
 *(.rela.gnu.linkonce.d*)

.rel.ctors
 *(.rel.ctors)

.rela.ctors
 *(.rela.ctors)

.rel.dtors
 *(.rel.dtors)

.rela.dtors
 *(.rela.dtors)

.rel.got
 *(.rel.got)

.rela.got
 *(.rela.got)

.rel.bss
 *(.rel.bss)

.rela.bss
 *(.rela.bss)

.rel.plt
 *(.rel.plt)

.rela.plt
 *(.rela.plt)

.text           0x0000000000000000      0x278
 *(.vectors)
 .vectors       0x0000000000000000      0x104 C:/Program Files (x86)/Atmel/Studio/7.0/Packs/Atmel/AVR-Dx_DFP/2.7.321/xc8/avr/lib/avrxmega4/memx-const/mapped/crtavr128db64.o
                0x0000000000000000                __vector_default
                0x0000000000000000                __vectors
 *(.vectors)
 *(.progmem.gcc*)
 .progmem.gcc_sw_table.setADCInput
                0x0000000000000104       0x28 main.o
 .progmem.gcc_sw_table.setOutput
                0x000000000000012c       0x28 main.o
 .progmem.gcc_sw_table.setInput
                0x0000000000000154       0x28 main.o
 .progmem.gcc_sw_table.setHigh
                0x000000000000017c       0x28 main.o
 .progmem.gcc_sw_table.setLow
                0x00000000000001a4       0x28 main.o
 *(.dinit)
 .dinit         0x00000000000001cc       0x41 data_init
                0x000000000000020e                . = ALIGN (0x2)
 *fill*         0x000000000000020d        0x1 
                0x000000000000020e                __trampolines_start = .
 *(.trampolines)
 .trampolines   0x000000000000020e        0x0 linker stubs
 *(.trampolines*)
                0x000000000000020e                __trampolines_end = .
 *libprintf_flt.a:*(.progmem.data)
 *libc.a:*(.progmem.data)
                0x000000000000020e                . = ALIGN (0x2)
 *(.jumptables)
 *(.jumptables*)
 *(.lowtext)
 *(.lowtext*)
                0x000000000000020e                __ctors_start = .
 *(.ctors)
                0x000000000000020e                __ctors_end = .
                0x000000000000020e                __dtors_start = .
 *(.dtors)
                0x000000000000020e                __dtors_end = .
 SORT(*)(.ctors)
 SORT(*)(.dtors)
 *(.init0)
 .init0         0x000000000000020e        0x0 C:/Program Files (x86)/Atmel/Studio/7.0/Packs/Atmel/AVR-Dx_DFP/2.7.321/xc8/avr/lib/avrxmega4/memx-const/mapped/crtavr128db64.o
                0x000000000000020e                __init
 *(.init0)
 *(.init1)
 .init1         0x000000000000020e       0x12 C:/Program Files (x86)/Atmel/Studio/7.0/Packs/Atmel/AVR-Dx_DFP/2.7.321/xc8/avr/lib/avrxmega4/memx-const/mapped/crtavr128db64.o
 *(.init1)
 *(.init2)
 .init2         0x0000000000000220        0xc C:/Program Files (x86)/Atmel/Studio/7.0/Packs/Atmel/AVR-Dx_DFP/2.7.321/xc8/avr/lib/avrxmega4/memx-const/mapped/crtavr128db64.o
 *(.init2)
 *(.init3)
 *(.init3)
 *(.init4)
 .init4         0x000000000000022c       0x40 c:/program files/microchip/xc8/v2.36/avr/bin/../lib/gcc/avr/5.4.0/avrxmega4/memx-const/mapped\libgcc.a(_copy_data.o)
                0x000000000000022c                __do_copy_data
                0x000000000000025e                __do_clear_bss
 *(.init4)
 *(.init5)
 *(.init5)
 *(.init6)
 *(.init6)
 *(.init7)
 *(.init7)
 *(.init8)
 *(.init8)
 *(.init9)
 .init9         0x000000000000026c        0x8 C:/Program Files (x86)/Atmel/Studio/7.0/Packs/Atmel/AVR-Dx_DFP/2.7.321/xc8/avr/lib/avrxmega4/memx-const/mapped/crtavr128db64.o
 *(.init9)
                0x0000000000000274                . = ALIGN (0x2)
 *(.fini9)
 .fini9         0x0000000000000274        0x0 c:/program files/microchip/xc8/v2.36/avr/bin/../lib/gcc/avr/5.4.0/avrxmega4/memx-const/mapped\libgcc.a(_exit.o)
                0x0000000000000274                _exit
 *(.fini9)
 *(.fini8)
 *(.fini8)
 *(.fini7)
 *(.fini7)
 *(.fini6)
 *(.fini6)
 *(.fini5)
 *(.fini5)
 *(.fini4)
 *(.fini4)
 *(.fini3)
 *(.fini3)
 *(.fini2)
 *(.fini2)
 *(.fini1)
 *(.fini1)
 *(.fini0)
 .fini0         0x0000000000000274        0x4 c:/program files/microchip/xc8/v2.36/avr/bin/../lib/gcc/avr/5.4.0/avrxmega4/memx-const/mapped\libgcc.a(_exit.o)
 *(.fini0)
                0x0000000000000278                _etext = .

.data           0x0000000000804000        0x0 load address 0x0000000000000278
                [!provide]                        PROVIDE (__data_start, .)
 *(.gnu.linkonce.d*)
 *(.gnu.linkonce.r*)
                0x0000000000804000                . = ALIGN (0x2)
                0x0000000000804000                _edata = .
                [!provide]                        PROVIDE (__data_end, .)

.bss            0x0000000000804000      0x453
                [!provide]                        PROVIDE (__bss_start, .)
 *(COMMON)
 COMMON         0x0000000000804000      0x202 AVR_sd.o
                0x0000000000804000                SD_ResponseToken
                0x0000000000804001                SD_Buffer
 COMMON         0x0000000000804202      0x190 global_consts_vars.o
                0x0000000000804202                fileNum
                0x0000000000804266                receiveData3
                0x0000000000804298                receiveData
                0x00000000008042ca                transmitData
                0x00000000008042fc                terminalBuffer
                0x000000000080432e                hmiBuffer
                0x0000000000804360                transmitData3
 COMMON         0x0000000000804392       0xbf main.o
                0x0000000000804392                voltage
                0x0000000000804396                file
                0x00000000008043bd                adc_data
                0x0000000000804435                dir
 COMMON         0x0000000000804451        0x2 c:/program files/microchip/xc8/v2.36/avr/bin/../lib/gcc/avr/5.4.0/../../../../avr/lib/avrxmega4/memx-const/mapped\libc.a(errno.o)
                0x0000000000804451                __errno_val
                [!provide]                        PROVIDE (__bss_end, .)
                0x0000000000000278                __data_load_start = LOADADDR (.data)
                0x0000000000000278                __data_load_end = (__data_load_start + SIZEOF (.data))

.noinit         0x0000000000804453        0x0
                [!provide]                        PROVIDE (__noinit_start, .)
 *(.noinit*)
                [!provide]                        PROVIDE (__noinit_end, .)
                0x0000000000804453                _end = .

.eeprom         0x0000000000810000        0x0
 *(.eeprom*)
                0x0000000000810000                __eeprom_end = .

.fuse           0x0000000000820000        0x9
 *(.fuse)
 .fuse          0x0000000000820000        0x9 mcc_generated_files/system/src/config_bits.o
                0x0000000000820000                __fuse
 *(.lfuse)
 *(.hfuse)
 *(.efuse)

.lock
 *(.lock*)

.signature
 *(.signature*)

.user_signatures
 *(.user_signatures*)

.stab
 *(.stab)

.stabstr
 *(.stabstr)

.stab.excl
 *(.stab.excl)

.stab.exclstr
 *(.stab.exclstr)

.stab.index
 *(.stab.index)

.stab.indexstr
 *(.stab.indexstr)

.comment        0x0000000000000000       0x2f
 *(.comment)
 .comment       0x0000000000000000       0x2f AVR_sd.o
                                         0x30 (size before relaxing)
 .comment       0x000000000000002f       0x30 fat.o
 .comment       0x000000000000002f       0x30 global_consts_vars.o
 .comment       0x000000000000002f       0x30 hmi_mcu_com.o
 .comment       0x000000000000002f       0x30 main.o
 .comment       0x000000000000002f       0x30 mcc_generated_files/adc/src/adc0.o
 .comment       0x000000000000002f       0x30 mcc_generated_files/peripheral/src/evsys.o
 .comment       0x000000000000002f       0x30 mcc_generated_files/system/src/clock.o
 .comment       0x000000000000002f       0x30 mcc_generated_files/system/src/config_bits.o
 .comment       0x000000000000002f       0x30 mcc_generated_files/system/src/interrupt.o
 .comment       0x000000000000002f       0x30 mcc_generated_files/system/src/pins.o
 .comment       0x000000000000002f       0x30 mcc_generated_files/system/src/system.o
 .comment       0x000000000000002f       0x30 mcc_generated_files/timer/src/tca0.o
 .comment       0x000000000000002f       0x30 mcc_generated_files/vref/src/vref.o
 .comment       0x000000000000002f       0x30 c:/program files/microchip/xc8/v2.36/avr/bin/../lib/gcc/avr/5.4.0/../../../../avr/lib/avrxmega4/memx-const/mapped\libm.a(ceilf.o)
 .comment       0x000000000000002f       0x30 c:/program files/microchip/xc8/v2.36/avr/bin/../lib/gcc/avr/5.4.0/../../../../avr/lib/avrxmega4/memx-const/mapped\libc.a(exit.o)
 .comment       0x000000000000002f       0x30 c:/program files/microchip/xc8/v2.36/avr/bin/../lib/gcc/avr/5.4.0/../../../../avr/lib/avrxmega4/memx-const/mapped\libc.a(lite_malloc.o)
 .comment       0x000000000000002f       0x30 c:/program files/microchip/xc8/v2.36/avr/bin/../lib/gcc/avr/5.4.0/../../../../avr/lib/avrxmega4/memx-const/mapped\libc.a(__sio_sprintf_dfosux.o)
 .comment       0x000000000000002f       0x30 c:/program files/microchip/xc8/v2.36/avr/bin/../lib/gcc/avr/5.4.0/../../../../avr/lib/avrxmega4/memx-const/mapped\libc.a(__sio_sprintf_dosux.o)
 .comment       0x000000000000002f       0x30 c:/program files/microchip/xc8/v2.36/avr/bin/../lib/gcc/avr/5.4.0/../../../../avr/lib/avrxmega4/memx-const/mapped\libc.a(__fmt_fp.o)
 .comment       0x000000000000002f       0x30 c:/program files/microchip/xc8/v2.36/avr/bin/../lib/gcc/avr/5.4.0/../../../../avr/lib/avrxmega4/memx-const/mapped\libc.a(__fmt_s.o)
 .comment       0x000000000000002f       0x30 c:/program files/microchip/xc8/v2.36/avr/bin/../lib/gcc/avr/5.4.0/../../../../avr/lib/avrxmega4/memx-const/mapped\libc.a(__printf_core.o)
 .comment       0x000000000000002f       0x30 c:/program files/microchip/xc8/v2.36/avr/bin/../lib/gcc/avr/5.4.0/../../../../avr/lib/avrxmega4/memx-const/mapped\libc.a(fputc.o)
 .comment       0x000000000000002f       0x30 c:/program files/microchip/xc8/v2.36/avr/bin/../lib/gcc/avr/5.4.0/../../../../avr/lib/avrxmega4/memx-const/mapped\libc.a(__fmt_d.o)
 .comment       0x000000000000002f       0x30 c:/program files/microchip/xc8/v2.36/avr/bin/../lib/gcc/avr/5.4.0/../../../../avr/lib/avrxmega4/memx-const/mapped\libc.a(__fmt_o.o)
 .comment       0x000000000000002f       0x30 c:/program files/microchip/xc8/v2.36/avr/bin/../lib/gcc/avr/5.4.0/../../../../avr/lib/avrxmega4/memx-const/mapped\libc.a(__fmt_u.o)
 .comment       0x000000000000002f       0x30 c:/program files/microchip/xc8/v2.36/avr/bin/../lib/gcc/avr/5.4.0/../../../../avr/lib/avrxmega4/memx-const/mapped\libc.a(__fmt_x.o)
 .comment       0x000000000000002f       0x30 c:/program files/microchip/xc8/v2.36/avr/bin/../lib/gcc/avr/5.4.0/../../../../avr/lib/avrxmega4/memx-const/mapped\libc.a(__pop_float.o)
 .comment       0x000000000000002f       0x30 c:/program files/microchip/xc8/v2.36/avr/bin/../lib/gcc/avr/5.4.0/../../../../avr/lib/avrxmega4/memx-const/mapped\libc.a(__pop_int.o)
 .comment       0x000000000000002f       0x30 c:/program files/microchip/xc8/v2.36/avr/bin/../lib/gcc/avr/5.4.0/../../../../avr/lib/avrxmega4/memx-const/mapped\libc.a(__pop_ptr.o)
 .comment       0x000000000000002f       0x30 c:/program files/microchip/xc8/v2.36/avr/bin/../lib/gcc/avr/5.4.0/../../../../avr/lib/avrxmega4/memx-const/mapped\libc.a(atoi.o)
 .comment       0x000000000000002f       0x30 c:/program files/microchip/xc8/v2.36/avr/bin/../lib/gcc/avr/5.4.0/../../../../avr/lib/avrxmega4/memx-const/mapped\libc.a(memset.o)
 .comment       0x000000000000002f       0x30 c:/program files/microchip/xc8/v2.36/avr/bin/../lib/gcc/avr/5.4.0/../../../../avr/lib/avrxmega4/memx-const/mapped\libc.a(strcmp.o)
 .comment       0x000000000000002f       0x30 c:/program files/microchip/xc8/v2.36/avr/bin/../lib/gcc/avr/5.4.0/../../../../avr/lib/avrxmega4/memx-const/mapped\libc.a(strcpy.o)
 .comment       0x000000000000002f       0x30 c:/program files/microchip/xc8/v2.36/avr/bin/../lib/gcc/avr/5.4.0/../../../../avr/lib/avrxmega4/memx-const/mapped\libc.a(strlen.o)
 .comment       0x000000000000002f       0x30 c:/program files/microchip/xc8/v2.36/avr/bin/../lib/gcc/avr/5.4.0/../../../../avr/lib/avrxmega4/memx-const/mapped\libc.a(strncpy.o)
 .comment       0x000000000000002f       0x30 c:/program files/microchip/xc8/v2.36/avr/bin/../lib/gcc/avr/5.4.0/../../../../avr/lib/avrxmega4/memx-const/mapped\libc.a(tolower.o)
 .comment       0x000000000000002f       0x30 c:/program files/microchip/xc8/v2.36/avr/bin/../lib/gcc/avr/5.4.0/../../../../avr/lib/avrxmega4/memx-const/mapped\libc.a(toupper.o)
 .comment       0x000000000000002f       0x30 c:/program files/microchip/xc8/v2.36/avr/bin/../lib/gcc/avr/5.4.0/../../../../avr/lib/avrxmega4/memx-const/mapped\libc.a(errno.o)
 .comment       0x000000000000002f       0x30 c:/program files/microchip/xc8/v2.36/avr/bin/../lib/gcc/avr/5.4.0/../../../../avr/lib/avrxmega4/memx-const/mapped\libc.a(_Exit.o)
 .comment       0x000000000000002f       0x30 c:/program files/microchip/xc8/v2.36/avr/bin/../lib/gcc/avr/5.4.0/../../../../avr/lib/avrxmega4/memx-const/mapped\libc.a(expand_heap.o)
 .comment       0x000000000000002f       0x30 c:/program files/microchip/xc8/v2.36/avr/bin/../lib/gcc/avr/5.4.0/../../../../avr/lib/avrxmega4/memx-const/mapped\libc.a(__int_vsprintf.o)
 .comment       0x000000000000002f       0x30 c:/program files/microchip/xc8/v2.36/avr/bin/../lib/gcc/avr/5.4.0/../../../../avr/lib/avrxmega4/memx-const/mapped\libc.a(__int_vsnprintf.o)
 .comment       0x000000000000002f       0x30 c:/program files/microchip/xc8/v2.36/avr/bin/../lib/gcc/avr/5.4.0/../../../../avr/lib/avrxmega4/memx-const/mapped\libc.a(__int_vfprintf.o)
 .comment       0x000000000000002f       0x30 c:/program files/microchip/xc8/v2.36/avr/bin/../lib/gcc/avr/5.4.0/../../../../avr/lib/avrxmega4/memx-const/mapped\libm.a(floorf.o)
 .comment       0x000000000000002f       0x30 c:/program files/microchip/xc8/v2.36/avr/bin/../lib/gcc/avr/5.4.0/../../../../avr/lib/avrxmega4/memx-const/mapped\libm.a(fmaf.o)

.stack.descriptors.hdr
                0x0000000000000000      0x1ce
 .stack.descriptors.hdr
                0x0000000000000000        0xe c:/program files/microchip/xc8/v2.36/avr/bin/../lib/gcc/avr/5.4.0/../../../../avr/lib/avrxmega4/memx-const/mapped\libm.a(addsf3.o)
 .stack.descriptors.hdr
                0x000000000000000e        0xe c:/program files/microchip/xc8/v2.36/avr/bin/../lib/gcc/avr/5.4.0/../../../../avr/lib/avrxmega4/memx-const/mapped\libm.a(addsf3x.o)
 .stack.descriptors.hdr
                0x000000000000001c        0xe c:/program files/microchip/xc8/v2.36/avr/bin/../lib/gcc/avr/5.4.0/../../../../avr/lib/avrxmega4/memx-const/mapped\libm.a(cmpsf2.o)
 .stack.descriptors.hdr
                0x000000000000002a        0xe c:/program files/microchip/xc8/v2.36/avr/bin/../lib/gcc/avr/5.4.0/../../../../avr/lib/avrxmega4/memx-const/mapped\libm.a(divsf3.o)
 .stack.descriptors.hdr
                0x0000000000000038        0xe c:/program files/microchip/xc8/v2.36/avr/bin/../lib/gcc/avr/5.4.0/../../../../avr/lib/avrxmega4/memx-const/mapped\libm.a(divsf3x.o)
 .stack.descriptors.hdr
                0x0000000000000046        0xe c:/program files/microchip/xc8/v2.36/avr/bin/../lib/gcc/avr/5.4.0/../../../../avr/lib/avrxmega4/memx-const/mapped\libm.a(fixsfsi.o)
 .stack.descriptors.hdr
                0x0000000000000054        0xe c:/program files/microchip/xc8/v2.36/avr/bin/../lib/gcc/avr/5.4.0/../../../../avr/lib/avrxmega4/memx-const/mapped\libm.a(fixunssfsi.o)
 .stack.descriptors.hdr
                0x0000000000000062        0xe c:/program files/microchip/xc8/v2.36/avr/bin/../lib/gcc/avr/5.4.0/../../../../avr/lib/avrxmega4/memx-const/mapped\libm.a(floatsisf.o)
 .stack.descriptors.hdr
                0x0000000000000070        0xe c:/program files/microchip/xc8/v2.36/avr/bin/../lib/gcc/avr/5.4.0/../../../../avr/lib/avrxmega4/memx-const/mapped\libm.a(fp_cmp.o)
 .stack.descriptors.hdr
                0x000000000000007e        0xe c:/program files/microchip/xc8/v2.36/avr/bin/../lib/gcc/avr/5.4.0/../../../../avr/lib/avrxmega4/memx-const/mapped\libm.a(fp_inf.o)
 .stack.descriptors.hdr
                0x000000000000008c        0xe c:/program files/microchip/xc8/v2.36/avr/bin/../lib/gcc/avr/5.4.0/../../../../avr/lib/avrxmega4/memx-const/mapped\libm.a(fp_nan.o)
 .stack.descriptors.hdr
                0x000000000000009a        0xe c:/program files/microchip/xc8/v2.36/avr/bin/../lib/gcc/avr/5.4.0/../../../../avr/lib/avrxmega4/memx-const/mapped\libm.a(fp_pscA.o)
 .stack.descriptors.hdr
                0x00000000000000a8        0xe c:/program files/microchip/xc8/v2.36/avr/bin/../lib/gcc/avr/5.4.0/../../../../avr/lib/avrxmega4/memx-const/mapped\libm.a(fp_pscB.o)
 .stack.descriptors.hdr
                0x00000000000000b6        0xe c:/program files/microchip/xc8/v2.36/avr/bin/../lib/gcc/avr/5.4.0/../../../../avr/lib/avrxmega4/memx-const/mapped\libm.a(fp_round.o)
 .stack.descriptors.hdr
                0x00000000000000c4        0xe c:/program files/microchip/xc8/v2.36/avr/bin/../lib/gcc/avr/5.4.0/../../../../avr/lib/avrxmega4/memx-const/mapped\libm.a(fp_split3.o)
 .stack.descriptors.hdr
                0x00000000000000d2        0xe c:/program files/microchip/xc8/v2.36/avr/bin/../lib/gcc/avr/5.4.0/../../../../avr/lib/avrxmega4/memx-const/mapped\libm.a(fp_zero.o)
 .stack.descriptors.hdr
                0x00000000000000e0        0xe c:/program files/microchip/xc8/v2.36/avr/bin/../lib/gcc/avr/5.4.0/../../../../avr/lib/avrxmega4/memx-const/mapped\libm.a(gesf2.o)
 .stack.descriptors.hdr
                0x00000000000000ee        0xe c:/program files/microchip/xc8/v2.36/avr/bin/../lib/gcc/avr/5.4.0/../../../../avr/lib/avrxmega4/memx-const/mapped\libm.a(mulsf3.o)
 .stack.descriptors.hdr
                0x00000000000000fc        0xe c:/program files/microchip/xc8/v2.36/avr/bin/../lib/gcc/avr/5.4.0/../../../../avr/lib/avrxmega4/memx-const/mapped\libm.a(mulsf3x.o)
 .stack.descriptors.hdr
                0x000000000000010a        0xe c:/program files/microchip/xc8/v2.36/avr/bin/../lib/gcc/avr/5.4.0/avrxmega4/memx-const/mapped\libgcc.a(_mulsi3.o)
 .stack.descriptors.hdr
                0x0000000000000118        0xe c:/program files/microchip/xc8/v2.36/avr/bin/../lib/gcc/avr/5.4.0/avrxmega4/memx-const/mapped\libgcc.a(_udivmodhi4.o)
 .stack.descriptors.hdr
                0x0000000000000126        0xe c:/program files/microchip/xc8/v2.36/avr/bin/../lib/gcc/avr/5.4.0/avrxmega4/memx-const/mapped\libgcc.a(_udivmodsi4.o)
 .stack.descriptors.hdr
                0x0000000000000134        0xe c:/program files/microchip/xc8/v2.36/avr/bin/../lib/gcc/avr/5.4.0/avrxmega4/memx-const/mapped\libgcc.a(_tablejump2.o)
 .stack.descriptors.hdr
                0x0000000000000142        0xe c:/program files/microchip/xc8/v2.36/avr/bin/../lib/gcc/avr/5.4.0/avrxmega4/memx-const/mapped\libgcc.a(_muluhisi3.o)
 .stack.descriptors.hdr
                0x0000000000000150        0xe c:/program files/microchip/xc8/v2.36/avr/bin/../lib/gcc/avr/5.4.0/avrxmega4/memx-const/mapped\libgcc.a(_udivdi3.o)
 .stack.descriptors.hdr
                0x000000000000015e        0xe c:/program files/microchip/xc8/v2.36/avr/bin/../lib/gcc/avr/5.4.0/avrxmega4/memx-const/mapped\libgcc.a(_udivmod64.o)
 .stack.descriptors.hdr
                0x000000000000016c        0xe c:/program files/microchip/xc8/v2.36/avr/bin/../lib/gcc/avr/5.4.0/avrxmega4/memx-const/mapped\libgcc.a(_negdi2.o)
 .stack.descriptors.hdr
                0x000000000000017a        0xe c:/program files/microchip/xc8/v2.36/avr/bin/../lib/gcc/avr/5.4.0/avrxmega4/memx-const/mapped\libgcc.a(_ashrdi3.o)
 .stack.descriptors.hdr
                0x0000000000000188        0xe c:/program files/microchip/xc8/v2.36/avr/bin/../lib/gcc/avr/5.4.0/avrxmega4/memx-const/mapped\libgcc.a(_cmpdi2_s8.o)
 .stack.descriptors.hdr
                0x0000000000000196        0xe c:/program files/microchip/xc8/v2.36/avr/bin/../lib/gcc/avr/5.4.0/avrxmega4/memx-const/mapped\libgcc.a(_umulhisi3.o)
 .stack.descriptors.hdr
                0x00000000000001a4        0xe c:/program files/microchip/xc8/v2.36/avr/bin/../lib/gcc/avr/5.4.0/avrxmega4/memx-const/mapped\libgcc.a(_divmodhi4.o)
 .stack.descriptors.hdr
                0x00000000000001b2        0xe c:/program files/microchip/xc8/v2.36/avr/bin/../lib/gcc/avr/5.4.0/avrxmega4/memx-const/mapped\libgcc.a(_exit.o)
 .stack.descriptors.hdr
                0x00000000000001c0        0xe c:/program files/microchip/xc8/v2.36/avr/bin/../lib/gcc/avr/5.4.0/avrxmega4/memx-const/mapped\libgcc.a(_adddi3_s8.o)

.note.GNU-stack
                0x0000000000000000        0x0
 .note.GNU-stack
                0x0000000000000000        0x0 c:/program files/microchip/xc8/v2.36/avr/bin/../lib/gcc/avr/5.4.0/../../../../avr/lib/avrxmega4/memx-const/mapped\libm.a(addsf3.o)
 .note.GNU-stack
                0x0000000000000000        0x0 c:/program files/microchip/xc8/v2.36/avr/bin/../lib/gcc/avr/5.4.0/../../../../avr/lib/avrxmega4/memx-const/mapped\libm.a(addsf3x.o)
 .note.GNU-stack
                0x0000000000000000        0x0 c:/program files/microchip/xc8/v2.36/avr/bin/../lib/gcc/avr/5.4.0/../../../../avr/lib/avrxmega4/memx-const/mapped\libm.a(ceilf.o)
 .note.GNU-stack
                0x0000000000000000        0x0 c:/program files/microchip/xc8/v2.36/avr/bin/../lib/gcc/avr/5.4.0/../../../../avr/lib/avrxmega4/memx-const/mapped\libm.a(cmpsf2.o)
 .note.GNU-stack
                0x0000000000000000        0x0 c:/program files/microchip/xc8/v2.36/avr/bin/../lib/gcc/avr/5.4.0/../../../../avr/lib/avrxmega4/memx-const/mapped\libm.a(divsf3.o)
 .note.GNU-stack
                0x0000000000000000        0x0 c:/program files/microchip/xc8/v2.36/avr/bin/../lib/gcc/avr/5.4.0/../../../../avr/lib/avrxmega4/memx-const/mapped\libm.a(divsf3x.o)
 .note.GNU-stack
                0x0000000000000000        0x0 c:/program files/microchip/xc8/v2.36/avr/bin/../lib/gcc/avr/5.4.0/../../../../avr/lib/avrxmega4/memx-const/mapped\libm.a(fixsfsi.o)
 .note.GNU-stack
                0x0000000000000000        0x0 c:/program files/microchip/xc8/v2.36/avr/bin/../lib/gcc/avr/5.4.0/../../../../avr/lib/avrxmega4/memx-const/mapped\libm.a(fixunssfsi.o)
 .note.GNU-stack
                0x0000000000000000        0x0 c:/program files/microchip/xc8/v2.36/avr/bin/../lib/gcc/avr/5.4.0/../../../../avr/lib/avrxmega4/memx-const/mapped\libm.a(floatsisf.o)
 .note.GNU-stack
                0x0000000000000000        0x0 c:/program files/microchip/xc8/v2.36/avr/bin/../lib/gcc/avr/5.4.0/../../../../avr/lib/avrxmega4/memx-const/mapped\libm.a(fp_cmp.o)
 .note.GNU-stack
                0x0000000000000000        0x0 c:/program files/microchip/xc8/v2.36/avr/bin/../lib/gcc/avr/5.4.0/../../../../avr/lib/avrxmega4/memx-const/mapped\libm.a(fp_inf.o)
 .note.GNU-stack
                0x0000000000000000        0x0 c:/program files/microchip/xc8/v2.36/avr/bin/../lib/gcc/avr/5.4.0/../../../../avr/lib/avrxmega4/memx-const/mapped\libm.a(fp_nan.o)
 .note.GNU-stack
                0x0000000000000000        0x0 c:/program files/microchip/xc8/v2.36/avr/bin/../lib/gcc/avr/5.4.0/../../../../avr/lib/avrxmega4/memx-const/mapped\libm.a(fp_pscA.o)
 .note.GNU-stack
                0x0000000000000000        0x0 c:/program files/microchip/xc8/v2.36/avr/bin/../lib/gcc/avr/5.4.0/../../../../avr/lib/avrxmega4/memx-const/mapped\libm.a(fp_pscB.o)
 .note.GNU-stack
                0x0000000000000000        0x0 c:/program files/microchip/xc8/v2.36/avr/bin/../lib/gcc/avr/5.4.0/../../../../avr/lib/avrxmega4/memx-const/mapped\libm.a(fp_round.o)
 .note.GNU-stack
                0x0000000000000000        0x0 c:/program files/microchip/xc8/v2.36/avr/bin/../lib/gcc/avr/5.4.0/../../../../avr/lib/avrxmega4/memx-const/mapped\libm.a(fp_split3.o)
 .note.GNU-stack
                0x0000000000000000        0x0 c:/program files/microchip/xc8/v2.36/avr/bin/../lib/gcc/avr/5.4.0/../../../../avr/lib/avrxmega4/memx-const/mapped\libm.a(fp_zero.o)
 .note.GNU-stack
                0x0000000000000000        0x0 c:/program files/microchip/xc8/v2.36/avr/bin/../lib/gcc/avr/5.4.0/../../../../avr/lib/avrxmega4/memx-const/mapped\libm.a(gesf2.o)
 .note.GNU-stack
                0x0000000000000000        0x0 c:/program files/microchip/xc8/v2.36/avr/bin/../lib/gcc/avr/5.4.0/../../../../avr/lib/avrxmega4/memx-const/mapped\libm.a(mulsf3.o)
 .note.GNU-stack
                0x0000000000000000        0x0 c:/program files/microchip/xc8/v2.36/avr/bin/../lib/gcc/avr/5.4.0/../../../../avr/lib/avrxmega4/memx-const/mapped\libm.a(mulsf3x.o)
 .note.GNU-stack
                0x0000000000000000        0x0 c:/program files/microchip/xc8/v2.36/avr/bin/../lib/gcc/avr/5.4.0/../../../../avr/lib/avrxmega4/memx-const/mapped\libc.a(exit.o)
 .note.GNU-stack
                0x0000000000000000        0x0 c:/program files/microchip/xc8/v2.36/avr/bin/../lib/gcc/avr/5.4.0/../../../../avr/lib/avrxmega4/memx-const/mapped\libc.a(lite_malloc.o)
 .note.GNU-stack
                0x0000000000000000        0x0 c:/program files/microchip/xc8/v2.36/avr/bin/../lib/gcc/avr/5.4.0/../../../../avr/lib/avrxmega4/memx-const/mapped\libc.a(__sio_sprintf_dfosux.o)
 .note.GNU-stack
                0x0000000000000000        0x0 c:/program files/microchip/xc8/v2.36/avr/bin/../lib/gcc/avr/5.4.0/../../../../avr/lib/avrxmega4/memx-const/mapped\libc.a(__sio_sprintf_dosux.o)
 .note.GNU-stack
                0x0000000000000000        0x0 c:/program files/microchip/xc8/v2.36/avr/bin/../lib/gcc/avr/5.4.0/../../../../avr/lib/avrxmega4/memx-const/mapped\libc.a(__fmt_fp.o)
 .note.GNU-stack
                0x0000000000000000        0x0 c:/program files/microchip/xc8/v2.36/avr/bin/../lib/gcc/avr/5.4.0/../../../../avr/lib/avrxmega4/memx-const/mapped\libc.a(__fmt_s.o)
 .note.GNU-stack
                0x0000000000000000        0x0 c:/program files/microchip/xc8/v2.36/avr/bin/../lib/gcc/avr/5.4.0/../../../../avr/lib/avrxmega4/memx-const/mapped\libc.a(__printf_core.o)
 .note.GNU-stack
                0x0000000000000000        0x0 c:/program files/microchip/xc8/v2.36/avr/bin/../lib/gcc/avr/5.4.0/../../../../avr/lib/avrxmega4/memx-const/mapped\libc.a(fputc.o)
 .note.GNU-stack
                0x0000000000000000        0x0 c:/program files/microchip/xc8/v2.36/avr/bin/../lib/gcc/avr/5.4.0/../../../../avr/lib/avrxmega4/memx-const/mapped\libc.a(__fmt_d.o)
 .note.GNU-stack
                0x0000000000000000        0x0 c:/program files/microchip/xc8/v2.36/avr/bin/../lib/gcc/avr/5.4.0/../../../../avr/lib/avrxmega4/memx-const/mapped\libc.a(__fmt_o.o)
 .note.GNU-stack
                0x0000000000000000        0x0 c:/program files/microchip/xc8/v2.36/avr/bin/../lib/gcc/avr/5.4.0/../../../../avr/lib/avrxmega4/memx-const/mapped\libc.a(__fmt_u.o)
 .note.GNU-stack
                0x0000000000000000        0x0 c:/program files/microchip/xc8/v2.36/avr/bin/../lib/gcc/avr/5.4.0/../../../../avr/lib/avrxmega4/memx-const/mapped\libc.a(__fmt_x.o)
 .note.GNU-stack
                0x0000000000000000        0x0 c:/program files/microchip/xc8/v2.36/avr/bin/../lib/gcc/avr/5.4.0/../../../../avr/lib/avrxmega4/memx-const/mapped\libc.a(__pop_float.o)
 .note.GNU-stack
                0x0000000000000000        0x0 c:/program files/microchip/xc8/v2.36/avr/bin/../lib/gcc/avr/5.4.0/../../../../avr/lib/avrxmega4/memx-const/mapped\libc.a(__pop_int.o)
 .note.GNU-stack
                0x0000000000000000        0x0 c:/program files/microchip/xc8/v2.36/avr/bin/../lib/gcc/avr/5.4.0/../../../../avr/lib/avrxmega4/memx-const/mapped\libc.a(__pop_ptr.o)
 .note.GNU-stack
                0x0000000000000000        0x0 c:/program files/microchip/xc8/v2.36/avr/bin/../lib/gcc/avr/5.4.0/../../../../avr/lib/avrxmega4/memx-const/mapped\libc.a(atoi.o)
 .note.GNU-stack
                0x0000000000000000        0x0 c:/program files/microchip/xc8/v2.36/avr/bin/../lib/gcc/avr/5.4.0/../../../../avr/lib/avrxmega4/memx-const/mapped\libc.a(memset.o)
 .note.GNU-stack
                0x0000000000000000        0x0 c:/program files/microchip/xc8/v2.36/avr/bin/../lib/gcc/avr/5.4.0/../../../../avr/lib/avrxmega4/memx-const/mapped\libc.a(strcmp.o)
 .note.GNU-stack
                0x0000000000000000        0x0 c:/program files/microchip/xc8/v2.36/avr/bin/../lib/gcc/avr/5.4.0/../../../../avr/lib/avrxmega4/memx-const/mapped\libc.a(strcpy.o)
 .note.GNU-stack
                0x0000000000000000        0x0 c:/program files/microchip/xc8/v2.36/avr/bin/../lib/gcc/avr/5.4.0/../../../../avr/lib/avrxmega4/memx-const/mapped\libc.a(strlen.o)
 .note.GNU-stack
                0x0000000000000000        0x0 c:/program files/microchip/xc8/v2.36/avr/bin/../lib/gcc/avr/5.4.0/../../../../avr/lib/avrxmega4/memx-const/mapped\libc.a(strncpy.o)
 .note.GNU-stack
                0x0000000000000000        0x0 c:/program files/microchip/xc8/v2.36/avr/bin/../lib/gcc/avr/5.4.0/../../../../avr/lib/avrxmega4/memx-const/mapped\libc.a(tolower.o)
 .note.GNU-stack
                0x0000000000000000        0x0 c:/program files/microchip/xc8/v2.36/avr/bin/../lib/gcc/avr/5.4.0/../../../../avr/lib/avrxmega4/memx-const/mapped\libc.a(toupper.o)
 .note.GNU-stack
                0x0000000000000000        0x0 c:/program files/microchip/xc8/v2.36/avr/bin/../lib/gcc/avr/5.4.0/../../../../avr/lib/avrxmega4/memx-const/mapped\libc.a(errno.o)
 .note.GNU-stack
                0x0000000000000000        0x0 c:/program files/microchip/xc8/v2.36/avr/bin/../lib/gcc/avr/5.4.0/../../../../avr/lib/avrxmega4/memx-const/mapped\libc.a(_Exit.o)
 .note.GNU-stack
                0x0000000000000000        0x0 c:/program files/microchip/xc8/v2.36/avr/bin/../lib/gcc/avr/5.4.0/../../../../avr/lib/avrxmega4/memx-const/mapped\libc.a(expand_heap.o)
 .note.GNU-stack
                0x0000000000000000        0x0 c:/program files/microchip/xc8/v2.36/avr/bin/../lib/gcc/avr/5.4.0/../../../../avr/lib/avrxmega4/memx-const/mapped\libc.a(__int_vsprintf.o)
 .note.GNU-stack
                0x0000000000000000        0x0 c:/program files/microchip/xc8/v2.36/avr/bin/../lib/gcc/avr/5.4.0/../../../../avr/lib/avrxmega4/memx-const/mapped\libc.a(__int_vsnprintf.o)
 .note.GNU-stack
                0x0000000000000000        0x0 c:/program files/microchip/xc8/v2.36/avr/bin/../lib/gcc/avr/5.4.0/../../../../avr/lib/avrxmega4/memx-const/mapped\libc.a(__int_vfprintf.o)
 .note.GNU-stack
                0x0000000000000000        0x0 c:/program files/microchip/xc8/v2.36/avr/bin/../lib/gcc/avr/5.4.0/../../../../avr/lib/avrxmega4/memx-const/mapped\libm.a(floorf.o)
 .note.GNU-stack
                0x0000000000000000        0x0 c:/program files/microchip/xc8/v2.36/avr/bin/../lib/gcc/avr/5.4.0/../../../../avr/lib/avrxmega4/memx-const/mapped\libm.a(fmaf.o)

.note.gnu.build-id
 *(.note.gnu.build-id)

.debug
 *(.debug)

.line
 *(.line)

.debug_srcinfo
 *(.debug_srcinfo)

.debug_sfnames
 *(.debug_sfnames)

.debug_aranges  0x0000000000000000      0x950
 *(.debug_aranges)
 .debug_aranges
                0x0000000000000000       0x98 AVR_sd.o
 .debug_aranges
                0x0000000000000098      0x250 fat.o
 .debug_aranges
                0x00000000000002e8       0x18 global_consts_vars.o
 .debug_aranges
                0x0000000000000300       0x68 hmi_mcu_com.o
 .debug_aranges
                0x0000000000000368       0x90 main.o
 .debug_aranges
                0x00000000000003f8       0xb0 mcc_generated_files/adc/src/adc0.o
 .debug_aranges
                0x00000000000004a8       0x20 mcc_generated_files/peripheral/src/evsys.o
 .debug_aranges
                0x00000000000004c8       0x30 mcc_generated_files/system/src/clock.o
 .debug_aranges
                0x00000000000004f8       0x18 mcc_generated_files/system/src/config_bits.o
 .debug_aranges
                0x0000000000000510       0x20 mcc_generated_files/system/src/interrupt.o
 .debug_aranges
                0x0000000000000530      0x2d8 mcc_generated_files/system/src/pins.o
 .debug_aranges
                0x0000000000000808       0x20 mcc_generated_files/system/src/protected_io.o
 .debug_aranges
                0x0000000000000828       0x20 mcc_generated_files/system/src/system.o
 .debug_aranges
                0x0000000000000848       0xe8 mcc_generated_files/timer/src/tca0.o
 .debug_aranges
                0x0000000000000930       0x20 mcc_generated_files/vref/src/vref.o

.debug_pubnames
 *(.debug_pubnames)

.debug_info     0x0000000000000000    0x15501
 *(.debug_info .gnu.linkonce.wi.*)
 .debug_info    0x0000000000000000     0x395a C:/Program Files (x86)/Atmel/Studio/7.0/Packs/Atmel/AVR-Dx_DFP/2.7.321/xc8/avr/lib/avrxmega4/memx-const/mapped/crtavr128db64.o
 .debug_info    0x000000000000395a     0x105d AVR_sd.o
 .debug_info    0x00000000000049b7     0x39d6 fat.o
 .debug_info    0x000000000000838d      0x6db global_consts_vars.o
 .debug_info    0x0000000000008a68     0x1aab hmi_mcu_com.o
 .debug_info    0x000000000000a513     0x3c4d main.o
 .debug_info    0x000000000000e160      0xb36 mcc_generated_files/adc/src/adc0.o
 .debug_info    0x000000000000ec96      0xa11 mcc_generated_files/peripheral/src/evsys.o
 .debug_info    0x000000000000f6a7      0xf51 mcc_generated_files/system/src/clock.o
 .debug_info    0x00000000000105f8      0x92c mcc_generated_files/system/src/config_bits.o
 .debug_info    0x0000000000010f24      0x47a mcc_generated_files/system/src/interrupt.o
 .debug_info    0x000000000001139e     0x2483 mcc_generated_files/system/src/pins.o
 .debug_info    0x0000000000013821       0xf4 mcc_generated_files/system/src/protected_io.o
 .debug_info    0x0000000000013915      0x362 mcc_generated_files/system/src/system.o
 .debug_info    0x0000000000013c77     0x1449 mcc_generated_files/timer/src/tca0.o
 .debug_info    0x00000000000150c0      0x441 mcc_generated_files/vref/src/vref.o

.debug_abbrev   0x0000000000000000     0x4c8f
 *(.debug_abbrev)
 .debug_abbrev  0x0000000000000000     0x3652 C:/Program Files (x86)/Atmel/Studio/7.0/Packs/Atmel/AVR-Dx_DFP/2.7.321/xc8/avr/lib/avrxmega4/memx-const/mapped/crtavr128db64.o
 .debug_abbrev  0x0000000000003652      0x2cb AVR_sd.o
 .debug_abbrev  0x000000000000391d      0x37d fat.o
 .debug_abbrev  0x0000000000003c9a       0x68 global_consts_vars.o
 .debug_abbrev  0x0000000000003d02      0x239 hmi_mcu_com.o
 .debug_abbrev  0x0000000000003f3b      0x3d0 main.o
 .debug_abbrev  0x000000000000430b      0x1d5 mcc_generated_files/adc/src/adc0.o
 .debug_abbrev  0x00000000000044e0       0x8c mcc_generated_files/peripheral/src/evsys.o
 .debug_abbrev  0x000000000000456c      0x135 mcc_generated_files/system/src/clock.o
 .debug_abbrev  0x00000000000046a1       0x97 mcc_generated_files/system/src/config_bits.o
 .debug_abbrev  0x0000000000004738       0xfa mcc_generated_files/system/src/interrupt.o
 .debug_abbrev  0x0000000000004832      0x176 mcc_generated_files/system/src/pins.o
 .debug_abbrev  0x00000000000049a8       0x14 mcc_generated_files/system/src/protected_io.o
 .debug_abbrev  0x00000000000049bc       0x6a mcc_generated_files/system/src/system.o
 .debug_abbrev  0x0000000000004a26      0x1c3 mcc_generated_files/timer/src/tca0.o
 .debug_abbrev  0x0000000000004be9       0xa6 mcc_generated_files/vref/src/vref.o

.debug_line     0x0000000000000000     0x60a3
 *(.debug_line .debug_line.* .debug_line_end)
 .debug_line    0x0000000000000000      0x258 C:/Program Files (x86)/Atmel/Studio/7.0/Packs/Atmel/AVR-Dx_DFP/2.7.321/xc8/avr/lib/avrxmega4/memx-const/mapped/crtavr128db64.o
 .debug_line    0x0000000000000258      0x661 AVR_sd.o
 .debug_line    0x00000000000008b9     0x223b fat.o
 .debug_line    0x0000000000002af4       0x7f global_consts_vars.o
 .debug_line    0x0000000000002b73      0x60f hmi_mcu_com.o
 .debug_line    0x0000000000003182      0xf84 main.o
 .debug_line    0x0000000000004106      0x384 mcc_generated_files/adc/src/adc0.o
 .debug_line    0x000000000000448a      0x2a2 mcc_generated_files/peripheral/src/evsys.o
 .debug_line    0x000000000000472c      0x1d3 mcc_generated_files/system/src/clock.o
 .debug_line    0x00000000000048ff      0x102 mcc_generated_files/system/src/config_bits.o
 .debug_line    0x0000000000004a01      0x19b mcc_generated_files/system/src/interrupt.o
 .debug_line    0x0000000000004b9c      0xcd3 mcc_generated_files/system/src/pins.o
 .debug_line    0x000000000000586f       0x76 mcc_generated_files/system/src/protected_io.o
 .debug_line    0x00000000000058e5      0x1b8 mcc_generated_files/system/src/system.o
 .debug_line    0x0000000000005a9d      0x4e5 mcc_generated_files/timer/src/tca0.o
 .debug_line    0x0000000000005f82      0x121 mcc_generated_files/vref/src/vref.o

.debug_frame    0x0000000000000000     0x1d10
 *(.debug_frame)
 .debug_frame   0x0000000000000000      0x20c AVR_sd.o
 .debug_frame   0x000000000000020c      0xac0 fat.o
 .debug_frame   0x0000000000000ccc      0x20c hmi_mcu_com.o
 .debug_frame   0x0000000000000ed8      0x230 main.o
 .debug_frame   0x0000000000001108      0x1d4 mcc_generated_files/adc/src/adc0.o
 .debug_frame   0x00000000000012dc       0x24 mcc_generated_files/peripheral/src/evsys.o
 .debug_frame   0x0000000000001300       0x44 mcc_generated_files/system/src/clock.o
 .debug_frame   0x0000000000001344       0x24 mcc_generated_files/system/src/interrupt.o
 .debug_frame   0x0000000000001368      0x7ac mcc_generated_files/system/src/pins.o
 .debug_frame   0x0000000000001b14       0x24 mcc_generated_files/system/src/system.o
 .debug_frame   0x0000000000001b38      0x1b4 mcc_generated_files/timer/src/tca0.o
 .debug_frame   0x0000000000001cec       0x24 mcc_generated_files/vref/src/vref.o

.debug_str      0x0000000000000000     0x1d16
 *(.debug_str)
 .debug_str     0x0000000000000000     0x18bd C:/Program Files (x86)/Atmel/Studio/7.0/Packs/Atmel/AVR-Dx_DFP/2.7.321/xc8/avr/lib/avrxmega4/memx-const/mapped/crtavr128db64.o
 .debug_str     0x00000000000018bd       0x16 AVR_sd.o
 .debug_str     0x00000000000018d3      0x138 fat.o
 .debug_str     0x0000000000001a0b        0x0 global_consts_vars.o
 .debug_str     0x0000000000001a0b       0x65 hmi_mcu_com.o
 .debug_str     0x0000000000001a70      0x176 main.o
 .debug_str     0x0000000000001be6        0x8 mcc_generated_files/adc/src/adc0.o
 .debug_str     0x0000000000001bee        0x0 mcc_generated_files/peripheral/src/evsys.o
 .debug_str     0x0000000000001bee       0x13 mcc_generated_files/system/src/clock.o
 .debug_str     0x0000000000001c01        0x0 mcc_generated_files/system/src/config_bits.o
 .debug_str     0x0000000000001c01       0x13 mcc_generated_files/system/src/interrupt.o
 .debug_str     0x0000000000001c14       0x25 mcc_generated_files/system/src/pins.o
 .debug_str     0x0000000000001c39       0x7b mcc_generated_files/system/src/system.o
 .debug_str     0x0000000000001cb4       0x62 mcc_generated_files/timer/src/tca0.o
 .debug_str     0x0000000000001d16        0x0 mcc_generated_files/vref/src/vref.o

.debug_loc      0x0000000000000000     0x70d3
 *(.debug_loc)
 .debug_loc     0x0000000000000000      0x89e AVR_sd.o
 .debug_loc     0x000000000000089e     0x43eb fat.o
 .debug_loc     0x0000000000004c89      0xa87 hmi_mcu_com.o
 .debug_loc     0x0000000000005710      0xf51 main.o
 .debug_loc     0x0000000000006661      0x208 mcc_generated_files/adc/src/adc0.o
 .debug_loc     0x0000000000006869      0x21c mcc_generated_files/system/src/clock.o
 .debug_loc     0x0000000000006a85       0x2a mcc_generated_files/system/src/interrupt.o
 .debug_loc     0x0000000000006aaf      0x5f0 mcc_generated_files/system/src/pins.o
 .debug_loc     0x000000000000709f       0x34 mcc_generated_files/timer/src/tca0.o

.debug_macinfo
 *(.debug_macinfo)

.debug_weaknames
 *(.debug_weaknames)

.debug_funcnames
 *(.debug_funcnames)

.debug_typenames
 *(.debug_typenames)

.debug_varnames
 *(.debug_varnames)

.debug_pubtypes
 *(.debug_pubtypes)

.debug_ranges   0x0000000000000000      0xaf0
 *(.debug_ranges)
 .debug_ranges  0x0000000000000000       0xa0 AVR_sd.o
 .debug_ranges  0x00000000000000a0      0x2f8 fat.o
 .debug_ranges  0x0000000000000398       0x58 hmi_mcu_com.o
 .debug_ranges  0x00000000000003f0      0x260 main.o
 .debug_ranges  0x0000000000000650       0xa0 mcc_generated_files/adc/src/adc0.o
 .debug_ranges  0x00000000000006f0       0x10 mcc_generated_files/peripheral/src/evsys.o
 .debug_ranges  0x0000000000000700       0x20 mcc_generated_files/system/src/clock.o
 .debug_ranges  0x0000000000000720       0x10 mcc_generated_files/system/src/interrupt.o
 .debug_ranges  0x0000000000000730      0x2c8 mcc_generated_files/system/src/pins.o
 .debug_ranges  0x00000000000009f8       0x10 mcc_generated_files/system/src/system.o
 .debug_ranges  0x0000000000000a08       0xd8 mcc_generated_files/timer/src/tca0.o
 .debug_ranges  0x0000000000000ae0       0x10 mcc_generated_files/vref/src/vref.o

.debug_macro
 *(.debug_macro)
OUTPUT(XC8Application2.elf elf32-avr)
LOAD linker stubs
LOAD data_init

.note.gnu.avr.deviceinfo
                0x0000000000000000       0x40
 .note.gnu.avr.deviceinfo
                0x0000000000000000       0x40 C:/Program Files (x86)/Atmel/Studio/7.0/Packs/Atmel/AVR-Dx_DFP/2.7.321/xc8/avr/lib/avrxmega4/memx-const/mapped/crtavr128db64.o

.bss.SD_CardType
                0x00000000008079fe        0x1
 .bss.SD_CardType
                0x00000000008079fe        0x1 AVR_sd.o

.bss.fat        0x00000000008078e3       0x29
 .bss.fat       0x00000000008078e3       0x29 fat.o

.bss.null_is_set
                0x00000000008079ff        0x1
 .bss.null_is_set
                0x00000000008079ff        0x1 fat.o

.bss.set_null   0x0000000000807a00        0x1
 .bss.set_null  0x0000000000807a00        0x1 fat.o

.bss.bufferModBy
                0x000000000080799c        0x2
 .bss.bufferModBy
                0x000000000080799c        0x2 fat.o

.bss.FAT_filename
                0x00000000008077e3      0x100
 .bss.FAT_filename
                0x00000000008077e3      0x100 fat.o

.bss.totalNumFaults
                0x0000000000807968        0x4
 .bss.totalNumFaults
                0x0000000000807968        0x4 global_consts_vars.o
                0x0000000000807968                totalNumFaults

.bss.lastTimeUpdate
                0x0000000000807970        0x4
 .bss.lastTimeUpdate
                0x0000000000807970        0x4 global_consts_vars.o
                0x0000000000807970                lastTimeUpdate

.bss.lastSdWrite
                0x0000000000807990        0x4
 .bss.lastSdWrite
                0x0000000000807990        0x4 global_consts_vars.o
                0x0000000000807990                lastSdWrite

.bss.bypassMode
                0x0000000000807994        0x4
 .bss.bypassMode
                0x0000000000807994        0x4 global_consts_vars.o
                0x0000000000807994                bypassMode

.bss.newCharacterization
                0x0000000000807a01        0x1
 .bss.newCharacterization
                0x0000000000807a01        0x1 global_consts_vars.o
                0x0000000000807a01                newCharacterization

.bss.faultDetected
                0x0000000000807a02        0x1
 .bss.faultDetected
                0x0000000000807a02        0x1 global_consts_vars.o
                0x0000000000807a02                faultDetected

.bss.testingPause
                0x0000000000807a03        0x1
 .bss.testingPause
                0x0000000000807a03        0x1 global_consts_vars.o
                0x0000000000807a03                testingPause

.bss.testingStart
                0x0000000000807a04        0x1
 .bss.testingStart
                0x0000000000807a04        0x1 global_consts_vars.o
                0x0000000000807a04                testingStart

.bss.newHmiMessage
                0x0000000000807a05        0x1
 .bss.newHmiMessage
                0x0000000000807a05        0x1 global_consts_vars.o
                0x0000000000807a05                newHmiMessage

.bss.hmiReceiving
                0x0000000000807a06        0x1
 .bss.hmiReceiving
                0x0000000000807a06        0x1 global_consts_vars.o
                0x0000000000807a06                hmiReceiving

.bss.dataIndexRx
                0x0000000000807a07        0x1
 .bss.dataIndexRx
                0x0000000000807a07        0x1 global_consts_vars.o
                0x0000000000807a07                dataIndexRx

.bss.numFaults  0x0000000000807653      0x190
 .bss.numFaults
                0x0000000000807653      0x190 main.o
                0x0000000000807653                numFaults

.bss.myArray2   0x0000000000804453     0x1900
 .bss.myArray2  0x0000000000804453     0x1900 main.o
                0x0000000000804453                myArray2

.bss.myArray    0x0000000000805d53     0x1900
 .bss.myArray   0x0000000000805d53     0x1900 main.o
                0x0000000000805d53                myArray

.bss.dirItems   0x000000000080799e        0x2
 .bss.dirItems  0x000000000080799e        0x2 main.o
                0x000000000080799e                dirItems

.bss.return_code
                0x0000000000807a08        0x1
 .bss.return_code
                0x0000000000807a08        0x1 main.o
                0x0000000000807a08                return_code

.bss.ADC0_resrdy_cb
                0x00000000008079a0        0x2
 .bss.ADC0_resrdy_cb
                0x00000000008079a0        0x2 mcc_generated_files/adc/src/adc0.o
                0x00000000008079a0                ADC0_resrdy_cb

.bss.ADC0_window_cb
                0x00000000008079a2        0x2
 .bss.ADC0_window_cb
                0x00000000008079a2        0x2 mcc_generated_files/adc/src/adc0.o
                0x00000000008079a2                ADC0_window_cb

.bss.CTR_19_InterruptHandler
                0x00000000008079a4        0x2
 .bss.CTR_19_InterruptHandler
                0x00000000008079a4        0x2 mcc_generated_files/system/src/pins.o

.bss.CTR_18_InterruptHandler
                0x00000000008079a6        0x2
 .bss.CTR_18_InterruptHandler
                0x00000000008079a6        0x2 mcc_generated_files/system/src/pins.o

.bss.CTR_17_InterruptHandler
                0x00000000008079a8        0x2
 .bss.CTR_17_InterruptHandler
                0x00000000008079a8        0x2 mcc_generated_files/system/src/pins.o

.bss.CTR_16_InterruptHandler
                0x00000000008079aa        0x2
 .bss.CTR_16_InterruptHandler
                0x00000000008079aa        0x2 mcc_generated_files/system/src/pins.o

.bss.CTR_15_InterruptHandler
                0x00000000008079ac        0x2
 .bss.CTR_15_InterruptHandler
                0x00000000008079ac        0x2 mcc_generated_files/system/src/pins.o

.bss.CTR_14_InterruptHandler
                0x00000000008079ae        0x2
 .bss.CTR_14_InterruptHandler
                0x00000000008079ae        0x2 mcc_generated_files/system/src/pins.o

.bss.CTR_13_InterruptHandler
                0x00000000008079b0        0x2
 .bss.CTR_13_InterruptHandler
                0x00000000008079b0        0x2 mcc_generated_files/system/src/pins.o

.bss.ADC_19_InterruptHandler
                0x00000000008079b2        0x2
 .bss.ADC_19_InterruptHandler
                0x00000000008079b2        0x2 mcc_generated_files/system/src/pins.o

.bss.ADC_18_InterruptHandler
                0x00000000008079b4        0x2
 .bss.ADC_18_InterruptHandler
                0x00000000008079b4        0x2 mcc_generated_files/system/src/pins.o

.bss.ADC_17_InterruptHandler
                0x00000000008079b6        0x2
 .bss.ADC_17_InterruptHandler
                0x00000000008079b6        0x2 mcc_generated_files/system/src/pins.o

.bss.ADC_16_InterruptHandler
                0x00000000008079b8        0x2
 .bss.ADC_16_InterruptHandler
                0x00000000008079b8        0x2 mcc_generated_files/system/src/pins.o

.bss.ADC_15_InterruptHandler
                0x00000000008079ba        0x2
 .bss.ADC_15_InterruptHandler
                0x00000000008079ba        0x2 mcc_generated_files/system/src/pins.o

.bss.ADC_14_InterruptHandler
                0x00000000008079bc        0x2
 .bss.ADC_14_InterruptHandler
                0x00000000008079bc        0x2 mcc_generated_files/system/src/pins.o

.bss.ADC_13_InterruptHandler
                0x00000000008079be        0x2
 .bss.ADC_13_InterruptHandler
                0x00000000008079be        0x2 mcc_generated_files/system/src/pins.o

.bss.ADC_12_InterruptHandler
                0x00000000008079c0        0x2
 .bss.ADC_12_InterruptHandler
                0x00000000008079c0        0x2 mcc_generated_files/system/src/pins.o

.bss.ADC_11_InterruptHandler
                0x00000000008079c2        0x2
 .bss.ADC_11_InterruptHandler
                0x00000000008079c2        0x2 mcc_generated_files/system/src/pins.o

.bss.ADC_10_InterruptHandler
                0x00000000008079c4        0x2
 .bss.ADC_10_InterruptHandler
                0x00000000008079c4        0x2 mcc_generated_files/system/src/pins.o

.bss.ADC_9_InterruptHandler
                0x00000000008079c6        0x2
 .bss.ADC_9_InterruptHandler
                0x00000000008079c6        0x2 mcc_generated_files/system/src/pins.o

.bss.ADC_8_InterruptHandler
                0x00000000008079c8        0x2
 .bss.ADC_8_InterruptHandler
                0x00000000008079c8        0x2 mcc_generated_files/system/src/pins.o

.bss.ADC_7_InterruptHandler
                0x00000000008079ca        0x2
 .bss.ADC_7_InterruptHandler
                0x00000000008079ca        0x2 mcc_generated_files/system/src/pins.o

.bss.ADC_6_InterruptHandler
                0x00000000008079cc        0x2
 .bss.ADC_6_InterruptHandler
                0x00000000008079cc        0x2 mcc_generated_files/system/src/pins.o

.bss.ADC_5_InterruptHandler
                0x00000000008079ce        0x2
 .bss.ADC_5_InterruptHandler
                0x00000000008079ce        0x2 mcc_generated_files/system/src/pins.o

.bss.ADC_4_InterruptHandler
                0x00000000008079d0        0x2
 .bss.ADC_4_InterruptHandler
                0x00000000008079d0        0x2 mcc_generated_files/system/src/pins.o

.bss.ADC_3_InterruptHandler
                0x00000000008079d2        0x2
 .bss.ADC_3_InterruptHandler
                0x00000000008079d2        0x2 mcc_generated_files/system/src/pins.o

.bss.ADC_2_InterruptHandler
                0x00000000008079d4        0x2
 .bss.ADC_2_InterruptHandler
                0x00000000008079d4        0x2 mcc_generated_files/system/src/pins.o

.bss.ADC_1_InterruptHandler
                0x00000000008079d6        0x2
 .bss.ADC_1_InterruptHandler
                0x00000000008079d6        0x2 mcc_generated_files/system/src/pins.o

.bss.ADC_0_InterruptHandler
                0x00000000008079d8        0x2
 .bss.ADC_0_InterruptHandler
                0x00000000008079d8        0x2 mcc_generated_files/system/src/pins.o

.bss.CTR_12_InterruptHandler
                0x00000000008079da        0x2
 .bss.CTR_12_InterruptHandler
                0x00000000008079da        0x2 mcc_generated_files/system/src/pins.o

.bss.CTR_11_InterruptHandler
                0x00000000008079dc        0x2
 .bss.CTR_11_InterruptHandler
                0x00000000008079dc        0x2 mcc_generated_files/system/src/pins.o

.bss.CTR_10_InterruptHandler
                0x00000000008079de        0x2
 .bss.CTR_10_InterruptHandler
                0x00000000008079de        0x2 mcc_generated_files/system/src/pins.o

.bss.CTR_9_InterruptHandler
                0x00000000008079e0        0x2
 .bss.CTR_9_InterruptHandler
                0x00000000008079e0        0x2 mcc_generated_files/system/src/pins.o

.bss.CTR_8_InterruptHandler
                0x00000000008079e2        0x2
 .bss.CTR_8_InterruptHandler
                0x00000000008079e2        0x2 mcc_generated_files/system/src/pins.o

.bss.CTR_7_InterruptHandler
                0x00000000008079e4        0x2
 .bss.CTR_7_InterruptHandler
                0x00000000008079e4        0x2 mcc_generated_files/system/src/pins.o

.bss.CTR_6_InterruptHandler
                0x00000000008079e6        0x2
 .bss.CTR_6_InterruptHandler
                0x00000000008079e6        0x2 mcc_generated_files/system/src/pins.o

.bss.CTR_5_InterruptHandler
                0x00000000008079e8        0x2
 .bss.CTR_5_InterruptHandler
                0x00000000008079e8        0x2 mcc_generated_files/system/src/pins.o

.bss.CTR_4_InterruptHandler
                0x00000000008079ea        0x2
 .bss.CTR_4_InterruptHandler
                0x00000000008079ea        0x2 mcc_generated_files/system/src/pins.o

.bss.CTR_3_InterruptHandler
                0x00000000008079ec        0x2
 .bss.CTR_3_InterruptHandler
                0x00000000008079ec        0x2 mcc_generated_files/system/src/pins.o

.bss.CTR_2_InterruptHandler
                0x00000000008079ee        0x2
 .bss.CTR_2_InterruptHandler
                0x00000000008079ee        0x2 mcc_generated_files/system/src/pins.o

.bss.CTR_1_InterruptHandler
                0x00000000008079f0        0x2
 .bss.CTR_1_InterruptHandler
                0x00000000008079f0        0x2 mcc_generated_files/system/src/pins.o

.bss.CTR_0_InterruptHandler
                0x00000000008079f2        0x2
 .bss.CTR_0_InterruptHandler
                0x00000000008079f2        0x2 mcc_generated_files/system/src/pins.o

.bss.end.1483   0x00000000008079f4        0x2
 .bss.end.1483  0x00000000008079f4        0x2 c:/program files/microchip/xc8/v2.36/avr/bin/../lib/gcc/avr/5.4.0/../../../../avr/lib/avrxmega4/memx-const/mapped\libc.a(lite_malloc.o)

.bss.cur.1482   0x00000000008079f6        0x2
 .bss.cur.1482  0x00000000008079f6        0x2 c:/program files/microchip/xc8/v2.36/avr/bin/../lib/gcc/avr/5.4.0/../../../../avr/lib/avrxmega4/memx-const/mapped\libc.a(lite_malloc.o)

.bss.__brkval   0x00000000008079f8        0x2
 .bss.__brkval  0x00000000008079f8        0x2 c:/program files/microchip/xc8/v2.36/avr/bin/../lib/gcc/avr/5.4.0/../../../../avr/lib/avrxmega4/memx-const/mapped\libc.a(expand_heap.o)

.rodata         0x0000000000808278      0x199 load address 0x0000000000000278
 .rodata        0x0000000000808278      0x199 main.o

.rodata         0x0000000000808411       0xad load address 0x0000000000000411
 .rodata        0x0000000000808411       0xad hmi_mcu_com.o

.rodata         0x00000000008084be        0x5 load address 0x00000000000004be
 .rodata        0x00000000008084be        0x5 fat.o

.text._FAT_dirRegister
                0x00000000000004c4      0x770
 .text._FAT_dirRegister
                0x00000000000004c4      0x770 fat.o

.text.__printf_core
                0x0000000000000c34      0x734
 .text.__printf_core
                0x0000000000000c34      0x734 c:/program files/microchip/xc8/v2.36/avr/bin/../lib/gcc/avr/5.4.0/../../../../avr/lib/avrxmega4/memx-const/mapped\libc.a(__printf_core.o)
                0x0000000000000c34                __printf_core

.text.__fmt_fp  0x0000000000001368      0x680
 .text.__fmt_fp
                0x0000000000001368      0x680 c:/program files/microchip/xc8/v2.36/avr/bin/../lib/gcc/avr/5.4.0/../../../../avr/lib/avrxmega4/memx-const/mapped\libc.a(__fmt_fp.o)
                0x0000000000001368                __fmt_f_needed
                0x0000000000001368                __fmt_fp

.text.SD_testing
                0x00000000000019e8      0x674
 .text.SD_testing
                0x00000000000019e8      0x674 main.o
                0x00000000000019e8                SD_testing

.text.SD_characterization
                0x000000000000205c      0x656
 .text.SD_characterization
                0x000000000000205c      0x656 main.o
                0x000000000000205c                SD_characterization

.text.main      0x00000000000026b2      0x4dc
 .text.main     0x00000000000026b2      0x4dc main.o
                0x00000000000026b2                main

.text.FAT_mountVolume
                0x0000000000002b8e      0x3ec
 .text.FAT_mountVolume
                0x0000000000002b8e      0x3ec fat.o
                0x0000000000002b8e                FAT_mountVolume

.text.__vector_9
                0x0000000000002f7a      0x37e
 .text.__vector_9
                0x0000000000002f7a      0x37e hmi_mcu_com.o
                0x0000000000002f7a                __vector_9

.text.check_adc_within_range
                0x00000000000032f8      0x308
 .text.check_adc_within_range
                0x00000000000032f8      0x308 main.o
                0x00000000000032f8                check_adc_within_range

.text.FAT_fwrite
                0x0000000000003600      0x292
 .text.FAT_fwrite
                0x0000000000003600      0x292 fat.o
                0x0000000000003600                FAT_fwrite

.text.__fmt_x   0x0000000000003892      0x280
 .text.__fmt_x  0x0000000000003892      0x280 c:/program files/microchip/xc8/v2.36/avr/bin/../lib/gcc/avr/5.4.0/../../../../avr/lib/avrxmega4/memx-const/mapped\libc.a(__fmt_x.o)
                0x0000000000003892                __fmt_x_needed
                0x0000000000003892                __fmt_x

.text.PIN_MANAGER_Initialize
                0x0000000000003b12      0x270
 .text.PIN_MANAGER_Initialize
                0x0000000000003b12      0x270 mcc_generated_files/system/src/pins.o
                0x0000000000003b12                PIN_MANAGER_Initialize

.text._FAT_tableReadSet
                0x0000000000003d82      0x264
 .text._FAT_tableReadSet
                0x0000000000003d82      0x264 fat.o

.text._FAT_followPath
                0x0000000000003fe6      0x254
 .text._FAT_followPath
                0x0000000000003fe6      0x254 fat.o

.text.FAT_findNext
                0x000000000000423a      0x24c
 .text.FAT_findNext
                0x000000000000423a      0x24c fat.o
                0x000000000000423a                FAT_findNext

.text.parseHmiData
                0x0000000000004486      0x230
 .text.parseHmiData
                0x0000000000004486      0x230 hmi_mcu_com.o
                0x0000000000004486                parseHmiData

.text._FAT_createSFN
                0x00000000000046b6      0x1e2
 .text._FAT_createSFN
                0x00000000000046b6      0x1e2 fat.o

.text.FAT_fseek
                0x0000000000004898      0x18a
 .text.FAT_fseek
                0x0000000000004898      0x18a fat.o
                0x0000000000004898                FAT_fseek

.text.transmitHmi
                0x0000000000004a22      0x182
 .text.transmitHmi
                0x0000000000004a22      0x182 hmi_mcu_com.o
                0x0000000000004a22                transmitHmi

.text.__fmt_d   0x0000000000004ba4      0x17e
 .text.__fmt_d  0x0000000000004ba4      0x17e c:/program files/microchip/xc8/v2.36/avr/bin/../lib/gcc/avr/5.4.0/../../../../avr/lib/avrxmega4/memx-const/mapped\libc.a(__fmt_d.o)
                0x0000000000004ba4                __fmt_d
                0x0000000000004ba4                __fmt_d_needed

.text.__pop_int
                0x0000000000004d22      0x172
 .text.__pop_int
                0x0000000000004d22      0x172 c:/program files/microchip/xc8/v2.36/avr/bin/../lib/gcc/avr/5.4.0/../../../../avr/lib/avrxmega4/memx-const/mapped\libc.a(__pop_int.o)
                0x0000000000004d22                __pop_int_needed
                0x0000000000004d22                __pop_int

.text.FAT_tableFindFree
                0x0000000000004e94      0x164
 .text.FAT_tableFindFree
                0x0000000000004e94      0x164 fat.o

.text.sd_init   0x0000000000004ff8      0x15c
 .text.sd_init  0x0000000000004ff8      0x15c AVR_sd.o
                0x0000000000004ff8                sd_init

.text.__cvt_u   0x0000000000005154      0x14a
 .text.__cvt_u  0x0000000000005154      0x14a c:/program files/microchip/xc8/v2.36/avr/bin/../lib/gcc/avr/5.4.0/../../../../avr/lib/avrxmega4/memx-const/mapped\libc.a(__fmt_u.o)
                0x0000000000005154                __cvt_u

.text.fmaf      0x000000000000529e      0x13c
 .text.fmaf     0x000000000000529e      0x13c c:/program files/microchip/xc8/v2.36/avr/bin/../lib/gcc/avr/5.4.0/../../../../avr/lib/avrxmega4/memx-const/mapped\libm.a(fmaf.o)
                0x000000000000529e                fmaf

.text.getTime   0x00000000000053da      0x138
 .text.getTime  0x00000000000053da      0x138 hmi_mcu_com.o
                0x00000000000053da                getTime

.text.ceilf     0x0000000000005512      0x126
 .text.ceilf    0x0000000000005512      0x126 c:/program files/microchip/xc8/v2.36/avr/bin/../lib/gcc/avr/5.4.0/../../../../avr/lib/avrxmega4/memx-const/mapped\libm.a(ceilf.o)
                0x0000000000005512                ceilf
                0x0000000000005512                ceill
                0x0000000000005512                ceil

.text.floorf    0x0000000000005638      0x126
 .text.floorf   0x0000000000005638      0x126 c:/program files/microchip/xc8/v2.36/avr/bin/../lib/gcc/avr/5.4.0/../../../../avr/lib/avrxmega4/memx-const/mapped\libm.a(floorf.o)
                0x0000000000005638                floorf

.text.__vector_32
                0x000000000000575e      0x11c
 .text.__vector_32
                0x000000000000575e      0x11c hmi_mcu_com.o
                0x000000000000575e                __vector_32

.text.sd_write_single_block
                0x000000000000587a      0x108
 .text.sd_write_single_block
                0x000000000000587a      0x108 AVR_sd.o
                0x000000000000587a                sd_write_single_block

.text.characterize
                0x0000000000005982       0xe8
 .text.characterize
                0x0000000000005982       0xe8 main.o
                0x0000000000005982                characterize

.text.sd_read_single_block
                0x0000000000005a6a       0xe4
 .text.sd_read_single_block
                0x0000000000005a6a       0xe4 AVR_sd.o
                0x0000000000005a6a                sd_read_single_block

.text           0x0000000000005b4e       0xde
 .text          0x0000000000005b4e       0xde c:/program files/microchip/xc8/v2.36/avr/bin/../lib/gcc/avr/5.4.0/../../../../avr/lib/avrxmega4/memx-const/mapped\libm.a(divsf3x.o)
                0x0000000000005b4e                __divsf3x
                0x0000000000005b76                __divsf3_pse

.text.__simple_malloc
                0x0000000000005c2c       0xda
 .text.__simple_malloc
                0x0000000000005c2c       0xda c:/program files/microchip/xc8/v2.36/avr/bin/../lib/gcc/avr/5.4.0/../../../../avr/lib/avrxmega4/memx-const/mapped\libc.a(lite_malloc.o)
                0x0000000000005c2c                __malloc0
                0x0000000000005c2c                __simple_malloc
                0x0000000000005c2c                malloc

.text._FAT_updateFileInfo
                0x0000000000005d06       0xd8
 .text._FAT_updateFileInfo
                0x0000000000005d06       0xd8 fat.o

.text.__pop_ptr
                0x0000000000005dde       0xd8
 .text.__pop_ptr
                0x0000000000005dde       0xd8 c:/program files/microchip/xc8/v2.36/avr/bin/../lib/gcc/avr/5.4.0/../../../../avr/lib/avrxmega4/memx-const/mapped\libc.a(__pop_ptr.o)
                0x0000000000005dde                __pop_ptr
                0x0000000000005dde                __pop_ptr_needed

.text           0x0000000000005eb6       0xd4
 .text          0x0000000000005eb6       0xd4 c:/program files/microchip/xc8/v2.36/avr/bin/../lib/gcc/avr/5.4.0/../../../../avr/lib/avrxmega4/memx-const/mapped\libm.a(mulsf3x.o)
                0x0000000000005eb6                __mulsf3x
                0x0000000000005edc                __mulsf3_pse

.text.__fmt_o   0x0000000000005f8a       0xd2
 .text.__fmt_o  0x0000000000005f8a       0xd2 c:/program files/microchip/xc8/v2.36/avr/bin/../lib/gcc/avr/5.4.0/../../../../avr/lib/avrxmega4/memx-const/mapped\libc.a(__fmt_o.o)
                0x0000000000005f8a                __fmt_o
                0x0000000000005f8a                __fmt_o_needed

.text           0x000000000000605c       0xce
 .text          0x000000000000605c       0xce c:/program files/microchip/xc8/v2.36/avr/bin/../lib/gcc/avr/5.4.0/../../../../avr/lib/avrxmega4/memx-const/mapped\libm.a(addsf3x.o)
                0x000000000000605c                __addsf3x

.text.FAT_getLabel
                0x000000000000612a       0xca
 .text.FAT_getLabel
                0x000000000000612a       0xca fat.o
                0x000000000000612a                FAT_getLabel

.text._FAT_getFileNextSector
                0x00000000000061f4       0xc8
 .text._FAT_getFileNextSector
                0x00000000000061f4       0xc8 fat.o

.text.__vector_24
                0x00000000000062bc       0xc0
 .text.__vector_24
                0x00000000000062bc       0xc0 mcc_generated_files/system/src/pins.o
                0x00000000000062bc                __vector_24

.text.__vector_46
                0x000000000000637c       0xc0
 .text.__vector_46
                0x000000000000637c       0xc0 mcc_generated_files/system/src/pins.o
                0x000000000000637c                __vector_46

.text.convertRate
                0x000000000000643c       0xbc
 .text.convertRate
                0x000000000000643c       0xbc hmi_mcu_com.o
                0x000000000000643c                convertRate

.text.EVSYS_Initialize
                0x00000000000064f8       0xbc
 .text.EVSYS_Initialize
                0x00000000000064f8       0xbc mcc_generated_files/peripheral/src/evsys.o
                0x00000000000064f8                EVSYS_Initialize

.text.__vector_59
                0x00000000000065b4       0xb2
 .text.__vector_59
                0x00000000000065b4       0xb2 mcc_generated_files/system/src/pins.o
                0x00000000000065b4                __vector_59

.text.__fmt_u   0x0000000000006666       0xae
 .text.__fmt_u  0x0000000000006666       0xae c:/program files/microchip/xc8/v2.36/avr/bin/../lib/gcc/avr/5.4.0/../../../../avr/lib/avrxmega4/memx-const/mapped\libc.a(__fmt_u.o)
                0x0000000000006666                __fmt_u_needed
                0x0000000000006666                __fmt_u

.text.__vector_45
                0x0000000000006714       0xa4
 .text.__vector_45
                0x0000000000006714       0xa4 mcc_generated_files/system/src/pins.o
                0x0000000000006714                __vector_45

.text.__vector_30
                0x00000000000067b8       0xa4
 .text.__vector_30
                0x00000000000067b8       0xa4 mcc_generated_files/system/src/pins.o
                0x00000000000067b8                __vector_30

.text.__pad     0x000000000000685c       0xa4
 .text.__pad    0x000000000000685c       0xa4 c:/program files/microchip/xc8/v2.36/avr/bin/../lib/gcc/avr/5.4.0/../../../../avr/lib/avrxmega4/memx-const/mapped\libc.a(__printf_core.o)
                0x000000000000685c                __pad

.text.libgcc.div
                0x0000000000006900       0xa2
 .text.libgcc.div
                0x0000000000006900       0xa2 c:/program files/microchip/xc8/v2.36/avr/bin/../lib/gcc/avr/5.4.0/avrxmega4/memx-const/mapped\libgcc.a(_udivmod64.o)
                0x0000000000006900                __udivmod64

.text._FAT_allocateCluster
                0x00000000000069a2       0xa0
 .text._FAT_allocateCluster
                0x00000000000069a2       0xa0 fat.o

.text.fputc     0x0000000000006a42       0x92
 .text.fputc    0x0000000000006a42       0x92 c:/program files/microchip/xc8/v2.36/avr/bin/../lib/gcc/avr/5.4.0/../../../../avr/lib/avrxmega4/memx-const/mapped\libc.a(fputc.o)
                0x0000000000006a42                fputc
                0x0000000000006a42                putc

.text._FAT_parse_long_names
                0x0000000000006ad4       0x90
 .text._FAT_parse_long_names
                0x0000000000006ad4       0x90 fat.o

.text.CLOCK_Initialize
                0x0000000000006b64       0x8e
 .text.CLOCK_Initialize
                0x0000000000006b64       0x8e mcc_generated_files/system/src/clock.o
                0x0000000000006b64                CLOCK_Initialize

.text.FAT_fopen
                0x0000000000006bf2       0x8a
 .text.FAT_fopen
                0x0000000000006bf2       0x8a fat.o
                0x0000000000006bf2                FAT_fopen

.text.__vector_35
                0x0000000000006c7c       0x88
 .text.__vector_35
                0x0000000000006c7c       0x88 mcc_generated_files/system/src/pins.o
                0x0000000000006c7c                __vector_35

.text._FAT_nextFileCluster
                0x0000000000006d04       0x86
 .text._FAT_nextFileCluster
                0x0000000000006d04       0x86 fat.o

.text.FAT_fsync
                0x0000000000006d8a       0x80
 .text.FAT_fsync
                0x0000000000006d8a       0x80 fat.o
                0x0000000000006d8a                FAT_fsync

.text.sd_command_ACMD41
                0x0000000000006e0a       0x7c
 .text.sd_command_ACMD41
                0x0000000000006e0a       0x7c AVR_sd.o

.text           0x0000000000006e86       0x7a
 .text          0x0000000000006e86       0x7a c:/program files/microchip/xc8/v2.36/avr/bin/../lib/gcc/avr/5.4.0/../../../../avr/lib/avrxmega4/memx-const/mapped\libm.a(floatsisf.o)
                0x0000000000006e86                __floatunsisf
                0x0000000000006e8a                __floatsisf

.text._FAT_clearCluster
                0x0000000000006f00       0x78
 .text._FAT_clearCluster
                0x0000000000006f00       0x78 fat.o

.text.__vsnprintf
                0x0000000000006f78       0x74
 .text.__vsnprintf
                0x0000000000006f78       0x74 c:/program files/microchip/xc8/v2.36/avr/bin/../lib/gcc/avr/5.4.0/../../../../avr/lib/avrxmega4/memx-const/mapped\libc.a(__int_vsnprintf.o)
                0x0000000000006f78                __vsnprintf

.text.atoi      0x0000000000006fec       0x72
 .text.atoi     0x0000000000006fec       0x72 c:/program files/microchip/xc8/v2.36/avr/bin/../lib/gcc/avr/5.4.0/../../../../avr/lib/avrxmega4/memx-const/mapped\libc.a(atoi.o)
                0x0000000000006fec                atoi

.text._FAT_getSFN
                0x000000000000705e       0x70
 .text._FAT_getSFN
                0x000000000000705e       0x70 fat.o

.text.__expand_heap
                0x00000000000070ce       0x6e
 .text.__expand_heap
                0x00000000000070ce       0x6e c:/program files/microchip/xc8/v2.36/avr/bin/../lib/gcc/avr/5.4.0/../../../../avr/lib/avrxmega4/memx-const/mapped\libc.a(expand_heap.o)
                0x00000000000070ce                __expand_heap

.text.setADCInput
                0x000000000000713c       0x6c
 .text.setADCInput
                0x000000000000713c       0x6c main.o
                0x000000000000713c                setADCInput

.text.__fmt_s   0x00000000000071a8       0x68
 .text.__fmt_s  0x00000000000071a8       0x68 c:/program files/microchip/xc8/v2.36/avr/bin/../lib/gcc/avr/5.4.0/../../../../avr/lib/avrxmega4/memx-const/mapped\libc.a(__fmt_s.o)
                0x00000000000071a8                __fmt_s
                0x00000000000071a8                __fmt_0_needed
                0x00000000000071a8                __fmt_s_needed

.text._FAT_parse_long_names_
                0x0000000000007210       0x64
 .text._FAT_parse_long_names_
                0x0000000000007210       0x64 fat.o

.text._FAT_stringLFN
                0x0000000000007274       0x62
 .text._FAT_stringLFN
                0x0000000000007274       0x62 fat.o

.text._FAT_moveWindow
                0x00000000000072d6       0x62
 .text._FAT_moveWindow
                0x00000000000072d6       0x62 fat.o

.text.FAT_openDir
                0x0000000000007338       0x62
 .text.FAT_openDir
                0x0000000000007338       0x62 fat.o
                0x0000000000007338                FAT_openDir

.text.setOutput
                0x000000000000739a       0x60
 .text.setOutput
                0x000000000000739a       0x60 main.o
                0x000000000000739a                setOutput

.text.setInput  0x00000000000073fa       0x60
 .text.setInput
                0x00000000000073fa       0x60 main.o
                0x00000000000073fa                setInput

.text.setHigh   0x000000000000745a       0x60
 .text.setHigh  0x000000000000745a       0x60 main.o
                0x000000000000745a                setHigh

.text.setLow    0x00000000000074ba       0x60
 .text.setLow   0x00000000000074ba       0x60 main.o
                0x00000000000074ba                setLow

.text.__vector_27
                0x000000000000751a       0x60
 .text.__vector_27
                0x000000000000751a       0x60 mcc_generated_files/adc/src/adc0.o
                0x000000000000751a                __vector_27

.text.__vector_26
                0x000000000000757a       0x60
 .text.__vector_26
                0x000000000000757a       0x60 mcc_generated_files/adc/src/adc0.o
                0x000000000000757a                __vector_26

.text.ch_process_adc_conversion
                0x00000000000075da       0x5e
 .text.ch_process_adc_conversion
                0x00000000000075da       0x5e main.o
                0x00000000000075da                ch_process_adc_conversion

.text.__vector_8
                0x0000000000007638       0x5e
 .text.__vector_8
                0x0000000000007638       0x5e mcc_generated_files/system/src/pins.o
                0x0000000000007638                __vector_8

.text           0x0000000000007696       0x5e
 .text          0x0000000000007696       0x5e c:/program files/microchip/xc8/v2.36/avr/bin/../lib/gcc/avr/5.4.0/../../../../avr/lib/avrxmega4/memx-const/mapped\libm.a(fixunssfsi.o)
                0x0000000000007696                __fixunssfsi

.text.parseHmiInt
                0x00000000000076f4       0x5c
 .text.parseHmiInt
                0x00000000000076f4       0x5c hmi_mcu_com.o
                0x00000000000076f4                parseHmiInt

.text.parseHmiString
                0x0000000000007750       0x4e
 .text.parseHmiString
                0x0000000000007750       0x4e hmi_mcu_com.o
                0x0000000000007750                parseHmiString

.text._FAT_clusterToSector
                0x000000000000779e       0x4a
 .text._FAT_clusterToSector
                0x000000000000779e       0x4a fat.o

.text           0x00000000000077e8       0x48
 .text          0x00000000000077e8       0x48 c:/program files/microchip/xc8/v2.36/avr/bin/../lib/gcc/avr/5.4.0/../../../../avr/lib/avrxmega4/memx-const/mapped\libm.a(fp_cmp.o)
                0x00000000000077e8                __fp_cmp

.text.sd_command
                0x0000000000007830       0x46
 .text.sd_command
                0x0000000000007830       0x46 AVR_sd.o

.text           0x0000000000007876       0x44
 .text          0x0000000000007876       0x44 c:/program files/microchip/xc8/v2.36/avr/bin/../lib/gcc/avr/5.4.0/../../../../avr/lib/avrxmega4/memx-const/mapped\libm.a(fp_split3.o)
                0x0000000000007876                __fp_split3
                0x0000000000007886                __fp_splitA

.text.libgcc.div
                0x00000000000078ba       0x44
 .text.libgcc.div
                0x00000000000078ba       0x44 c:/program files/microchip/xc8/v2.36/avr/bin/../lib/gcc/avr/5.4.0/avrxmega4/memx-const/mapped\libgcc.a(_udivmodsi4.o)
                0x00000000000078ba                __udivmodsi4

.text._FAT_freset
                0x00000000000078fe       0x40
 .text._FAT_freset
                0x00000000000078fe       0x40 fat.o

.text.__fmt_state
                0x000000000000793e       0x40
 .text.__fmt_state
                0x000000000000793e       0x40 c:/program files/microchip/xc8/v2.36/avr/bin/../lib/gcc/avr/5.4.0/../../../../avr/lib/avrxmega4/memx-const/mapped\libc.a(__printf_core.o)
                0x000000000000793e                __fmt_state

.text.__pop_float
                0x000000000000797e       0x40
 .text.__pop_float
                0x000000000000797e       0x40 c:/program files/microchip/xc8/v2.36/avr/bin/../lib/gcc/avr/5.4.0/../../../../avr/lib/avrxmega4/memx-const/mapped\libc.a(__pop_float.o)
                0x000000000000797e                __pop_float_needed
                0x000000000000797e                __pop_float

.text.libgcc.builtins
                0x00000000000079be       0x3c
 .text.libgcc.builtins
                0x00000000000079be       0x3c c:/program files/microchip/xc8/v2.36/avr/bin/../lib/gcc/avr/5.4.0/avrxmega4/memx-const/mapped\libgcc.a(_ashrdi3.o)
                0x00000000000079be                __ashrdi3
                0x00000000000079c2                __lshrdi3

.text.FAT_dirCountItems
                0x00000000000079fa       0x3a
 .text.FAT_dirCountItems
                0x00000000000079fa       0x3a fat.o
                0x00000000000079fa                FAT_dirCountItems

.text.TCA0_Initialize
                0x0000000000007a34       0x3a
 .text.TCA0_Initialize
                0x0000000000007a34       0x3a mcc_generated_files/timer/src/tca0.o
                0x0000000000007a34                TCA0_Initialize

.text.__out     0x0000000000007a6e       0x3a
 .text.__out    0x0000000000007a6e       0x3a c:/program files/microchip/xc8/v2.36/avr/bin/../lib/gcc/avr/5.4.0/../../../../avr/lib/avrxmega4/memx-const/mapped\libc.a(__printf_core.o)
                0x0000000000007a6e                __out

.text.SPI_Init  0x0000000000007aa8       0x36
 .text.SPI_Init
                0x0000000000007aa8       0x36 AVR_sd.o

.text.strncpy   0x0000000000007ade       0x34
 .text.strncpy  0x0000000000007ade       0x34 c:/program files/microchip/xc8/v2.36/avr/bin/../lib/gcc/avr/5.4.0/../../../../avr/lib/avrxmega4/memx-const/mapped\libc.a(strncpy.o)
                0x0000000000007ade                strncpy

.text.FAT_findByIndex
                0x0000000000007b12       0x32
 .text.FAT_findByIndex
                0x0000000000007b12       0x32 fat.o
                0x0000000000007b12                FAT_findByIndex

.text.libgcc.prologue
                0x0000000000007b44       0x32
 .text.libgcc.prologue
                0x0000000000007b44       0x32 c:/program files/microchip/xc8/v2.36/avr/bin/../lib/gcc/avr/5.4.0/avrxmega4/memx-const/mapped\libgcc.a(_prologue.o)
                0x0000000000007b44                __prologue_saves__

.text.libgcc.prologue
                0x0000000000007b76       0x30
 .text.libgcc.prologue
                0x0000000000007b76       0x30 c:/program files/microchip/xc8/v2.36/avr/bin/../lib/gcc/avr/5.4.0/avrxmega4/memx-const/mapped\libgcc.a(_epilogue.o)
                0x0000000000007b76                __epilogue_restores__

.text.__vfprintf
                0x0000000000007ba6       0x30
 .text.__vfprintf
                0x0000000000007ba6       0x30 c:/program files/microchip/xc8/v2.36/avr/bin/../lib/gcc/avr/5.4.0/../../../../avr/lib/avrxmega4/memx-const/mapped\libc.a(__int_vfprintf.o)
                0x0000000000007ba6                __vfprintf

.text.sd_read_response3_7
                0x0000000000007bd6       0x2e
 .text.sd_read_response3_7
                0x0000000000007bd6       0x2e AVR_sd.o

.text.FAT_fwriteString
                0x0000000000007c04       0x2e
 .text.FAT_fwriteString
                0x0000000000007c04       0x2e fat.o
                0x0000000000007c04                FAT_fwriteString

.text.ADC0_Initialize
                0x0000000000007c32       0x2c
 .text.ADC0_Initialize
                0x0000000000007c32       0x2c mcc_generated_files/adc/src/adc0.o
                0x0000000000007c32                ADC0_Initialize

.text.process_adc_conversion
                0x0000000000007c5e       0x2a
 .text.process_adc_conversion
                0x0000000000007c5e       0x2a main.o
                0x0000000000007c5e                process_adc_conversion

.text.ChkSum    0x0000000000007c88       0x28
 .text.ChkSum   0x0000000000007c88       0x28 fat.o

.text.libgcc.div
                0x0000000000007cb0       0x28
 .text.libgcc.div
                0x0000000000007cb0       0x28 c:/program files/microchip/xc8/v2.36/avr/bin/../lib/gcc/avr/5.4.0/avrxmega4/memx-const/mapped\libgcc.a(_udivmodhi4.o)
                0x0000000000007cb0                __udivmodhi4

.text.libgcc.div
                0x0000000000007cd8       0x28
 .text.libgcc.div
                0x0000000000007cd8       0x28 c:/program files/microchip/xc8/v2.36/avr/bin/../lib/gcc/avr/5.4.0/avrxmega4/memx-const/mapped\libgcc.a(_divmodhi4.o)
                0x0000000000007cd8                _div
                0x0000000000007cd8                __divmodhi4

.text.initUSART1
                0x0000000000007d00       0x26
 .text.initUSART1
                0x0000000000007d00       0x26 hmi_mcu_com.o
                0x0000000000007d00                initUSART1

.text.__wrap_sprintf
                0x0000000000007d26       0x24
 .text.__wrap_sprintf
                0x0000000000007d26       0x24 c:/program files/microchip/xc8/v2.36/avr/bin/../lib/gcc/avr/5.4.0/../../../../avr/lib/avrxmega4/memx-const/mapped\libc.a(__sio_sprintf_dfosux.o)
                0x0000000000007d26                _sprintf_cdeEfFnopsuxX
                0x0000000000007d26                _sprintf_cdeEgGnopsuxX
                0x0000000000007d26                _sprintf_cdfFgGnopsuxX
                0x0000000000007d26                _sprintf_cdgGnopsuxX
                0x0000000000007d26                _sprintf_cdeEfFgGnopsuxX
                0x0000000000007d26                _sprintf_cdeEnopsuxX
                0x0000000000007d26                _sprintf_cdfFnopsuxX

.text.__wrap_sprintf
                0x0000000000007d4a       0x24
 .text.__wrap_sprintf
                0x0000000000007d4a       0x24 c:/program files/microchip/xc8/v2.36/avr/bin/../lib/gcc/avr/5.4.0/../../../../avr/lib/avrxmega4/memx-const/mapped\libc.a(__sio_sprintf_dosux.o)
                0x0000000000007d4a                _sprintf_cdnopsuxX

.text           0x0000000000007d6e       0x22
 .text          0x0000000000007d6e       0x22 c:/program files/microchip/xc8/v2.36/avr/bin/../lib/gcc/avr/5.4.0/../../../../avr/lib/avrxmega4/memx-const/mapped\libm.a(fp_round.o)
                0x0000000000007d6e                __fp_round

.text.libgcc.mul
                0x0000000000007d90       0x20
 .text.libgcc.mul
                0x0000000000007d90       0x20 c:/program files/microchip/xc8/v2.36/avr/bin/../lib/gcc/avr/5.4.0/avrxmega4/memx-const/mapped\libgcc.a(_mulsi3.o)
                0x0000000000007d90                __mulsi3

.text.libgcc    0x0000000000007db0       0x20
 .text.libgcc   0x0000000000007db0       0x20 c:/program files/microchip/xc8/v2.36/avr/bin/../lib/gcc/avr/5.4.0/avrxmega4/memx-const/mapped\libgcc.a(_negdi2.o)
                0x0000000000007db0                __negdi2

.text._FAT_fillBufferArray
                0x0000000000007dd0       0x1e
 .text._FAT_fillBufferArray
                0x0000000000007dd0       0x1e fat.o

.text.SYSTEM_Initialize
                0x0000000000007dee       0x1e
 .text.SYSTEM_Initialize
                0x0000000000007dee       0x1e mcc_generated_files/system/src/system.o
                0x0000000000007dee                SYSTEM_Initialize

.text.libgcc.mul
                0x0000000000007e0c       0x1e
 .text.libgcc.mul
                0x0000000000007e0c       0x1e c:/program files/microchip/xc8/v2.36/avr/bin/../lib/gcc/avr/5.4.0/avrxmega4/memx-const/mapped\libgcc.a(_umulhisi3.o)
                0x0000000000007e0c                __umulhisi3

.text.libgcc.div
                0x0000000000007e2a       0x1c
 .text.libgcc.div
                0x0000000000007e2a       0x1c c:/program files/microchip/xc8/v2.36/avr/bin/../lib/gcc/avr/5.4.0/avrxmega4/memx-const/mapped\libgcc.a(_udivdi3.o)
                0x0000000000007e2a                __umoddi3
                0x0000000000007e2e                __udivdi3
                0x0000000000007e30                __udivdi3_umoddi3

.text.strcmp    0x0000000000007e46       0x1c
 .text.strcmp   0x0000000000007e46       0x1c c:/program files/microchip/xc8/v2.36/avr/bin/../lib/gcc/avr/5.4.0/../../../../avr/lib/avrxmega4/memx-const/mapped\libc.a(strcmp.o)
                0x0000000000007e46                strcmp

.text.strlen    0x0000000000007e62       0x1c
 .text.strlen   0x0000000000007e62       0x1c c:/program files/microchip/xc8/v2.36/avr/bin/../lib/gcc/avr/5.4.0/../../../../avr/lib/avrxmega4/memx-const/mapped\libc.a(strlen.o)
                0x0000000000007e62                strlen

.text.sd_assert_cs
                0x0000000000007e7e       0x18
 .text.sd_assert_cs
                0x0000000000007e7e       0x18 AVR_sd.o

.text.sd_deassert_cs
                0x0000000000007e96       0x18
 .text.sd_deassert_cs
                0x0000000000007e96       0x18 AVR_sd.o

.text.SPI_ReceiveByte
                0x0000000000007eae       0x18
 .text.SPI_ReceiveByte
                0x0000000000007eae       0x18 AVR_sd.o

.text.sd_read_response1
                0x0000000000007ec6       0x18
 .text.sd_read_response1
                0x0000000000007ec6       0x18 AVR_sd.o

.text.CPUINT_Initialize
                0x0000000000007ede       0x18
 .text.CPUINT_Initialize
                0x0000000000007ede       0x18 mcc_generated_files/system/src/interrupt.o
                0x0000000000007ede                CPUINT_Initialize

.text.libgcc    0x0000000000007ef6       0x18
 .text.libgcc   0x0000000000007ef6       0x18 c:/program files/microchip/xc8/v2.36/avr/bin/../lib/gcc/avr/5.4.0/avrxmega4/memx-const/mapped\libgcc.a(_cmpdi2_s8.o)
                0x0000000000007ef6                __cmpdi2_s8

.text.libgcc    0x0000000000007f0e       0x18
 .text.libgcc   0x0000000000007f0e       0x18 c:/program files/microchip/xc8/v2.36/avr/bin/../lib/gcc/avr/5.4.0/avrxmega4/memx-const/mapped\libgcc.a(_adddi3_s8.o)
                0x0000000000007f0e                __adddi3_s8

.text.initTimer1s
                0x0000000000007f26       0x16
 .text.initTimer1s
                0x0000000000007f26       0x16 hmi_mcu_com.o
                0x0000000000007f26                initTimer1s

.text.libgcc.mul
                0x0000000000007f3c       0x16
 .text.libgcc.mul
                0x0000000000007f3c       0x16 c:/program files/microchip/xc8/v2.36/avr/bin/../lib/gcc/avr/5.4.0/avrxmega4/memx-const/mapped\libgcc.a(_muluhisi3.o)
                0x0000000000007f3c                __muluhisi3

.text.exit      0x0000000000007f52       0x16
 .text.exit     0x0000000000007f52       0x16 c:/program files/microchip/xc8/v2.36/avr/bin/../lib/gcc/avr/5.4.0/../../../../avr/lib/avrxmega4/memx-const/mapped\libc.a(exit.o)
                0x0000000000007f52                exit

.text.MATH_remainder
                0x0000000000007f68       0x14
 .text.MATH_remainder
                0x0000000000007f68       0x14 fat.o

.text.VREF_Initialize
                0x0000000000007f7c       0x12
 .text.VREF_Initialize
                0x0000000000007f7c       0x12 mcc_generated_files/vref/src/vref.o
                0x0000000000007f7c                VREF_Initialize

.text.libgcc    0x0000000000007f8e       0x12
 .text.libgcc   0x0000000000007f8e       0x12 c:/program files/microchip/xc8/v2.36/avr/bin/../lib/gcc/avr/5.4.0/avrxmega4/memx-const/mapped\libgcc.a(_tablejump2.o)
                0x0000000000007f8e                __tablejump2__

.text.memset    0x0000000000007fa0       0x12
 .text.memset   0x0000000000007fa0       0x12 c:/program files/microchip/xc8/v2.36/avr/bin/../lib/gcc/avr/5.4.0/../../../../avr/lib/avrxmega4/memx-const/mapped\libc.a(memset.o)
                0x0000000000007fa0                memset

.text.toupper   0x0000000000007fb2       0x12
 .text.toupper  0x0000000000007fb2       0x12 c:/program files/microchip/xc8/v2.36/avr/bin/../lib/gcc/avr/5.4.0/../../../../avr/lib/avrxmega4/memx-const/mapped\libc.a(toupper.o)
                0x0000000000007fb2                toupper

.text.FAT_fseekEnd
                0x0000000000007fc4       0x10
 .text.FAT_fseekEnd
                0x0000000000007fc4       0x10 fat.o
                0x0000000000007fc4                FAT_fseekEnd

.text.strcpy    0x0000000000007fd4       0x10
 .text.strcpy   0x0000000000007fd4       0x10 c:/program files/microchip/xc8/v2.36/avr/bin/../lib/gcc/avr/5.4.0/../../../../avr/lib/avrxmega4/memx-const/mapped\libc.a(strcpy.o)
                0x0000000000007fd4                strcpy

.text.tolower   0x0000000000007fe4       0x10
 .text.tolower  0x0000000000007fe4       0x10 c:/program files/microchip/xc8/v2.36/avr/bin/../lib/gcc/avr/5.4.0/../../../../avr/lib/avrxmega4/memx-const/mapped\libc.a(tolower.o)
                0x0000000000007fe4                tolower

.text.clk_init  0x0000000000007ff4        0xe
 .text.clk_init
                0x0000000000007ff4        0xe main.o
                0x0000000000007ff4                clk_init

.text           0x0000000000008002        0xe
 .text          0x0000000000008002        0xe c:/program files/microchip/xc8/v2.36/avr/bin/../lib/gcc/avr/5.4.0/../../../../avr/lib/avrxmega4/memx-const/mapped\libm.a(addsf3.o)
                0x0000000000008002                __subsf3
                0x0000000000008004                __addsf3

.text           0x0000000000008010        0xe
 .text          0x0000000000008010        0xe c:/program files/microchip/xc8/v2.36/avr/bin/../lib/gcc/avr/5.4.0/../../../../avr/lib/avrxmega4/memx-const/mapped\libm.a(fixsfsi.o)
                0x0000000000008010                __fixsfsi

.text           0x000000000000801e        0xe
 .text          0x000000000000801e        0xe c:/program files/microchip/xc8/v2.36/avr/bin/../lib/gcc/avr/5.4.0/../../../../avr/lib/avrxmega4/memx-const/mapped\libm.a(fp_pscA.o)
                0x000000000000801e                __fp_pscA

.text           0x000000000000802c        0xe