Archive member included to satisfy reference by file (symbol)

c:/program files/microchip/xc8/v2.36/avr/bin/../lib/gcc/avr/5.4.0/../../../../avr/lib/avrxmega4/memx-const/mapped\libm.a(addsf3.o)
                              fat.o (__subsf3)
c:/program files/microchip/xc8/v2.36/avr/bin/../lib/gcc/avr/5.4.0/../../../../avr/lib/avrxmega4/memx-const/mapped\libm.a(addsf3x.o)
                              c:/program files/microchip/xc8/v2.36/avr/bin/../lib/gcc/avr/5.4.0/../../../../avr/lib/avrxmega4/memx-const/mapped\libm.a(addsf3.o) (__addsf3x)
c:/program files/microchip/xc8/v2.36/avr/bin/../lib/gcc/avr/5.4.0/../../../../avr/lib/avrxmega4/memx-const/mapped\libm.a(cmpsf2.o)
                              AVR_sd.o (__nesf2)
c:/program files/microchip/xc8/v2.36/avr/bin/../lib/gcc/avr/5.4.0/../../../../avr/lib/avrxmega4/memx-const/mapped\libm.a(divsf3.o)
                              fat.o (__divsf3)
c:/program files/microchip/xc8/v2.36/avr/bin/../lib/gcc/avr/5.4.0/../../../../avr/lib/avrxmega4/memx-const/mapped\libm.a(divsf3x.o)
                              c:/program files/microchip/xc8/v2.36/avr/bin/../lib/gcc/avr/5.4.0/../../../../avr/lib/avrxmega4/memx-const/mapped\libm.a(divsf3.o) (__divsf3x)
c:/program files/microchip/xc8/v2.36/avr/bin/../lib/gcc/avr/5.4.0/../../../../avr/lib/avrxmega4/memx-const/mapped\libm.a(fixsfdi.o)
                              utils.o (__fixsfdi)
c:/program files/microchip/xc8/v2.36/avr/bin/../lib/gcc/avr/5.4.0/../../../../avr/lib/avrxmega4/memx-const/mapped\libm.a(fixsfsi.o)
                              utils.o (__fixsfsi)
c:/program files/microchip/xc8/v2.36/avr/bin/../lib/gcc/avr/5.4.0/../../../../avr/lib/avrxmega4/memx-const/mapped\libm.a(fixunssfsi.o)
                              fat.o (__fixunssfsi)
c:/program files/microchip/xc8/v2.36/avr/bin/../lib/gcc/avr/5.4.0/../../../../avr/lib/avrxmega4/memx-const/mapped\libm.a(floatsisf.o)
                              AVR_sd.o (__floatunsisf)
c:/program files/microchip/xc8/v2.36/avr/bin/../lib/gcc/avr/5.4.0/../../../../avr/lib/avrxmega4/memx-const/mapped\libm.a(floatundisf.o)
                              fat.o (__floatundisf)
c:/program files/microchip/xc8/v2.36/avr/bin/../lib/gcc/avr/5.4.0/../../../../avr/lib/avrxmega4/memx-const/mapped\libm.a(fp_cmp.o)
                              c:/program files/microchip/xc8/v2.36/avr/bin/../lib/gcc/avr/5.4.0/../../../../avr/lib/avrxmega4/memx-const/mapped\libm.a(cmpsf2.o) (__fp_cmp)
c:/program files/microchip/xc8/v2.36/avr/bin/../lib/gcc/avr/5.4.0/../../../../avr/lib/avrxmega4/memx-const/mapped\libm.a(fp_inf.o)
                              c:/program files/microchip/xc8/v2.36/avr/bin/../lib/gcc/avr/5.4.0/../../../../avr/lib/avrxmega4/memx-const/mapped\libm.a(addsf3x.o) (__fp_inf)
c:/program files/microchip/xc8/v2.36/avr/bin/../lib/gcc/avr/5.4.0/../../../../avr/lib/avrxmega4/memx-const/mapped\libm.a(fp_nan.o)
                              c:/program files/microchip/xc8/v2.36/avr/bin/../lib/gcc/avr/5.4.0/../../../../avr/lib/avrxmega4/memx-const/mapped\libm.a(addsf3x.o) (__fp_nan)
c:/program files/microchip/xc8/v2.36/avr/bin/../lib/gcc/avr/5.4.0/../../../../avr/lib/avrxmega4/memx-const/mapped\libm.a(fp_negdi.o)
                              c:/program files/microchip/xc8/v2.36/avr/bin/../lib/gcc/avr/5.4.0/../../../../avr/lib/avrxmega4/memx-const/mapped\libm.a(fixsfdi.o) (__fp_negdi)
c:/program files/microchip/xc8/v2.36/avr/bin/../lib/gcc/avr/5.4.0/../../../../avr/lib/avrxmega4/memx-const/mapped\libm.a(fp_pscA.o)
                              c:/program files/microchip/xc8/v2.36/avr/bin/../lib/gcc/avr/5.4.0/../../../../avr/lib/avrxmega4/memx-const/mapped\libm.a(addsf3x.o) (__fp_pscA)
c:/program files/microchip/xc8/v2.36/avr/bin/../lib/gcc/avr/5.4.0/../../../../avr/lib/avrxmega4/memx-const/mapped\libm.a(fp_pscB.o)
                              c:/program files/microchip/xc8/v2.36/avr/bin/../lib/gcc/avr/5.4.0/../../../../avr/lib/avrxmega4/memx-const/mapped\libm.a(addsf3x.o) (__fp_pscB)
c:/program files/microchip/xc8/v2.36/avr/bin/../lib/gcc/avr/5.4.0/../../../../avr/lib/avrxmega4/memx-const/mapped\libm.a(fp_round.o)
                              c:/program files/microchip/xc8/v2.36/avr/bin/../lib/gcc/avr/5.4.0/../../../../avr/lib/avrxmega4/memx-const/mapped\libm.a(addsf3.o) (__fp_round)
c:/program files/microchip/xc8/v2.36/avr/bin/../lib/gcc/avr/5.4.0/../../../../avr/lib/avrxmega4/memx-const/mapped\libm.a(fp_split3.o)
                              c:/program files/microchip/xc8/v2.36/avr/bin/../lib/gcc/avr/5.4.0/../../../../avr/lib/avrxmega4/memx-const/mapped\libm.a(addsf3x.o) (__fp_split3)
c:/program files/microchip/xc8/v2.36/avr/bin/../lib/gcc/avr/5.4.0/../../../../avr/lib/avrxmega4/memx-const/mapped\libm.a(fp_zero.o)
                              c:/program files/microchip/xc8/v2.36/avr/bin/../lib/gcc/avr/5.4.0/../../../../avr/lib/avrxmega4/memx-const/mapped\libm.a(addsf3x.o) (__fp_zero)
[...]
Memory Configuration

Name             Origin             Length             Attributes
text             0x0000000000000000 0x0000000000020000 xr
data             0x0000000000804000 0x0000000000004000 rw !x
eeprom           0x0000000000810000 0x0000000000000200 rw !x
fuse             0x0000000000820000 0x0000000000000010 rw !x
lock             0x0000000000830000 0x0000000000000400 rw !x
signature        0x0000000000840000 0x0000000000000400 rw !x
user_signatures  0x0000000000850000 0x0000000000000400 rw !x
*default*        0x0000000000000000 0xffffffffffffffff

Linker script and memory map

Address of section .data set to 0x804000
                0x0000000000008000                __RODATA_PM_OFFSET__ = 0x8000
LOAD C:/Program Files (x86)/Atmel/Studio/7.0/Packs/Atmel/AVR-Dx_DFP/2.7.321/xc8/avr/lib/avrxmega4/memx-const/mapped/crtavr128db64.o
LOAD AVR_sd.o
LOAD fat.o
LOAD global_consts_vars.o
LOAD hmi_mcu_com.o
LOAD main.o
LOAD mcc_generated_files/adc/src/adc0.o
LOAD mcc_generated_files/peripheral/src/evsys.o
LOAD mcc_generated_files/system/src/clock.o
LOAD mcc_generated_files/system/src/config_bits.o
LOAD mcc_generated_files/system/src/interrupt.o
LOAD mcc_generated_files/system/src/pins.o
LOAD mcc_generated_files/system/src/protected_io.o
LOAD mcc_generated_files/system/src/system.o
LOAD mcc_generated_files/timer/src/tca0.o
LOAD mcc_generated_files/vref/src/vref.o
LOAD utils.o
START GROUP
LOAD c:/program files/microchip/xc8/v2.36/avr/bin/../lib/gcc/avr/5.4.0/../../../../avr/lib/avrxmega4/memx-const/mapped\libm.a
END GROUP
START GROUP
LOAD c:/program files/microchip/xc8/v2.36/avr/bin/../lib/gcc/avr/5.4.0/avrxmega4/memx-const/mapped\libgcc.a
LOAD c:/program files/microchip/xc8/v2.36/avr/bin/../lib/gcc/avr/5.4.0/../../../../avr/lib/avrxmega4/memx-const/mapped\libm.a
LOAD c:/program files/microchip/xc8/v2.36/avr/bin/../lib/gcc/avr/5.4.0/../../../../avr/lib/avrxmega4/memx-const/mapped\libc.a
LOAD C:/Program Files (x86)/Atmel/Studio/7.0/Packs/Atmel/AVR-Dx_DFP/2.7.321/xc8/avr/lib/avrxmega4/memx-const/mapped\libavr128db64.a
END GROUP
                [0x0000000000000000]                __TEXT_REGION_ORIGIN__ = DEFINED (__TEXT_REGION_ORIGIN__)?__TEXT_REGION_ORIGIN__:0x0
                [0x0000000000804000]                __DATA_REGION_ORIGIN__ = DEFINED (__DATA_REGION_ORIGIN__)?__DATA_REGION_ORIGIN__:0x802000
                [0x0000000000020000]                __TEXT_REGION_LENGTH__ = DEFINED (__TEXT_REGION_LENGTH__)?__TEXT_REGION_LENGTH__:0x100000
                [0x0000000000004000]                __DATA_REGION_LENGTH__ = DEFINED (__DATA_REGION_LENGTH__)?__DATA_REGION_LENGTH__:0xffa0
                [0x0000000000000200]                __EEPROM_REGION_LENGTH__ = DEFINED (__EEPROM_REGION_LENGTH__)?__EEPROM_REGION_LENGTH__:0x10000
                [0x0000000000000010]                __FUSE_REGION_LENGTH__ = DEFINED (__FUSE_REGION_LENGTH__)?__FUSE_REGION_LENGTH__:0x400
                0x0000000000000400                __LOCK_REGION_LENGTH__ = DEFINED (__LOCK_REGION_LENGTH__)?__LOCK_REGION_LENGTH__:0x400
                0x0000000000000400                __SIGNATURE_REGION_LENGTH__ = DEFINED (__SIGNATURE_REGION_LENGTH__)?__SIGNATURE_REGION_LENGTH__:0x400
                0x0000000000000400                __USER_SIGNATURE_REGION_LENGTH__ = DEFINED (__USER_SIGNATURE_REGION_LENGTH__)?__USER_SIGNATURE_REGION_LENGTH__:0x400

.hash
 *(.hash)

.dynsym
 *(.dynsym)

.dynstr
 *(.dynstr)

.gnu.version
 *(.gnu.version)

.gnu.version_d
 *(.gnu.version_d)

.gnu.version_r
 *(.gnu.version_r)

.rel.init
 *(.rel.init)

.rela.init
 *(.rela.init)

.rel.text
 *(.rel.text)
 *(.rel.text.*)
 *(.rel.gnu.linkonce.t*)

.rela.text
 *(.rela.text)
 *(.rela.text.*)
 *(.rela.gnu.linkonce.t*)

.rel.fini
 *(.rel.fini)

.rela.fini
 *(.rela.fini)

.rel.rodata
 *(.rel.rodata)
 *(.rel.rodata.*)
 *(.rel.gnu.linkonce.r*)

.rela.rodata
 *(.rela.rodata)
 *(.rela.rodata.*)
 *(.rela.gnu.linkonce.r*)

.rel.data
 *(.rel.data)
 *(.rel.data.*)
 *(.rel.gnu.linkonce.d*)

.rela.data
 *(.rela.data)
 *(.rela.data.*)
 *(.rela.gnu.linkonce.d*)

.rel.ctors
 *(.rel.ctors)

.rela.ctors
 *(.rela.ctors)

.rel.dtors
 *(.rel.dtors)

.rela.dtors
 *(.rela.dtors)

.rel.got
 *(.rel.got)

.rela.got
 *(.rela.got)

.rel.bss
 *(.rel.bss)

.rela.bss
 *(.rela.bss)

.rel.plt
 *(.rel.plt)

.rela.plt
 *(.rela.plt)

.text           0x0000000000000000      0x248
 *(.vectors)
 .vectors       0x0000000000000000      0x104 C:/Program Files (x86)/Atmel/Studio/7.0/Packs/Atmel/AVR-Dx_DFP/2.7.321/xc8/avr/lib/avrxmega4/memx-const/mapped/crtavr128db64.o
                0x0000000000000000                __vector_default
                0x0000000000000000                __vectors
 *(.vectors)
 *(.progmem.gcc*)
 .progmem.gcc_sw_table.setADCInput
                0x0000000000000104       0x28 main.o
 .progmem.gcc_sw_table.setOutput
                0x000000000000012c       0x28 main.o
 .progmem.gcc_sw_table.setInput
                0x0000000000000154       0x28 main.o
 .progmem.gcc_sw_table.setHigh
                0x000000000000017c       0x28 main.o
 .progmem.gcc_sw_table.setLow
                0x00000000000001a4       0x28 main.o
 *(.dinit)
 .dinit         0x00000000000001cc       0x11 data_init
                0x00000000000001de                . = ALIGN (0x2)
 *fill*         0x00000000000001dd        0x1 
                0x00000000000001de                __trampolines_start = .
 *(.trampolines)
 .trampolines   0x00000000000001de        0x0 linker stubs
 *(.trampolines*)
                0x00000000000001de                __trampolines_end = .
 *libprintf_flt.a:*(.progmem.data)
 *libc.a:*(.progmem.data)
                0x00000000000001de                . = ALIGN (0x2)
 *(.jumptables)
 *(.jumptables*)
 *(.lowtext)
 *(.lowtext*)
                0x00000000000001de                __ctors_start = .
 *(.ctors)
                0x00000000000001de                __ctors_end = .
                0x00000000000001de                __dtors_start = .
 *(.dtors)
                0x00000000000001de                __dtors_end = .
 SORT(*)(.ctors)
 SORT(*)(.dtors)
 *(.init0)
 .init0         0x00000000000001de        0x0 C:/Program Files (x86)/Atmel/Studio/7.0/Packs/Atmel/AVR-Dx_DFP/2.7.321/xc8/avr/lib/avrxmega4/memx-const/mapped/crtavr128db64.o
                0x00000000000001de                __init
 *(.init0)
 *(.init1)
 .init1         0x00000000000001de       0x12 C:/Program Files (x86)/Atmel/Studio/7.0/Packs/Atmel/AVR-Dx_DFP/2.7.321/xc8/avr/lib/avrxmega4/memx-const/mapped/crtavr128db64.o
 *(.init1)
 *(.init2)
 .init2         0x00000000000001f0        0xc C:/Program Files (x86)/Atmel/Studio/7.0/Packs/Atmel/AVR-Dx_DFP/2.7.321/xc8/avr/lib/avrxmega4/memx-const/mapped/crtavr128db64.o
 *(.init2)
 *(.init3)
 *(.init3)
 *(.init4)
 .init4         0x00000000000001fc       0x40 c:/program files/microchip/xc8/v2.36/avr/bin/../lib/gcc/avr/5.4.0/avrxmega4/memx-const/mapped\libgcc.a(_copy_data.o)
                0x00000000000001fc                __do_copy_data
                0x000000000000022e                __do_clear_bss
 *(.init4)
 *(.init5)
 *(.init5)
 *(.init6)
 *(.init6)
 *(.init7)
 *(.init7)
 *(.init8)
 *(.init8)
 *(.init9)
 .init9         0x000000000000023c        0x8 C:/Program Files (x86)/Atmel/Studio/7.0/Packs/Atmel/AVR-Dx_DFP/2.7.321/xc8/avr/lib/avrxmega4/memx-const/mapped/crtavr128db64.o
 *(.init9)
                0x0000000000000244                . = ALIGN (0x2)
 *(.fini9)
 .fini9         0x0000000000000244        0x0 c:/program files/microchip/xc8/v2.36/avr/bin/../lib/gcc/avr/5.4.0/avrxmega4/memx-const/mapped\libgcc.a(_exit.o)
                0x0000000000000244                _exit
 *(.fini9)
 *(.fini8)
 *(.fini8)
 *(.fini7)
 *(.fini7)
 *(.fini6)
 *(.fini6)
 *(.fini5)
 *(.fini5)
 *(.fini4)
 *(.fini4)
 *(.fini3)
 *(.fini3)
 *(.fini2)
 *(.fini2)
 *(.fini1)
 *(.fini1)
 *(.fini0)
 .fini0         0x0000000000000244        0x4 c:/program files/microchip/xc8/v2.36/avr/bin/../lib/gcc/avr/5.4.0/avrxmega4/memx-const/mapped\libgcc.a(_exit.o)
 *(.fini0)
                0x0000000000000248                _etext = .

.data           0x0000000000804000        0x0 load address 0x0000000000000248
                [!provide]                        PROVIDE (__data_start, .)
 *(.gnu.linkonce.d*)
 *(.gnu.linkonce.r*)
                0x0000000000804000                . = ALIGN (0x2)
                0x0000000000804000                _edata = .
                [!provide]                        PROVIDE (__data_end, .)

.bss            0x0000000000804000      0x3ef
                [!provide]                        PROVIDE (__bss_start, .)
 *(COMMON)
 COMMON         0x0000000000804000      0x202 AVR_sd.o
                0x0000000000804000                SD_ResponseToken
                0x0000000000804001                SD_Buffer
 COMMON         0x0000000000804202      0x12c global_consts_vars.o
                0x0000000000804202                receiveData3
                0x0000000000804234                receiveData
                0x0000000000804266                transmitData
                0x0000000000804298                terminalBuffer
                0x00000000008042ca                hmiBuffer
                0x00000000008042fc                transmitData3
 COMMON         0x000000000080432e       0xbf main.o
                0x000000000080432e                voltage
                0x0000000000804332                file
                0x0000000000804359                adc_data
                0x00000000008043d1                dir
 COMMON         0x00000000008043ed        0x2 c:/program files/microchip/xc8/v2.36/avr/bin/../lib/gcc/avr/5.4.0/../../../../avr/lib/avrxmega4/memx-const/mapped\libc.a(errno.o)
                0x00000000008043ed                __errno_val
                [!provide]                        PROVIDE (__bss_end, .)
                0x0000000000000248                __data_load_start = LOADADDR (.data)
                0x0000000000000248                __data_load_end = (__data_load_start + SIZEOF (.data))

.noinit         0x00000000008043ef        0x0
                [!provide]                        PROVIDE (__noinit_start, .)
 *(.noinit*)
                [!provide]                        PROVIDE (__noinit_end, .)
                0x00000000008043ef                _end = .

.eeprom         0x0000000000810000        0x0
 *(.eeprom*)
                0x0000000000810000                __eeprom_end = .

.fuse           0x0000000000820000        0x9
 *(.fuse)
 .fuse          0x0000000000820000        0x9 mcc_generated_files/system/src/config_bits.o
                0x0000000000820000                __fuse
 *(.lfuse)
 *(.hfuse)
 *(.efuse)

.lock
 *(.lock*)

.signature
 *(.signature*)

.user_signatures
 *(.user_signatures*)

.stab
 *(.stab)

.stabstr
 *(.stabstr)

.stab.excl
 *(.stab.excl)

.stab.exclstr
 *(.stab.exclstr)

.stab.index
 *(.stab.index)

.stab.indexstr
 *(.stab.indexstr)

.comment        0x0000000000000000       0x2f
 *(.comment)
 .comment       0x0000000000000000       0x2f AVR_sd.o
                                         0x30 (size before relaxing)
 .comment       0x000000000000002f       0x30 fat.o
 .comment       0x000000000000002f       0x30 global_consts_vars.o
 .comment       0x000000000000002f       0x30 hmi_mcu_com.o
 .comment       0x000000000000002f       0x30 main.o
 .comment       0x000000000000002f       0x30 mcc_generated_files/adc/src/adc0.o
 .comment       0x000000000000002f       0x30 mcc_generated_files/peripheral/src/evsys.o
 .comment       0x000000000000002f       0x30 mcc_generated_files/system/src/clock.o
 .comment       0x000000000000002f       0x30 mcc_generated_files/system/src/config_bits.o
 .comment       0x000000000000002f       0x30 mcc_generated_files/system/src/interrupt.o
 .comment       0x000000000000002f       0x30 mcc_generated_files/system/src/pins.o
 .comment       0x000000000000002f       0x30 mcc_generated_files/system/src/system.o
 .comment       0x000000000000002f       0x30 mcc_generated_files/timer/src/tca0.o
 .comment       0x000000000000002f       0x30 mcc_generated_files/vref/src/vref.o
 .comment       0x000000000000002f       0x30 c:/program files/microchip/xc8/v2.36/avr/bin/../lib/gcc/avr/5.4.0/../../../../avr/lib/avrxmega4/memx-const/mapped\libc.a(exit.o)
 .comment       0x000000000000002f       0x30 c:/program files/microchip/xc8/v2.36/avr/bin/../lib/gcc/avr/5.4.0/../../../../avr/lib/avrxmega4/memx-const/mapped\libc.a(__sio_sprintf_dfoux.o)
 .comment       0x000000000000002f       0x30 c:/program files/microchip/xc8/v2.36/avr/bin/../lib/gcc/avr/5.4.0/../../../../avr/lib/avrxmega4/memx-const/mapped\libc.a(__sio_sprintf_dosux.o)
 .comment       0x000000000000002f       0x30 c:/program files/microchip/xc8/v2.36/avr/bin/../lib/gcc/avr/5.4.0/../../../../avr/lib/avrxmega4/memx-const/mapped\libc.a(__fmt_fp.o)
 .comment       0x000000000000002f       0x30 c:/program files/microchip/xc8/v2.36/avr/bin/../lib/gcc/avr/5.4.0/../../../../avr/lib/avrxmega4/memx-const/mapped\libc.a(__fmt_s.o)
 .comment       0x000000000000002f       0x30 c:/program files/microchip/xc8/v2.36/avr/bin/../lib/gcc/avr/5.4.0/../../../../avr/lib/avrxmega4/memx-const/mapped\libc.a(__printf_core.o)
 .comment       0x000000000000002f       0x30 c:/program files/microchip/xc8/v2.36/avr/bin/../lib/gcc/avr/5.4.0/../../../../avr/lib/avrxmega4/memx-const/mapped\libc.a(fputc.o)
 .comment       0x000000000000002f       0x30 c:/program files/microchip/xc8/v2.36/avr/bin/../lib/gcc/avr/5.4.0/../../../../avr/lib/avrxmega4/memx-const/mapped\libc.a(__fmt_d.o)
 .comment       0x000000000000002f       0x30 c:/program files/microchip/xc8/v2.36/avr/bin/../lib/gcc/avr/5.4.0/../../../../avr/lib/avrxmega4/memx-const/mapped\libc.a(__fmt_o.o)
 .comment       0x000000000000002f       0x30 c:/program files/microchip/xc8/v2.36/avr/bin/../lib/gcc/avr/5.4.0/../../../../avr/lib/avrxmega4/memx-const/mapped\libc.a(__fmt_u.o)
 .comment       0x000000000000002f       0x30 c:/program files/microchip/xc8/v2.36/avr/bin/../lib/gcc/avr/5.4.0/../../../../avr/lib/avrxmega4/memx-const/mapped\libc.a(__fmt_x.o)
 .comment       0x000000000000002f       0x30 c:/program files/microchip/xc8/v2.36/avr/bin/../lib/gcc/avr/5.4.0/../../../../avr/lib/avrxmega4/memx-const/mapped\libc.a(__pop_float.o)
 .comment       0x000000000000002f       0x30 c:/program files/microchip/xc8/v2.36/avr/bin/../lib/gcc/avr/5.4.0/../../../../avr/lib/avrxmega4/memx-const/mapped\libc.a(__pop_int.o)
 .comment       0x000000000000002f       0x30 c:/program files/microchip/xc8/v2.36/avr/bin/../lib/gcc/avr/5.4.0/../../../../avr/lib/avrxmega4/memx-const/mapped\libc.a(__pop_ptr.o)
 .comment       0x000000000000002f       0x30 c:/program files/microchip/xc8/v2.36/avr/bin/../lib/gcc/avr/5.4.0/../../../../avr/lib/avrxmega4/memx-const/mapped\libc.a(atoi.o)
 .comment       0x000000000000002f       0x30 c:/program files/microchip/xc8/v2.36/avr/bin/../lib/gcc/avr/5.4.0/../../../../avr/lib/avrxmega4/memx-const/mapped\libc.a(memset.o)
 .comment       0x000000000000002f       0x30 c:/program files/microchip/xc8/v2.36/avr/bin/../lib/gcc/avr/5.4.0/../../../../avr/lib/avrxmega4/memx-const/mapped\libc.a(strcpy.o)
 .comment       0x000000000000002f       0x30 c:/program files/microchip/xc8/v2.36/avr/bin/../lib/gcc/avr/5.4.0/../../../../avr/lib/avrxmega4/memx-const/mapped\libc.a(strlen.o)
 .comment       0x000000000000002f       0x30 c:/program files/microchip/xc8/v2.36/avr/bin/../lib/gcc/avr/5.4.0/../../../../avr/lib/avrxmega4/memx-const/mapped\libc.a(tolower.o)
 .comment       0x000000000000002f       0x30 c:/program files/microchip/xc8/v2.36/avr/bin/../lib/gcc/avr/5.4.0/../../../../avr/lib/avrxmega4/memx-const/mapped\libc.a(toupper.o)
 .comment       0x000000000000002f       0x30 c:/program files/microchip/xc8/v2.36/avr/bin/../lib/gcc/avr/5.4.0/../../../../avr/lib/avrxmega4/memx-const/mapped\libc.a(errno.o)
 .comment       0x000000000000002f       0x30 c:/program files/microchip/xc8/v2.36/avr/bin/../lib/gcc/avr/5.4.0/../../../../avr/lib/avrxmega4/memx-const/mapped\libc.a(_Exit.o)
 .comment       0x000000000000002f       0x30 c:/program files/microchip/xc8/v2.36/avr/bin/../lib/gcc/avr/5.4.0/../../../../avr/lib/avrxmega4/memx-const/mapped\libc.a(__int_vsprintf.o)
 .comment       0x000000000000002f       0x30 c:/program files/microchip/xc8/v2.36/avr/bin/../lib/gcc/avr/5.4.0/../../../../avr/lib/avrxmega4/memx-const/mapped\libc.a(__int_vsnprintf.o)
 .comment       0x000000000000002f       0x30 c:/program files/microchip/xc8/v2.36/avr/bin/../lib/gcc/avr/5.4.0/../../../../avr/lib/avrxmega4/memx-const/mapped\libc.a(__int_vfprintf.o)
 .comment       0x000000000000002f       0x30 c:/program files/microchip/xc8/v2.36/avr/bin/../lib/gcc/avr/5.4.0/../../../../avr/lib/avrxmega4/memx-const/mapped\libm.a(floorf.o)
 .comment       0x000000000000002f       0x30 c:/program files/microchip/xc8/v2.36/avr/bin/../lib/gcc/avr/5.4.0/../../../../avr/lib/avrxmega4/memx-const/mapped\libm.a(fmaf.o)

.stack.descriptors.hdr
                0x0000000000000000      0x1ce
 .stack.descriptors.hdr
                0x0000000000000000        0xe c:/program files/microchip/xc8/v2.36/avr/bin/../lib/gcc/avr/5.4.0/../../../../avr/lib/avrxmega4/memx-const/mapped\libm.a(addsf3.o)
 .stack.descriptors.hdr
                0x000000000000000e        0xe c:/program files/microchip/xc8/v2.36/avr/bin/../lib/gcc/avr/5.4.0/../../../../avr/lib/avrxmega4/memx-const/mapped\libm.a(addsf3x.o)
 .stack.descriptors.hdr
                0x000000000000001c        0xe c:/program files/microchip/xc8/v2.36/avr/bin/../lib/gcc/avr/5.4.0/../../../../avr/lib/avrxmega4/memx-const/mapped\libm.a(cmpsf2.o)
 .stack.descriptors.hdr
                0x000000000000002a        0xe c:/program files/microchip/xc8/v2.36/avr/bin/../lib/gcc/avr/5.4.0/../../../../avr/lib/avrxmega4/memx-const/mapped\libm.a(divsf3.o)
 .stack.descriptors.hdr
                0x0000000000000038        0xe c:/program files/microchip/xc8/v2.36/avr/bin/../lib/gcc/avr/5.4.0/../../../../avr/lib/avrxmega4/memx-const/mapped\libm.a(divsf3x.o)
 .stack.descriptors.hdr
                0x0000000000000046        0xe c:/program files/microchip/xc8/v2.36/avr/bin/../lib/gcc/avr/5.4.0/../../../../avr/lib/avrxmega4/memx-const/mapped\libm.a(fixsfsi.o)
 .stack.descriptors.hdr
                0x0000000000000054        0xe c:/program files/microchip/xc8/v2.36/avr/bin/../lib/gcc/avr/5.4.0/../../../../avr/lib/avrxmega4/memx-const/mapped\libm.a(fixunssfsi.o)
 .stack.descriptors.hdr
                0x0000000000000062        0xe c:/program files/microchip/xc8/v2.36/avr/bin/../lib/gcc/avr/5.4.0/../../../../avr/lib/avrxmega4/memx-const/mapped\libm.a(floatsisf.o)
 .stack.descriptors.hdr
                0x0000000000000070        0xe c:/program files/microchip/xc8/v2.36/avr/bin/../lib/gcc/avr/5.4.0/../../../../avr/lib/avrxmega4/memx-const/mapped\libm.a(fp_cmp.o)
 .stack.descriptors.hdr
                0x000000000000007e        0xe c:/program files/microchip/xc8/v2.36/avr/bin/../lib/gcc/avr/5.4.0/../../../../avr/lib/avrxmega4/memx-const/mapped\libm.a(fp_inf.o)
 .stack.descriptors.hdr
                0x000000000000008c        0xe c:/program files/microchip/xc8/v2.36/avr/bin/../lib/gcc/avr/5.4.0/../../../../avr/lib/avrxmega4/memx-const/mapped\libm.a(fp_nan.o)
 .stack.descriptors.hdr
                0x000000000000009a        0xe c:/program files/microchip/xc8/v2.36/avr/bin/../lib/gcc/avr/5.4.0/../../../../avr/lib/avrxmega4/memx-const/mapped\libm.a(fp_pscA.o)
 .stack.descriptors.hdr
                0x00000000000000a8        0xe c:/program files/microchip/xc8/v2.36/avr/bin/../lib/gcc/avr/5.4.0/../../../../avr/lib/avrxmega4/memx-const/mapped\libm.a(fp_pscB.o)
 .stack.descriptors.hdr
                0x00000000000000b6        0xe c:/program files/microchip/xc8/v2.36/avr/bin/../lib/gcc/avr/5.4.0/../../../../avr/lib/avrxmega4/memx-const/mapped\libm.a(fp_round.o)
 .stack.descriptors.hdr
                0x00000000000000c4        0xe c:/program files/microchip/xc8/v2.36/avr/bin/../lib/gcc/avr/5.4.0/../../../../avr/lib/avrxmega4/memx-const/mapped\libm.a(fp_split3.o)
 .stack.descriptors.hdr
                0x00000000000000d2        0xe c:/program files/microchip/xc8/v2.36/avr/bin/../lib/gcc/avr/5.4.0/../../../../avr/lib/avrxmega4/memx-const/mapped\libm.a(fp_zero.o)
 .stack.descriptors.hdr
                0x00000000000000e0        0xe c:/program files/microchip/xc8/v2.36/avr/bin/../lib/gcc/avr/5.4.0/../../../../avr/lib/avrxmega4/memx-const/mapped\libm.a(gesf2.o)
 .stack.descriptors.hdr
                0x00000000000000ee        0xe c:/program files/microchip/xc8/v2.36/avr/bin/../lib/gcc/avr/5.4.0/../../../../avr/lib/avrxmega4/memx-const/mapped\libm.a(mulsf3.o)
 .stack.descriptors.hdr
                0x00000000000000fc        0xe c:/program files/microchip/xc8/v2.36/avr/bin/../lib/gcc/avr/5.4.0/../../../../avr/lib/avrxmega4/memx-const/mapped\libm.a(mulsf3x.o)
 .stack.descriptors.hdr
                0x000000000000010a        0xe c:/program files/microchip/xc8/v2.36/avr/bin/../lib/gcc/avr/5.4.0/avrxmega4/memx-const/mapped\libgcc.a(_mulsi3.o)
 .stack.descriptors.hdr
                0x0000000000000118        0xe c:/program files/microchip/xc8/v2.36/avr/bin/../lib/gcc/avr/5.4.0/avrxmega4/memx-const/mapped\libgcc.a(_udivmodhi4.o)
 .stack.descriptors.hdr
                0x0000000000000126        0xe c:/program files/microchip/xc8/v2.36/avr/bin/../lib/gcc/avr/5.4.0/avrxmega4/memx-const/mapped\libgcc.a(_udivmodsi4.o)
 .stack.descriptors.hdr
                0x0000000000000134        0xe c:/program files/microchip/xc8/v2.36/avr/bin/../lib/gcc/avr/5.4.0/avrxmega4/memx-const/mapped\libgcc.a(_tablejump2.o)
 .stack.descriptors.hdr
                0x0000000000000142        0xe c:/program files/microchip/xc8/v2.36/avr/bin/../lib/gcc/avr/5.4.0/avrxmega4/memx-const/mapped\libgcc.a(_muluhisi3.o)
 .stack.descriptors.hdr
                0x0000000000000150        0xe c:/program files/microchip/xc8/v2.36/avr/bin/../lib/gcc/avr/5.4.0/avrxmega4/memx-const/mapped\libgcc.a(_udivdi3.o)
 .stack.descriptors.hdr
                0x000000000000015e        0xe c:/program files/microchip/xc8/v2.36/avr/bin/../lib/gcc/avr/5.4.0/avrxmega4/memx-const/mapped\libgcc.a(_udivmod64.o)
 .stack.descriptors.hdr
                0x000000000000016c        0xe c:/program files/microchip/xc8/v2.36/avr/bin/../lib/gcc/avr/5.4.0/avrxmega4/memx-const/mapped\libgcc.a(_negdi2.o)
 .stack.descriptors.hdr
                0x000000000000017a        0xe c:/program files/microchip/xc8/v2.36/avr/bin/../lib/gcc/avr/5.4.0/avrxmega4/memx-const/mapped\libgcc.a(_ashrdi3.o)
 .stack.descriptors.hdr
                0x0000000000000188        0xe c:/program files/microchip/xc8/v2.36/avr/bin/../lib/gcc/avr/5.4.0/avrxmega4/memx-const/mapped\libgcc.a(_cmpdi2_s8.o)
 .stack.descriptors.hdr
                0x0000000000000196        0xe c:/program files/microchip/xc8/v2.36/avr/bin/../lib/gcc/avr/5.4.0/avrxmega4/memx-const/mapped\libgcc.a(_umulhisi3.o)
 .stack.descriptors.hdr
                0x00000000000001a4        0xe c:/program files/microchip/xc8/v2.36/avr/bin/../lib/gcc/avr/5.4.0/avrxmega4/memx-const/mapped\libgcc.a(_divmodhi4.o)
 .stack.descriptors.hdr
                0x00000000000001b2        0xe c:/program files/microchip/xc8/v2.36/avr/bin/../lib/gcc/avr/5.4.0/avrxmega4/memx-const/mapped\libgcc.a(_exit.o)
 .stack.descriptors.hdr
                0x00000000000001c0        0xe c:/program files/microchip/xc8/v2.36/avr/bin/../lib/gcc/avr/5.4.0/avrxmega4/memx-const/mapped\libgcc.a(_adddi3_s8.o)

.note.GNU-stack
                0x0000000000000000        0x0
 .note.GNU-stack
                0x0000000000000000        0x0 c:/program files/microchip/xc8/v2.36/avr/bin/../lib/gcc/avr/5.4.0/../../../../avr/lib/avrxmega4/memx-const/mapped\libm.a(addsf3.o)
 .note.GNU-stack
                0x0000000000000000        0x0 c:/program files/microchip/xc8/v2.36/avr/bin/../lib/gcc/avr/5.4.0/../../../../avr/lib/avrxmega4/memx-const/mapped\libm.a(addsf3x.o)
 .note.GNU-stack
                0x0000000000000000        0x0 c:/program files/microchip/xc8/v2.36/avr/bin/../lib/gcc/avr/5.4.0/../../../../avr/lib/avrxmega4/memx-const/mapped\libm.a(cmpsf2.o)
 .note.GNU-stack
                0x0000000000000000        0x0 c:/program files/microchip/xc8/v2.36/avr/bin/../lib/gcc/avr/5.4.0/../../../../avr/lib/avrxmega4/memx-const/mapped\libm.a(divsf3.o)
 .note.GNU-stack
                0x0000000000000000        0x0 c:/program files/microchip/xc8/v2.36/avr/bin/../lib/gcc/avr/5.4.0/../../../../avr/lib/avrxmega4/memx-const/mapped\libm.a(divsf3x.o)
 .note.GNU-stack
                0x0000000000000000        0x0 c:/program files/microchip/xc8/v2.36/avr/bin/../lib/gcc/avr/5.4.0/../../../../avr/lib/avrxmega4/memx-const/mapped\libm.a(fixsfsi.o)
 .note.GNU-stack
                0x0000000000000000        0x0 c:/program files/microchip/xc8/v2.36/avr/bin/../lib/gcc/avr/5.4.0/../../../../avr/lib/avrxmega4/memx-const/mapped\libm.a(fixunssfsi.o)
 .note.GNU-stack
                0x0000000000000000        0x0 c:/program files/microchip/xc8/v2.36/avr/bin/../lib/gcc/avr/5.4.0/../../../../avr/lib/avrxmega4/memx-const/mapped\libm.a(floatsisf.o)
 .note.GNU-stack
                0x0000000000000000        0x0 c:/program files/microchip/xc8/v2.36/avr/bin/../lib/gcc/avr/5.4.0/../../../../avr/lib/avrxmega4/memx-const/mapped\libm.a(fp_cmp.o)
 .note.GNU-stack
                0x0000000000000000        0x0 c:/program files/microchip/xc8/v2.36/avr/bin/../lib/gcc/avr/5.4.0/../../../../avr/lib/avrxmega4/memx-const/mapped\libm.a(fp_inf.o)
 .note.GNU-stack
                0x0000000000000000        0x0 c:/program files/microchip/xc8/v2.36/avr/bin/../lib/gcc/avr/5.4.0/../../../../avr/lib/avrxmega4/memx-const/mapped\libm.a(fp_nan.o)
 .note.GNU-stack
                0x0000000000000000        0x0 c:/program files/microchip/xc8/v2.36/avr/bin/../lib/gcc/avr/5.4.0/../../../../avr/lib/avrxmega4/memx-const/mapped\libm.a(fp_pscA.o)
 .note.GNU-stack
                0x0000000000000000        0x0 c:/program files/microchip/xc8/v2.36/avr/bin/../lib/gcc/avr/5.4.0/../../../../avr/lib/avrxmega4/memx-const/mapped\libm.a(fp_pscB.o)
 .note.GNU-stack
                0x0000000000000000        0x0 c:/program files/microchip/xc8/v2.36/avr/bin/../lib/gcc/avr/5.4.0/../../../../avr/lib/avrxmega4/memx-const/mapped\libm.a(fp_round.o)
 .note.GNU-stack
                0x0000000000000000        0x0 c:/program files/microchip/xc8/v2.36/avr/bin/../lib/gcc/avr/5.4.0/../../../../avr/lib/avrxmega4/memx-const/mapped\libm.a(fp_split3.o)
 .note.GNU-stack
                0x0000000000000000        0x0 c:/program files/microchip/xc8/v2.36/avr/bin/../lib/gcc/avr/5.4.0/../../../../avr/lib/avrxmega4/memx-const/mapped\libm.a(fp_zero.o)
 .note.GNU-stack
                0x0000000000000000        0x0 c:/program files/microchip/xc8/v2.36/avr/bin/../lib/gcc/avr/5.4.0/../../../../avr/lib/avrxmega4/memx-const/mapped\libm.a(gesf2.o)
 .note.GNU-stack
                0x0000000000000000        0x0 c:/program files/microchip/xc8/v2.36/avr/bin/../lib/gcc/avr/5.4.0/../../../../avr/lib/avrxmega4/memx-const/mapped\libm.a(mulsf3.o)
 .note.GNU-stack
                0x0000000000000000        0x0 c:/program files/microchip/xc8/v2.36/avr/bin/../lib/gcc/avr/5.4.0/../../../../avr/lib/avrxmega4/memx-const/mapped\libm.a(mulsf3x.o)
 .note.GNU-stack
                0x0000000000000000        0x0 c:/program files/microchip/xc8/v2.36/avr/bin/../lib/gcc/avr/5.4.0/../../../../avr/lib/avrxmega4/memx-const/mapped\libc.a(exit.o)
 .note.GNU-stack
                0x0000000000000000        0x0 c:/program files/microchip/xc8/v2.36/avr/bin/../lib/gcc/avr/5.4.0/../../../../avr/lib/avrxmega4/memx-const/mapped\libc.a(__sio_sprintf_dfoux.o)
 .note.GNU-stack
                0x0000000000000000        0x0 c:/program files/microchip/xc8/v2.36/avr/bin/../lib/gcc/avr/5.4.0/../../../../avr/lib/avrxmega4/memx-const/mapped\libc.a(__sio_sprintf_dosux.o)
 .note.GNU-stack
                0x0000000000000000        0x0 c:/program files/microchip/xc8/v2.36/avr/bin/../lib/gcc/avr/5.4.0/../../../../avr/lib/avrxmega4/memx-const/mapped\libc.a(__fmt_fp.o)
 .note.GNU-stack
                0x0000000000000000        0x0 c:/program files/microchip/xc8/v2.36/avr/bin/../lib/gcc/avr/5.4.0/../../../../avr/lib/avrxmega4/memx-const/mapped\libc.a(__fmt_s.o)
 .note.GNU-stack
                0x0000000000000000        0x0 c:/program files/microchip/xc8/v2.36/avr/bin/../lib/gcc/avr/5.4.0/../../../../avr/lib/avrxmega4/memx-const/mapped\libc.a(__printf_core.o)
 .note.GNU-stack
                0x0000000000000000        0x0 c:/program files/microchip/xc8/v2.36/avr/bin/../lib/gcc/avr/5.4.0/../../../../avr/lib/avrxmega4/memx-const/mapped\libc.a(fputc.o)
 .note.GNU-stack
                0x0000000000000000        0x0 c:/program files/microchip/xc8/v2.36/avr/bin/../lib/gcc/avr/5.4.0/../../../../avr/lib/avrxmega4/memx-const/mapped\libc.a(__fmt_d.o)
 .note.GNU-stack
                0x0000000000000000        0x0 c:/program files/microchip/xc8/v2.36/avr/bin/../lib/gcc/avr/5.4.0/../../../../avr/lib/avrxmega4/memx-const/mapped\libc.a(__fmt_o.o)
 .note.GNU-stack
                0x0000000000000000        0x0 c:/program files/microchip/xc8/v2.36/avr/bin/../lib/gcc/avr/5.4.0/../../../../avr/lib/avrxmega4/memx-const/mapped\libc.a(__fmt_u.o)
 .note.GNU-stack
                0x0000000000000000        0x0 c:/program files/microchip/xc8/v2.36/avr/bin/../lib/gcc/avr/5.4.0/../../../../avr/lib/avrxmega4/memx-const/mapped\libc.a(__fmt_x.o)
 .note.GNU-stack
                0x0000000000000000        0x0 c:/program files/microchip/xc8/v2.36/avr/bin/../lib/gcc/avr/5.4.0/../../../../avr/lib/avrxmega4/memx-const/mapped\libc.a(__pop_float.o)
 .note.GNU-stack
                0x0000000000000000        0x0 c:/program files/microchip/xc8/v2.36/avr/bin/../lib/gcc/avr/5.4.0/../../../../avr/lib/avrxmega4/memx-const/mapped\libc.a(__pop_int.o)
 .note.GNU-stack
                0x0000000000000000        0x0 c:/program files/microchip/xc8/v2.36/avr/bin/../lib/gcc/avr/5.4.0/../../../../avr/lib/avrxmega4/memx-const/mapped\libc.a(__pop_ptr.o)
 .note.GNU-stack
                0x0000000000000000        0x0 c:/program files/microchip/xc8/v2.36/avr/bin/../lib/gcc/avr/5.4.0/../../../../avr/lib/avrxmega4/memx-const/mapped\libc.a(atoi.o)
 .note.GNU-stack
                0x0000000000000000        0x0 c:/program files/microchip/xc8/v2.36/avr/bin/../lib/gcc/avr/5.4.0/../../../../avr/lib/avrxmega4/memx-const/mapped\libc.a(memset.o)
 .note.GNU-stack
                0x0000000000000000        0x0 c:/program files/microchip/xc8/v2.36/avr/bin/../lib/gcc/avr/5.4.0/../../../../avr/lib/avrxmega4/memx-const/mapped\libc.a(strcpy.o)
 .note.GNU-stack
                0x0000000000000000        0x0 c:/program files/microchip/xc8/v2.36/avr/bin/../lib/gcc/avr/5.4.0/../../../../avr/lib/avrxmega4/memx-const/mapped\libc.a(strlen.o)
 .note.GNU-stack
                0x0000000000000000        0x0 c:/program files/microchip/xc8/v2.36/avr/bin/../lib/gcc/avr/5.4.0/../../../../avr/lib/avrxmega4/memx-const/mapped\libc.a(tolower.o)
 .note.GNU-stack
                0x0000000000000000        0x0 c:/program files/microchip/xc8/v2.36/avr/bin/../lib/gcc/avr/5.4.0/../../../../avr/lib/avrxmega4/memx-const/mapped\libc.a(toupper.o)
 .note.GNU-stack
                0x0000000000000000        0x0 c:/program files/microchip/xc8/v2.36/avr/bin/../lib/gcc/avr/5.4.0/../../../../avr/lib/avrxmega4/memx-const/mapped\libc.a(errno.o)
 .note.GNU-stack
                0x0000000000000000        0x0 c:/program files/microchip/xc8/v2.36/avr/bin/../lib/gcc/avr/5.4.0/../../../../avr/lib/avrxmega4/memx-const/mapped\libc.a(_Exit.o)
 .note.GNU-stack
                0x0000000000000000        0x0 c:/program files/microchip/xc8/v2.36/avr/bin/../lib/gcc/avr/5.4.0/../../../../avr/lib/avrxmega4/memx-const/mapped\libc.a(__int_vsprintf.o)
 .note.GNU-stack
                0x0000000000000000        0x0 c:/program files/microchip/xc8/v2.36/avr/bin/../lib/gcc/avr/5.4.0/../../../../avr/lib/avrxmega4/memx-const/mapped\libc.a(__int_vsnprintf.o)
 .note.GNU-stack
                0x0000000000000000        0x0 c:/program files/microchip/xc8/v2.36/avr/bin/../lib/gcc/avr/5.4.0/../../../../avr/lib/avrxmega4/memx-const/mapped\libc.a(__int_vfprintf.o)
 .note.GNU-stack
                0x0000000000000000        0x0 c:/program files/microchip/xc8/v2.36/avr/bin/../lib/gcc/avr/5.4.0/../../../../avr/lib/avrxmega4/memx-const/mapped\libm.a(floorf.o)
 .note.GNU-stack
                0x0000000000000000        0x0 c:/program files/microchip/xc8/v2.36/avr/bin/../lib/gcc/avr/5.4.0/../../../../avr/lib/avrxmega4/memx-const/mapped\libm.a(fmaf.o)

.note.gnu.build-id
 *(.note.gnu.build-id)

.debug
 *(.debug)

.line
 *(.line)

.debug_srcinfo
 *(.debug_srcinfo)

.debug_sfnames
 *(.debug_sfnames)

.debug_aranges  0x0000000000000000      0x918
 *(.debug_aranges)
 .debug_aranges
                0x0000000000000000       0x98 AVR_sd.o
 .debug_aranges
                0x0000000000000098      0x250 fat.o
 .debug_aranges
                0x00000000000002e8       0x18 global_consts_vars.o
 .debug_aranges
                0x0000000000000300       0x50 hmi_mcu_com.o
 .debug_aranges
                0x0000000000000350       0x80 main.o
 .debug_aranges
                0x00000000000003d0       0xa0 mcc_generated_files/adc/src/adc0.o
 .debug_aranges
                0x0000000000000470       0x20 mcc_generated_files/peripheral/src/evsys.o
 .debug_aranges
                0x0000000000000490       0x30 mcc_generated_files/system/src/clock.o
 .debug_aranges
                0x00000000000004c0       0x18 mcc_generated_files/system/src/config_bits.o
 .debug_aranges
                0x00000000000004d8       0x20 mcc_generated_files/system/src/interrupt.o
 .debug_aranges
                0x00000000000004f8      0x2d8 mcc_generated_files/system/src/pins.o
 .debug_aranges
                0x00000000000007d0       0x20 mcc_generated_files/system/src/protected_io.o
 .debug_aranges
                0x00000000000007f0       0x20 mcc_generated_files/system/src/system.o
 .debug_aranges
                0x0000000000000810       0xe8 mcc_generated_files/timer/src/tca0.o
 .debug_aranges
                0x00000000000008f8       0x20 mcc_generated_files/vref/src/vref.o

.debug_pubnames
 *(.debug_pubnames)

.debug_info     0x0000000000000000    0x13c4e
 *(.debug_info .gnu.linkonce.wi.*)
 .debug_info    0x0000000000000000     0x395a C:/Program Files (x86)/Atmel/Studio/7.0/Packs/Atmel/AVR-Dx_DFP/2.7.321/xc8/avr/lib/avrxmega4/memx-const/mapped/crtavr128db64.o
 .debug_info    0x000000000000395a     0x105d AVR_sd.o
 .debug_info    0x00000000000049b7     0x39d6 fat.o
 .debug_info    0x000000000000838d      0x5d0 global_consts_vars.o
 .debug_info    0x000000000000895d     0x107a hmi_mcu_com.o
 .debug_info    0x00000000000099d7     0x2fbc main.o
 .debug_info    0x000000000000c993      0xafa mcc_generated_files/adc/src/adc0.o
 .debug_info    0x000000000000d48d      0xa11 mcc_generated_files/peripheral/src/evsys.o
 .debug_info    0x000000000000de9e      0xf51 mcc_generated_files/system/src/clock.o
 .debug_info    0x000000000000edef      0x92c mcc_generated_files/system/src/config_bits.o
 .debug_info    0x000000000000f71b      0x47a mcc_generated_files/system/src/interrupt.o
 .debug_info    0x000000000000fb95     0x2483 mcc_generated_files/system/src/pins.o
 .debug_info    0x0000000000012018       0xf4 mcc_generated_files/system/src/protected_io.o
 .debug_info    0x000000000001210c      0x362 mcc_generated_files/system/src/system.o
 .debug_info    0x000000000001246e     0x1449 mcc_generated_files/timer/src/tca0.o
 .debug_info    0x00000000000138b7      0x397 mcc_generated_files/vref/src/vref.o

.debug_abbrev   0x0000000000000000     0x4bad
 *(.debug_abbrev)
 .debug_abbrev  0x0000000000000000     0x3652 C:/Program Files (x86)/Atmel/Studio/7.0/Packs/Atmel/AVR-Dx_DFP/2.7.321/xc8/avr/lib/avrxmega4/memx-const/mapped/crtavr128db64.o
 .debug_abbrev  0x0000000000003652      0x2cb AVR_sd.o
 .debug_abbrev  0x000000000000391d      0x37d fat.o
 .debug_abbrev  0x0000000000003c9a       0x68 global_consts_vars.o
 .debug_abbrev  0x0000000000003d02      0x1fc hmi_mcu_com.o
 .debug_abbrev  0x0000000000003efe      0x35d main.o
 .debug_abbrev  0x000000000000425b      0x1bd mcc_generated_files/adc/src/adc0.o
 .debug_abbrev  0x0000000000004418       0x8c mcc_generated_files/peripheral/src/evsys.o
 .debug_abbrev  0x00000000000044a4      0x135 mcc_generated_files/system/src/clock.o
 .debug_abbrev  0x00000000000045d9       0x97 mcc_generated_files/system/src/config_bits.o
 .debug_abbrev  0x0000000000004670       0xfa mcc_generated_files/system/src/interrupt.o
 .debug_abbrev  0x000000000000476a      0x176 mcc_generated_files/system/src/pins.o
 .debug_abbrev  0x00000000000048e0       0x14 mcc_generated_files/system/src/protected_io.o
 .debug_abbrev  0x00000000000048f4       0x6a mcc_generated_files/system/src/system.o
 .debug_abbrev  0x000000000000495e      0x1c3 mcc_generated_files/timer/src/tca0.o
 .debug_abbrev  0x0000000000004b21       0x8c mcc_generated_files/vref/src/vref.o

.debug_line     0x0000000000000000     0x5a33
 *(.debug_line .debug_line.* .debug_line_end)
 .debug_line    0x0000000000000000      0x258 C:/Program Files (x86)/Atmel/Studio/7.0/Packs/Atmel/AVR-Dx_DFP/2.7.321/xc8/avr/lib/avrxmega4/memx-const/mapped/crtavr128db64.o
 .debug_line    0x0000000000000258      0x661 AVR_sd.o
 .debug_line    0x00000000000008b9     0x223b fat.o
 .debug_line    0x0000000000002af4       0x7f global_consts_vars.o
 .debug_line    0x0000000000002b73      0x47a hmi_mcu_com.o
 .debug_line    0x0000000000002fed      0xafb main.o
 .debug_line    0x0000000000003ae8      0x332 mcc_generated_files/adc/src/adc0.o
 .debug_line    0x0000000000003e1a      0x2a2 mcc_generated_files/peripheral/src/evsys.o
 .debug_line    0x00000000000040bc      0x1d3 mcc_generated_files/system/src/clock.o
 .debug_line    0x000000000000428f      0x102 mcc_generated_files/system/src/config_bits.o
 .debug_line    0x0000000000004391      0x19b mcc_generated_files/system/src/interrupt.o
 .debug_line    0x000000000000452c      0xcd3 mcc_generated_files/system/src/pins.o
 .debug_line    0x00000000000051ff       0x76 mcc_generated_files/system/src/protected_io.o
 .debug_line    0x0000000000005275      0x1b8 mcc_generated_files/system/src/system.o
 .debug_line    0x000000000000542d      0x4e5 mcc_generated_files/timer/src/tca0.o
 .debug_line    0x0000000000005912      0x121 mcc_generated_files/vref/src/vref.o

.debug_frame    0x0000000000000000     0x1b54
 *(.debug_frame)
 .debug_frame   0x0000000000000000      0x20c AVR_sd.o
 .debug_frame   0x000000000000020c      0xac0 fat.o
 .debug_frame   0x0000000000000ccc      0x178 hmi_mcu_com.o
 .debug_frame   0x0000000000000e44      0x1b8 main.o
 .debug_frame   0x0000000000000ffc      0x124 mcc_generated_files/adc/src/adc0.o
 .debug_frame   0x0000000000001120       0x24 mcc_generated_files/peripheral/src/evsys.o
 .debug_frame   0x0000000000001144       0x44 mcc_generated_files/system/src/clock.o
 .debug_frame   0x0000000000001188       0x24 mcc_generated_files/system/src/interrupt.o
 .debug_frame   0x00000000000011ac      0x7ac mcc_generated_files/system/src/pins.o
 .debug_frame   0x0000000000001958       0x24 mcc_generated_files/system/src/system.o
 .debug_frame   0x000000000000197c      0x1b4 mcc_generated_files/timer/src/tca0.o
 .debug_frame   0x0000000000001b30       0x24 mcc_generated_files/vref/src/vref.o

.debug_str      0x0000000000000000     0x1c72
 *(.debug_str)
 .debug_str     0x0000000000000000     0x18bd C:/Program Files (x86)/Atmel/Studio/7.0/Packs/Atmel/AVR-Dx_DFP/2.7.321/xc8/avr/lib/avrxmega4/memx-const/mapped/crtavr128db64.o
 .debug_str     0x00000000000018bd       0x16 AVR_sd.o
 .debug_str     0x00000000000018d3      0x138 fat.o
 .debug_str     0x0000000000001a0b        0x0 global_consts_vars.o
 .debug_str     0x0000000000001a0b       0x1c hmi_mcu_com.o
 .debug_str     0x0000000000001a27      0x11b main.o
 .debug_str     0x0000000000001b42        0x8 mcc_generated_files/adc/src/adc0.o
 .debug_str     0x0000000000001b4a        0x0 mcc_generated_files/peripheral/src/evsys.o
 .debug_str     0x0000000000001b4a       0x13 mcc_generated_files/system/src/clock.o
 .debug_str     0x0000000000001b5d        0x0 mcc_generated_files/system/src/config_bits.o
 .debug_str     0x0000000000001b5d       0x13 mcc_generated_files/system/src/interrupt.o
 .debug_str     0x0000000000001b70       0x25 mcc_generated_files/system/src/pins.o
 .debug_str     0x0000000000001b95       0x7b mcc_generated_files/system/src/system.o
 .debug_str     0x0000000000001c10       0x62 mcc_generated_files/timer/src/tca0.o
 .debug_str     0x0000000000001c72        0x0 mcc_generated_files/vref/src/vref.o

.debug_loc      0x0000000000000000     0x69ea
 *(.debug_loc)
 .debug_loc     0x0000000000000000      0x89e AVR_sd.o
 .debug_loc     0x000000000000089e     0x43eb fat.o
 .debug_loc     0x0000000000004c89      0x956 hmi_mcu_com.o
 .debug_loc     0x00000000000055df      0xb2f main.o
 .debug_loc     0x000000000000610e       0x72 mcc_generated_files/adc/src/adc0.o
 .debug_loc     0x0000000000006180      0x21c mcc_generated_files/system/src/clock.o
 .debug_loc     0x000000000000639c       0x2a mcc_generated_files/system/src/interrupt.o
 .debug_loc     0x00000000000063c6      0x5f0 mcc_generated_files/system/src/pins.o
 .debug_loc     0x00000000000069b6       0x34 mcc_generated_files/timer/src/tca0.o

.debug_macinfo
 *(.debug_macinfo)

.debug_weaknames
 *(.debug_weaknames)

.debug_funcnames
 *(.debug_funcnames)

.debug_typenames
 *(.debug_typenames)

.debug_varnames
 *(.debug_varnames)

.debug_pubtypes
 *(.debug_pubtypes)

.debug_ranges   0x0000000000000000      0x9e0
 *(.debug_ranges)
 .debug_ranges  0x0000000000000000       0xa0 AVR_sd.o
 .debug_ranges  0x00000000000000a0      0x2f8 fat.o
 .debug_ranges  0x0000000000000398       0x40 hmi_mcu_com.o
 .debug_ranges  0x00000000000003d8      0x178 main.o
 .debug_ranges  0x0000000000000550       0x90 mcc_generated_files/adc/src/adc0.o
 .debug_ranges  0x00000000000005e0       0x10 mcc_generated_files/peripheral/src/evsys.o
 .debug_ranges  0x00000000000005f0       0x20 mcc_generated_files/system/src/clock.o
 .debug_ranges  0x0000000000000610       0x10 mcc_generated_files/system/src/interrupt.o
 .debug_ranges  0x0000000000000620      0x2c8 mcc_generated_files/system/src/pins.o
 .debug_ranges  0x00000000000008e8       0x10 mcc_generated_files/system/src/system.o
 .debug_ranges  0x00000000000008f8       0xd8 mcc_generated_files/timer/src/tca0.o
 .debug_ranges  0x00000000000009d0       0x10 mcc_generated_files/vref/src/vref.o

.debug_macro
 *(.debug_macro)
OUTPUT(XC8Application2.elf elf32-avr)
LOAD linker stubs
LOAD data_init

.note.gnu.avr.deviceinfo
                0x0000000000000000       0x40
 .note.gnu.avr.deviceinfo
                0x0000000000000000       0x40 C:/Program Files (x86)/Atmel/Studio/7.0/Packs/Atmel/AVR-Dx_DFP/2.7.321/xc8/avr/lib/avrxmega4/memx-const/mapped/crtavr128db64.o

.bss.SD_CardType
                0x0000000000805e9f        0x1
 .bss.SD_CardType
                0x0000000000805e9f        0x1 AVR_sd.o

.bss.fat        0x0000000000805def       0x29
 .bss.fat       0x0000000000805def       0x29 fat.o

.bss.null_is_set
                0x0000000000805ea0        0x1
 .bss.null_is_set
                0x0000000000805ea0        0x1 fat.o

.bss.set_null   0x0000000000805ea1        0x1
 .bss.set_null  0x0000000000805ea1        0x1 fat.o

.bss.bufferModBy
                0x0000000000805e4b        0x2
 .bss.bufferModBy
                0x0000000000805e4b        0x2 fat.o

.bss.FAT_filename
                0x0000000000805cef      0x100
 .bss.FAT_filename
                0x0000000000805cef      0x100 fat.o

.bss.newHmiMessage
                0x0000000000805ea2        0x1
 .bss.newHmiMessage
                0x0000000000805ea2        0x1 global_consts_vars.o
                0x0000000000805ea2                newHmiMessage

.bss.hmiReceiving
                0x0000000000805ea3        0x1
 .bss.hmiReceiving
                0x0000000000805ea3        0x1 global_consts_vars.o
                0x0000000000805ea3                hmiReceiving

.bss.dataIndexRx
                0x0000000000805ea4        0x1
 .bss.dataIndexRx
                0x0000000000805ea4        0x1 global_consts_vars.o
                0x0000000000805ea4                dataIndexRx

.bss.myArray    0x00000000008043ef     0x1900
 .bss.myArray   0x00000000008043ef     0x1900 main.o
                0x00000000008043ef                myArray

.bss.dirItems   0x0000000000805e4d        0x2
 .bss.dirItems  0x0000000000805e4d        0x2 main.o
                0x0000000000805e4d                dirItems

.bss.return_code
                0x0000000000805ea5        0x1
 .bss.return_code
                0x0000000000805ea5        0x1 main.o
                0x0000000000805ea5                return_code

.bss.CTR_19_InterruptHandler
                0x0000000000805e4f        0x2
 .bss.CTR_19_InterruptHandler
                0x0000000000805e4f        0x2 mcc_generated_files/system/src/pins.o

.bss.CTR_18_InterruptHandler
                0x0000000000805e51        0x2
 .bss.CTR_18_InterruptHandler
                0x0000000000805e51        0x2 mcc_generated_files/system/src/pins.o

.bss.CTR_17_InterruptHandler
                0x0000000000805e53        0x2
 .bss.CTR_17_InterruptHandler
                0x0000000000805e53        0x2 mcc_generated_files/system/src/pins.o

.bss.CTR_16_InterruptHandler
                0x0000000000805e55        0x2
 .bss.CTR_16_InterruptHandler
                0x0000000000805e55        0x2 mcc_generated_files/system/src/pins.o

.bss.CTR_15_InterruptHandler
                0x0000000000805e57        0x2
 .bss.CTR_15_InterruptHandler
                0x0000000000805e57        0x2 mcc_generated_files/system/src/pins.o

.bss.CTR_14_InterruptHandler
                0x0000000000805e59        0x2
 .bss.CTR_14_InterruptHandler
                0x0000000000805e59        0x2 mcc_generated_files/system/src/pins.o

.bss.CTR_13_InterruptHandler
                0x0000000000805e5b        0x2
 .bss.CTR_13_InterruptHandler
                0x0000000000805e5b        0x2 mcc_generated_files/system/src/pins.o

.bss.ADC_19_InterruptHandler
                0x0000000000805e5d        0x2
 .bss.ADC_19_InterruptHandler
                0x0000000000805e5d        0x2 mcc_generated_files/system/src/pins.o

.bss.ADC_18_InterruptHandler
                0x0000000000805e5f        0x2
 .bss.ADC_18_InterruptHandler
                0x0000000000805e5f        0x2 mcc_generated_files/system/src/pins.o

.bss.ADC_17_InterruptHandler
                0x0000000000805e61        0x2
 .bss.ADC_17_InterruptHandler
                0x0000000000805e61        0x2 mcc_generated_files/system/src/pins.o

.bss.ADC_16_InterruptHandler
                0x0000000000805e63        0x2
 .bss.ADC_16_InterruptHandler
                0x0000000000805e63        0x2 mcc_generated_files/system/src/pins.o

.bss.ADC_15_InterruptHandler
                0x0000000000805e65        0x2
 .bss.ADC_15_InterruptHandler
                0x0000000000805e65        0x2 mcc_generated_files/system/src/pins.o

.bss.ADC_14_InterruptHandler
                0x0000000000805e67        0x2
 .bss.ADC_14_InterruptHandler
                0x0000000000805e67        0x2 mcc_generated_files/system/src/pins.o

.bss.ADC_13_InterruptHandler
                0x0000000000805e69        0x2
 .bss.ADC_13_InterruptHandler
                0x0000000000805e69        0x2 mcc_generated_files/system/src/pins.o

.bss.ADC_12_InterruptHandler
                0x0000000000805e6b        0x2
 .bss.ADC_12_InterruptHandler
                0x0000000000805e6b        0x2 mcc_generated_files/system/src/pins.o

.bss.ADC_11_InterruptHandler
                0x0000000000805e6d        0x2
 .bss.ADC_11_InterruptHandler
                0x0000000000805e6d        0x2 mcc_generated_files/system/src/pins.o

.bss.ADC_10_InterruptHandler
                0x0000000000805e6f        0x2
 .bss.ADC_10_InterruptHandler
                0x0000000000805e6f        0x2 mcc_generated_files/system/src/pins.o

.bss.ADC_9_InterruptHandler
                0x0000000000805e71        0x2
 .bss.ADC_9_InterruptHandler
                0x0000000000805e71        0x2 mcc_generated_files/system/src/pins.o

.bss.ADC_8_InterruptHandler
                0x0000000000805e73        0x2
 .bss.ADC_8_InterruptHandler
                0x0000000000805e73        0x2 mcc_generated_files/system/src/pins.o

.bss.ADC_7_InterruptHandler
                0x0000000000805e75        0x2
 .bss.ADC_7_InterruptHandler
                0x0000000000805e75        0x2 mcc_generated_files/system/src/pins.o

.bss.ADC_6_InterruptHandler
                0x0000000000805e77        0x2
 .bss.ADC_6_InterruptHandler
                0x0000000000805e77        0x2 mcc_generated_files/system/src/pins.o

.bss.ADC_5_InterruptHandler
                0x0000000000805e79        0x2
 .bss.ADC_5_InterruptHandler
                0x0000000000805e79        0x2 mcc_generated_files/system/src/pins.o

.bss.ADC_4_InterruptHandler
                0x0000000000805e7b        0x2
 .bss.ADC_4_InterruptHandler
                0x0000000000805e7b        0x2 mcc_generated_files/system/src/pins.o

.bss.ADC_3_InterruptHandler
                0x0000000000805e7d        0x2
 .bss.ADC_3_InterruptHandler
                0x0000000000805e7d        0x2 mcc_generated_files/system/src/pins.o

.bss.ADC_2_InterruptHandler
                0x0000000000805e7f        0x2
 .bss.ADC_2_InterruptHandler
                0x0000000000805e7f        0x2 mcc_generated_files/system/src/pins.o

.bss.ADC_1_InterruptHandler
                0x0000000000805e81        0x2
 .bss.ADC_1_InterruptHandler
                0x0000000000805e81        0x2 mcc_generated_files/system/src/pins.o

.bss.ADC_0_InterruptHandler
                0x0000000000805e83        0x2
 .bss.ADC_0_InterruptHandler
                0x0000000000805e83        0x2 mcc_generated_files/system/src/pins.o

.bss.CTR_12_InterruptHandler
                0x0000000000805e85        0x2
 .bss.CTR_12_InterruptHandler
                0x0000000000805e85        0x2 mcc_generated_files/system/src/pins.o

.bss.CTR_11_InterruptHandler
                0x0000000000805e87        0x2
 .bss.CTR_11_InterruptHandler
                0x0000000000805e87        0x2 mcc_generated_files/system/src/pins.o

.bss.CTR_10_InterruptHandler
                0x0000000000805e89        0x2
 .bss.CTR_10_InterruptHandler
                0x0000000000805e89        0x2 mcc_generated_files/system/src/pins.o

.bss.CTR_9_InterruptHandler
                0x0000000000805e8b        0x2
 .bss.CTR_9_InterruptHandler
                0x0000000000805e8b        0x2 mcc_generated_files/system/src/pins.o

.bss.CTR_8_InterruptHandler
                0x0000000000805e8d        0x2
 .bss.CTR_8_InterruptHandler
                0x0000000000805e8d        0x2 mcc_generated_files/system/src/pins.o

.bss.CTR_7_InterruptHandler
                0x0000000000805e8f        0x2
 .bss.CTR_7_InterruptHandler
                0x0000000000805e8f        0x2 mcc_generated_files/system/src/pins.o

.bss.CTR_6_InterruptHandler
                0x0000000000805e91        0x2
 .bss.CTR_6_InterruptHandler
                0x0000000000805e91        0x2 mcc_generated_files/system/src/pins.o

.bss.CTR_5_InterruptHandler
                0x0000000000805e93        0x2
 .bss.CTR_5_InterruptHandler
                0x0000000000805e93        0x2 mcc_generated_files/system/src/pins.o

.bss.CTR_4_InterruptHandler
                0x0000000000805e95        0x2
 .bss.CTR_4_InterruptHandler
                0x0000000000805e95        0x2 mcc_generated_files/system/src/pins.o

.bss.CTR_3_InterruptHandler
                0x0000000000805e97        0x2
 .bss.CTR_3_InterruptHandler
                0x0000000000805e97        0x2 mcc_generated_files/system/src/pins.o

.bss.CTR_2_InterruptHandler
                0x0000000000805e99        0x2
 .bss.CTR_2_InterruptHandler
                0x0000000000805e99        0x2 mcc_generated_files/system/src/pins.o

.bss.CTR_1_InterruptHandler
                0x0000000000805e9b        0x2
 .bss.CTR_1_InterruptHandler
                0x0000000000805e9b        0x2 mcc_generated_files/system/src/pins.o

.bss.CTR_0_InterruptHandler
                0x0000000000805e9d        0x2
 .bss.CTR_0_InterruptHandler
                0x0000000000805e9d        0x2 mcc_generated_files/system/src/pins.o

.rodata         0x0000000000808248       0xa3 load address 0x0000000000000248
 .rodata        0x0000000000808248       0xa3 main.o

.rodata         0x00000000008082eb       0x6a load address 0x00000000000002eb
 .rodata        0x00000000008082eb       0x6a hmi_mcu_com.o

.rodata         0x0000000000808355        0x5 load address 0x0000000000000355
 .rodata        0x0000000000808355        0x5 fat.o

.text._FAT_dirRegister
                0x000000000000035a      0x770
 .text._FAT_dirRegister
                0x000000000000035a      0x770 fat.o

.text.__printf_core
                0x0000000000000aca      0x734
 .text.__printf_core
                0x0000000000000aca      0x734 c:/program files/microchip/xc8/v2.36/avr/bin/../lib/gcc/avr/5.4.0/../../../../avr/lib/avrxmega4/memx-const/mapped\libc.a(__printf_core.o)
                0x0000000000000aca                __printf_core

.text.__fmt_fp  0x00000000000011fe      0x680
 .text.__fmt_fp
                0x00000000000011fe      0x680 c:/program files/microchip/xc8/v2.36/avr/bin/../lib/gcc/avr/5.4.0/../../../../avr/lib/avrxmega4/memx-const/mapped\libc.a(__fmt_fp.o)
                0x00000000000011fe                __fmt_f_needed
                0x00000000000011fe                __fmt_fp

.text.SD_characterization
                0x000000000000187e      0x620
 .text.SD_characterization
                0x000000000000187e      0x620 main.o
                0x000000000000187e                SD_characterization

.text.FAT_mountVolume
                0x0000000000001e9e      0x3ec
 .text.FAT_mountVolume
                0x0000000000001e9e      0x3ec fat.o
                0x0000000000001e9e                FAT_mountVolume

.text.FAT_fwrite
                0x000000000000228a      0x292
 .text.FAT_fwrite
                0x000000000000228a      0x292 fat.o
                0x000000000000228a                FAT_fwrite

.text.__fmt_x   0x000000000000251c      0x280
 .text.__fmt_x  0x000000000000251c      0x280 c:/program files/microchip/xc8/v2.36/avr/bin/../lib/gcc/avr/5.4.0/../../../../avr/lib/avrxmega4/memx-const/mapped\libc.a(__fmt_x.o)
                0x000000000000251c                __fmt_x_needed
                0x000000000000251c                __fmt_x

.text.PIN_MANAGER_Initialize
                0x000000000000279c      0x270
 .text.PIN_MANAGER_Initialize
                0x000000000000279c      0x270 mcc_generated_files/system/src/pins.o
                0x000000000000279c                PIN_MANAGER_Initialize

.text._FAT_tableReadSet
                0x0000000000002a0c      0x264
 .text._FAT_tableReadSet
                0x0000000000002a0c      0x264 fat.o

.text._FAT_followPath
                0x0000000000002c70      0x254
 .text._FAT_followPath
                0x0000000000002c70      0x254 fat.o

.text.FAT_findNext
                0x0000000000002ec4      0x24c
 .text.FAT_findNext
                0x0000000000002ec4      0x24c fat.o
                0x0000000000002ec4                FAT_findNext

.text._FAT_createSFN
                0x0000000000003110      0x1e2
 .text._FAT_createSFN
                0x0000000000003110      0x1e2 fat.o

.text.FAT_fseek
                0x00000000000032f2      0x18a
 .text.FAT_fseek
                0x00000000000032f2      0x18a fat.o
                0x00000000000032f2                FAT_fseek

.text.transmitHmi
                0x000000000000347c      0x17e
 .text.transmitHmi
                0x000000000000347c      0x17e hmi_mcu_com.o
                0x000000000000347c                transmitHmi

.text.__fmt_d   0x00000000000035fa      0x17e
 .text.__fmt_d  0x00000000000035fa      0x17e c:/program files/microchip/xc8/v2.36/avr/bin/../lib/gcc/avr/5.4.0/../../../../avr/lib/avrxmega4/memx-const/mapped\libc.a(__fmt_d.o)
                0x00000000000035fa                __fmt_d
                0x00000000000035fa                __fmt_d_needed

.text.__pop_int
                0x0000000000003778      0x172
 .text.__pop_int
                0x0000000000003778      0x172 c:/program files/microchip/xc8/v2.36/avr/bin/../lib/gcc/avr/5.4.0/../../../../avr/lib/avrxmega4/memx-const/mapped\libc.a(__pop_int.o)
                0x0000000000003778                __pop_int_needed
                0x0000000000003778                __pop_int

.text.main      0x00000000000038ea      0x170
 .text.main     0x00000000000038ea      0x170 main.o
                0x00000000000038ea                main

.text.FAT_tableFindFree
                0x0000000000003a5a      0x164
 .text.FAT_tableFindFree
                0x0000000000003a5a      0x164 fat.o

.text.sd_init   0x0000000000003bbe      0x15c
 .text.sd_init  0x0000000000003bbe      0x15c AVR_sd.o
                0x0000000000003bbe                sd_init

.text.__cvt_u   0x0000000000003d1a      0x14a
 .text.__cvt_u  0x0000000000003d1a      0x14a c:/program files/microchip/xc8/v2.36/avr/bin/../lib/gcc/avr/5.4.0/../../../../avr/lib/avrxmega4/memx-const/mapped\libc.a(__fmt_u.o)
                0x0000000000003d1a                __cvt_u

.text.fmaf      0x0000000000003e64      0x13c
 .text.fmaf     0x0000000000003e64      0x13c c:/program files/microchip/xc8/v2.36/avr/bin/../lib/gcc/avr/5.4.0/../../../../avr/lib/avrxmega4/memx-const/mapped\libm.a(fmaf.o)
                0x0000000000003e64                fmaf

.text.floorf    0x0000000000003fa0      0x126
 .text.floorf   0x0000000000003fa0      0x126 c:/program files/microchip/xc8/v2.36/avr/bin/../lib/gcc/avr/5.4.0/../../../../avr/lib/avrxmega4/memx-const/mapped\libm.a(floorf.o)
                0x0000000000003fa0                floorf

.text.__vector_32
                0x00000000000040c6      0x11c
 .text.__vector_32
                0x00000000000040c6      0x11c hmi_mcu_com.o
                0x00000000000040c6                __vector_32

.text.sd_write_single_block
                0x00000000000041e2      0x108
 .text.sd_write_single_block
                0x00000000000041e2      0x108 AVR_sd.o
                0x00000000000041e2                sd_write_single_block

.text.characterize
                0x00000000000042ea       0xe8
 .text.characterize
                0x00000000000042ea       0xe8 main.o
                0x00000000000042ea                characterize

.text.sd_read_single_block
                0x00000000000043d2       0xe4
 .text.sd_read_single_block
                0x00000000000043d2       0xe4 AVR_sd.o
                0x00000000000043d2                sd_read_single_block

.text           0x00000000000044b6       0xde
 .text          0x00000000000044b6       0xde c:/program files/microchip/xc8/v2.36/avr/bin/../lib/gcc/avr/5.4.0/../../../../avr/lib/avrxmega4/memx-const/mapped\libm.a(divsf3x.o)
                0x00000000000044b6                __divsf3x
                0x00000000000044de                __divsf3_pse

.text._FAT_updateFileInfo
                0x0000000000004594       0xd8
 .text._FAT_updateFileInfo
                0x0000000000004594       0xd8 fat.o

.text.__pop_ptr
                0x000000000000466c       0xd8
 .text.__pop_ptr
                0x000000000000466c       0xd8 c:/program files/microchip/xc8/v2.36/avr/bin/../lib/gcc/avr/5.4.0/../../../../avr/lib/avrxmega4/memx-const/mapped\libc.a(__pop_ptr.o)
                0x000000000000466c                __pop_ptr
                0x000000000000466c                __pop_ptr_needed

.text           0x0000000000004744       0xd4
 .text          0x0000000000004744       0xd4 c:/program files/microchip/xc8/v2.36/avr/bin/../lib/gcc/avr/5.4.0/../../../../avr/lib/avrxmega4/memx-const/mapped\libm.a(mulsf3x.o)
                0x0000000000004744                __mulsf3x
                0x000000000000476a                __mulsf3_pse

.text.__fmt_o   0x0000000000004818       0xd2
 .text.__fmt_o  0x0000000000004818       0xd2 c:/program files/microchip/xc8/v2.36/avr/bin/../lib/gcc/avr/5.4.0/../../../../avr/lib/avrxmega4/memx-const/mapped\libc.a(__fmt_o.o)
                0x0000000000004818                __fmt_o
                0x0000000000004818                __fmt_o_needed

.text           0x00000000000048ea       0xce
 .text          0x00000000000048ea       0xce c:/program files/microchip/xc8/v2.36/avr/bin/../lib/gcc/avr/5.4.0/../../../../avr/lib/avrxmega4/memx-const/mapped\libm.a(addsf3x.o)
                0x00000000000048ea                __addsf3x

.text.FAT_getLabel
                0x00000000000049b8       0xca
 .text.FAT_getLabel
                0x00000000000049b8       0xca fat.o
                0x00000000000049b8                FAT_getLabel

.text._FAT_getFileNextSector
                0x0000000000004a82       0xc8
 .text._FAT_getFileNextSector
                0x0000000000004a82       0xc8 fat.o

.text.__vector_24
                0x0000000000004b4a       0xc0
 .text.__vector_24
                0x0000000000004b4a       0xc0 mcc_generated_files/system/src/pins.o
                0x0000000000004b4a                __vector_24

.text.__vector_46
                0x0000000000004c0a       0xc0
 .text.__vector_46
                0x0000000000004c0a       0xc0 mcc_generated_files/system/src/pins.o
                0x0000000000004c0a                __vector_46

.text.EVSYS_Initialize
                0x0000000000004cca       0xbc
 .text.EVSYS_Initialize
                0x0000000000004cca       0xbc mcc_generated_files/peripheral/src/evsys.o
                0x0000000000004cca                EVSYS_Initialize

.text.__vector_59
                0x0000000000004d86       0xb2
 .text.__vector_59
                0x0000000000004d86       0xb2 mcc_generated_files/system/src/pins.o
                0x0000000000004d86                __vector_59

.text.__fmt_u   0x0000000000004e38       0xae
 .text.__fmt_u  0x0000000000004e38       0xae c:/program files/microchip/xc8/v2.36/avr/bin/../lib/gcc/avr/5.4.0/../../../../avr/lib/avrxmega4/memx-const/mapped\libc.a(__fmt_u.o)
                0x0000000000004e38                __fmt_u_needed
                0x0000000000004e38                __fmt_u

.text.__vector_45
                0x0000000000004ee6       0xa4
 .text.__vector_45
                0x0000000000004ee6       0xa4 mcc_generated_files/system/src/pins.o
                0x0000000000004ee6                __vector_45

.text.__vector_30
                0x0000000000004f8a       0xa4
 .text.__vector_30
                0x0000000000004f8a       0xa4 mcc_generated_files/system/src/pins.o
                0x0000000000004f8a                __vector_30

.text.__pad     0x000000000000502e       0xa4
 .text.__pad    0x000000000000502e       0xa4 c:/program files/microchip/xc8/v2.36/avr/bin/../lib/gcc/avr/5.4.0/../../../../avr/lib/avrxmega4/memx-const/mapped\libc.a(__printf_core.o)
                0x000000000000502e                __pad

.text.libgcc.div
                0x00000000000050d2       0xa2
 .text.libgcc.div
                0x00000000000050d2       0xa2 c:/program files/microchip/xc8/v2.36/avr/bin/../lib/gcc/avr/5.4.0/avrxmega4/memx-const/mapped\libgcc.a(_udivmod64.o)
                0x00000000000050d2                __udivmod64

.text._FAT_allocateCluster
                0x0000000000005174       0xa0
 .text._FAT_allocateCluster
                0x0000000000005174       0xa0 fat.o

.text.fputc     0x0000000000005214       0x92
 .text.fputc    0x0000000000005214       0x92 c:/program files/microchip/xc8/v2.36/avr/bin/../lib/gcc/avr/5.4.0/../../../../avr/lib/avrxmega4/memx-const/mapped\libc.a(fputc.o)
                0x0000000000005214                fputc
                0x0000000000005214                putc

.text._FAT_parse_long_names
                0x00000000000052a6       0x90
 .text._FAT_parse_long_names
                0x00000000000052a6       0x90 fat.o

.text.CLOCK_Initialize
                0x0000000000005336       0x8e
 .text.CLOCK_Initialize
                0x0000000000005336       0x8e mcc_generated_files/system/src/clock.o
                0x0000000000005336                CLOCK_Initialize

.text.FAT_fopen
                0x00000000000053c4       0x8a
 .text.FAT_fopen
                0x00000000000053c4       0x8a fat.o
                0x00000000000053c4                FAT_fopen

.text.__vector_35
                0x000000000000544e       0x88
 .text.__vector_35
                0x000000000000544e       0x88 mcc_generated_files/system/src/pins.o
                0x000000000000544e                __vector_35

.text._FAT_nextFileCluster
                0x00000000000054d6       0x86
 .text._FAT_nextFileCluster
                0x00000000000054d6       0x86 fat.o

.text.FAT_fsync
                0x000000000000555c       0x80
 .text.FAT_fsync
                0x000000000000555c       0x80 fat.o
                0x000000000000555c                FAT_fsync

.text.sd_command_ACMD41
                0x00000000000055dc       0x7c
 .text.sd_command_ACMD41
                0x00000000000055dc       0x7c AVR_sd.o

.text           0x0000000000005658       0x7a
 .text          0x0000000000005658       0x7a c:/program files/microchip/xc8/v2.36/avr/bin/../lib/gcc/avr/5.4.0/../../../../avr/lib/avrxmega4/memx-const/mapped\libm.a(floatsisf.o)
                0x0000000000005658                __floatunsisf
                0x000000000000565c                __floatsisf

.text._FAT_clearCluster
                0x00000000000056d2       0x78
 .text._FAT_clearCluster
                0x00000000000056d2       0x78 fat.o

.text.__vsnprintf
                0x000000000000574a       0x74
 .text.__vsnprintf
                0x000000000000574a       0x74 c:/program files/microchip/xc8/v2.36/avr/bin/../lib/gcc/avr/5.4.0/../../../../avr/lib/avrxmega4/memx-const/mapped\libc.a(__int_vsnprintf.o)
                0x000000000000574a                __vsnprintf

.text.atoi      0x00000000000057be       0x72
 .text.atoi     0x00000000000057be       0x72 c:/program files/microchip/xc8/v2.36/avr/bin/../lib/gcc/avr/5.4.0/../../../../avr/lib/avrxmega4/memx-const/mapped\libc.a(atoi.o)
                0x00000000000057be                atoi

.text._FAT_getSFN
                0x0000000000005830       0x70
 .text._FAT_getSFN
                0x0000000000005830       0x70 fat.o

.text.setADCInput
                0x00000000000058a0       0x6c
 .text.setADCInput
                0x00000000000058a0       0x6c main.o
                0x00000000000058a0                setADCInput

.text.__fmt_s   0x000000000000590c       0x68
 .text.__fmt_s  0x000000000000590c       0x68 c:/program files/microchip/xc8/v2.36/avr/bin/../lib/gcc/avr/5.4.0/../../../../avr/lib/avrxmega4/memx-const/mapped\libc.a(__fmt_s.o)
                0x000000000000590c                __fmt_s
                0x000000000000590c                __fmt_0_needed
                0x000000000000590c                __fmt_s_needed

.text._FAT_parse_long_names_
                0x0000000000005974       0x64
 .text._FAT_parse_long_names_
                0x0000000000005974       0x64 fat.o

.text._FAT_stringLFN
                0x00000000000059d8       0x62
 .text._FAT_stringLFN
                0x00000000000059d8       0x62 fat.o

.text._FAT_moveWindow
                0x0000000000005a3a       0x62
 .text._FAT_moveWindow
                0x0000000000005a3a       0x62 fat.o

.text.FAT_openDir
                0x0000000000005a9c       0x62
 .text.FAT_openDir
                0x0000000000005a9c       0x62 fat.o
                0x0000000000005a9c                FAT_openDir

.text.setOutput
                0x0000000000005afe       0x60
 .text.setOutput
                0x0000000000005afe       0x60 main.o
                0x0000000000005afe                setOutput

.text.setInput  0x0000000000005b5e       0x60
 .text.setInput
                0x0000000000005b5e       0x60 main.o
                0x0000000000005b5e                setInput

.text.setHigh   0x0000000000005bbe       0x60
 .text.setHigh  0x0000000000005bbe       0x60 main.o
                0x0000000000005bbe                setHigh

.text.setLow    0x0000000000005c1e       0x60
 .text.setLow   0x0000000000005c1e       0x60 main.o
                0x0000000000005c1e                setLow

.text.__vector_8
                0x0000000000005c7e       0x5e
 .text.__vector_8
                0x0000000000005c7e       0x5e mcc_generated_files/system/src/pins.o
                0x0000000000005c7e                __vector_8

.text           0x0000000000005cdc       0x5e
 .text          0x0000000000005cdc       0x5e c:/program files/microchip/xc8/v2.36/avr/bin/../lib/gcc/avr/5.4.0/../../../../avr/lib/avrxmega4/memx-const/mapped\libm.a(fixunssfsi.o)
                0x0000000000005cdc                __fixunssfsi

.text._FAT_clusterToSector
                0x0000000000005d3a       0x4a
 .text._FAT_clusterToSector
                0x0000000000005d3a       0x4a fat.o

.text           0x0000000000005d84       0x48
 .text          0x0000000000005d84       0x48 c:/program files/microchip/xc8/v2.36/avr/bin/../lib/gcc/avr/5.4.0/../../../../avr/lib/avrxmega4/memx-const/mapped\libm.a(fp_cmp.o)
                0x0000000000005d84                __fp_cmp

.text.sd_command
                0x0000000000005dcc       0x46
 .text.sd_command
                0x0000000000005dcc       0x46 AVR_sd.o

.text           0x0000000000005e12       0x44
 .text          0x0000000000005e12       0x44 c:/program files/microchip/xc8/v2.36/avr/bin/../lib/gcc/avr/5.4.0/../../../../avr/lib/avrxmega4/memx-const/mapped\libm.a(fp_split3.o)
                0x0000000000005e12                __fp_split3
                0x0000000000005e22                __fp_splitA

.text.libgcc.div
                0x0000000000005e56       0x44
 .text.libgcc.div
                0x0000000000005e56       0x44 c:/program files/microchip/xc8/v2.36/avr/bin/../lib/gcc/avr/5.4.0/avrxmega4/memx-const/mapped\libgcc.a(_udivmodsi4.o)
                0x0000000000005e56                __udivmodsi4

.text._FAT_freset
                0x0000000000005e9a       0x40
 .text._FAT_freset
                0x0000000000005e9a       0x40 fat.o

.text.__fmt_state
                0x0000000000005eda       0x40
 .text.__fmt_state
                0x0000000000005eda       0x40 c:/program files/microchip/xc8/v2.36/avr/bin/../lib/gcc/avr/5.4.0/../../../../avr/lib/avrxmega4/memx-const/mapped\libc.a(__printf_core.o)
                0x0000000000005eda                __fmt_state

.text.__pop_float
                0x0000000000005f1a       0x40
 .text.__pop_float
                0x0000000000005f1a       0x40 c:/program files/microchip/xc8/v2.36/avr/bin/../lib/gcc/avr/5.4.0/../../../../avr/lib/avrxmega4/memx-const/mapped\libc.a(__pop_float.o)
                0x0000000000005f1a                __pop_float_needed
                0x0000000000005f1a                __pop_float

.text.libgcc.builtins
                0x0000000000005f5a       0x3c
 .text.libgcc.builtins
                0x0000000000005f5a       0x3c c:/program files/microchip/xc8/v2.36/avr/bin/../lib/gcc/avr/5.4.0/avrxmega4/memx-const/mapped\libgcc.a(_ashrdi3.o)
                0x0000000000005f5a                __ashrdi3
                0x0000000000005f5e                __lshrdi3

.text.FAT_dirCountItems
                0x0000000000005f96       0x3a
 .text.FAT_dirCountItems
                0x0000000000005f96       0x3a fat.o
                0x0000000000005f96                FAT_dirCountItems

.text.TCA0_Initialize
                0x0000000000005fd0       0x3a
 .text.TCA0_Initialize
                0x0000000000005fd0       0x3a mcc_generated_files/timer/src/tca0.o
                0x0000000000005fd0                TCA0_Initialize

.text.__out     0x000000000000600a       0x3a
 .text.__out    0x000000000000600a       0x3a c:/program files/microchip/xc8/v2.36/avr/bin/../lib/gcc/avr/5.4.0/../../../../avr/lib/avrxmega4/memx-const/mapped\libc.a(__printf_core.o)
                0x000000000000600a                __out

.text.SPI_Init  0x0000000000006044       0x36
 .text.SPI_Init
                0x0000000000006044       0x36 AVR_sd.o

.text.FAT_findByIndex
                0x000000000000607a       0x32
 .text.FAT_findByIndex
                0x000000000000607a       0x32 fat.o
                0x000000000000607a                FAT_findByIndex

.text.libgcc.prologue
                0x00000000000060ac       0x32
 .text.libgcc.prologue
                0x00000000000060ac       0x32 c:/program files/microchip/xc8/v2.36/avr/bin/../lib/gcc/avr/5.4.0/avrxmega4/memx-const/mapped\libgcc.a(_prologue.o)
                0x00000000000060ac                __prologue_saves__

.text.libgcc.prologue
                0x00000000000060de       0x30
 .text.libgcc.prologue
                0x00000000000060de       0x30 c:/program files/microchip/xc8/v2.36/avr/bin/../lib/gcc/avr/5.4.0/avrxmega4/memx-const/mapped\libgcc.a(_epilogue.o)
                0x00000000000060de                __epilogue_restores__

.text.__vfprintf
                0x000000000000610e       0x30
 .text.__vfprintf
                0x000000000000610e       0x30 c:/program files/microchip/xc8/v2.36/avr/bin/../lib/gcc/avr/5.4.0/../../../../avr/lib/avrxmega4/memx-const/mapped\libc.a(__int_vfprintf.o)
                0x000000000000610e                __vfprintf

.text.sd_read_response3_7
                0x000000000000613e       0x2e
 .text.sd_read_response3_7
                0x000000000000613e       0x2e AVR_sd.o

.text.FAT_fwriteString
                0x000000000000616c       0x2e
 .text.FAT_fwriteString
                0x000000000000616c       0x2e fat.o
                0x000000000000616c                FAT_fwriteString

.text.ADC0_Initialize
                0x000000000000619a       0x2c
 .text.ADC0_Initialize
                0x000000000000619a       0x2c mcc_generated_files/adc/src/adc0.o
                0x000000000000619a                ADC0_Initialize

.text.ChkSum    0x00000000000061c6       0x28
 .text.ChkSum   0x00000000000061c6       0x28 fat.o

.text.libgcc.div
                0x00000000000061ee       0x28
 .text.libgcc.div
                0x00000000000061ee       0x28 c:/program files/microchip/xc8/v2.36/avr/bin/../lib/gcc/avr/5.4.0/avrxmega4/memx-const/mapped\libgcc.a(_udivmodhi4.o)
                0x00000000000061ee                __udivmodhi4

.text.libgcc.div
                0x0000000000006216       0x28
 .text.libgcc.div
                0x0000000000006216       0x28 c:/program files/microchip/xc8/v2.36/avr/bin/../lib/gcc/avr/5.4.0/avrxmega4/memx-const/mapped\libgcc.a(_divmodhi4.o)
                0x0000000000006216                _div
                0x0000000000006216                __divmodhi4

.text.initUSART1
                0x000000000000623e       0x26
 .text.initUSART1
                0x000000000000623e       0x26 hmi_mcu_com.o
                0x000000000000623e                initUSART1

.text.__wrap_sprintf
                0x0000000000006264       0x24
 .text.__wrap_sprintf
                0x0000000000006264       0x24 c:/program files/microchip/xc8/v2.36/avr/bin/../lib/gcc/avr/5.4.0/../../../../avr/lib/avrxmega4/memx-const/mapped\libc.a(__sio_sprintf_dfoux.o)
                0x0000000000006264                _sprintf_cdgGnopuxX
                0x0000000000006264                _sprintf_cdeEnopuxX
                0x0000000000006264                _sprintf_cdeEfFnopuxX
                0x0000000000006264                _sprintf_cdeEfFgGnopuxX
                0x0000000000006264                _sprintf_cdfFgGnopuxX
                0x0000000000006264                _sprintf_cdfFnopuxX
                0x0000000000006264                _sprintf_cdeEgGnopuxX

.text.__wrap_sprintf
                0x0000000000006288       0x24
 .text.__wrap_sprintf
                0x0000000000006288       0x24 c:/program files/microchip/xc8/v2.36/avr/bin/../lib/gcc/avr/5.4.0/../../../../avr/lib/avrxmega4/memx-const/mapped\libc.a(__sio_sprintf_dosux.o)
                0x0000000000006288                _sprintf_cdnopsuxX

.text.process_adc_conversion
                0x00000000000062ac       0x22
 .text.process_adc_conversion
                0x00000000000062ac       0x22 main.o
                0x00000000000062ac                process_adc_conversion

.text           0x00000000000062ce       0x22
 .text          0x00000000000062ce       0x22 c:/program files/microchip/xc8/v2.36/avr/bin/../lib/gcc/avr/5.4.0/../../../../avr/lib/avrxmega4/memx-const/mapped\libm.a(fp_round.o)
                0x00000000000062ce                __fp_round

.text.libgcc.mul
                0x00000000000062f0       0x20
 .text.libgcc.mul
                0x00000000000062f0       0x20 c:/program files/microchip/xc8/v2.36/avr/bin/../lib/gcc/avr/5.4.0/avrxmega4/memx-const/mapped\libgcc.a(_mulsi3.o)
                0x00000000000062f0                __mulsi3

.text.libgcc    0x0000000000006310       0x20
 .text.libgcc   0x0000000000006310       0x20 c:/program files/microchip/xc8/v2.36/avr/bin/../lib/gcc/avr/5.4.0/avrxmega4/memx-const/mapped\libgcc.a(_negdi2.o)
                0x0000000000006310                __negdi2

.text._FAT_fillBufferArray
                0x0000000000006330       0x1e
 .text._FAT_fillBufferArray
                0x0000000000006330       0x1e fat.o

.text.SYSTEM_Initialize
                0x000000000000634e       0x1e
 .text.SYSTEM_Initialize
                0x000000000000634e       0x1e mcc_generated_files/system/src/system.o
                0x000000000000634e                SYSTEM_Initialize

.text.libgcc.mul
                0x000000000000636c       0x1e
 .text.libgcc.mul
                0x000000000000636c       0x1e c:/program files/microchip/xc8/v2.36/avr/bin/../lib/gcc/avr/5.4.0/avrxmega4/memx-const/mapped\libgcc.a(_umulhisi3.o)
                0x000000000000636c                __umulhisi3

.text.libgcc.div
                0x000000000000638a       0x1c
 .text.libgcc.div
                0x000000000000638a       0x1c c:/program files/microchip/xc8/v2.36/avr/bin/../lib/gcc/avr/5.4.0/avrxmega4/memx-const/mapped\libgcc.a(_udivdi3.o)
                0x000000000000638a                __umoddi3
                0x000000000000638e                __udivdi3
                0x0000000000006390                __udivdi3_umoddi3

.text.strlen    0x00000000000063a6       0x1c
 .text.strlen   0x00000000000063a6       0x1c c:/program files/microchip/xc8/v2.36/avr/bin/../lib/gcc/avr/5.4.0/../../../../avr/lib/avrxmega4/memx-const/mapped\libc.a(strlen.o)
                0x00000000000063a6                strlen

.text.sd_assert_cs
                0x00000000000063c2       0x18
 .text.sd_assert_cs
                0x00000000000063c2       0x18 AVR_sd.o

.text.sd_deassert_cs
                0x00000000000063da       0x18
 .text.sd_deassert_cs
                0x00000000000063da       0x18 AVR_sd.o

.text.SPI_ReceiveByte
                0x00000000000063f2       0x18
 .text.SPI_ReceiveByte
                0x00000000000063f2       0x18 AVR_sd.o

.text.sd_read_response1
                0x000000000000640a       0x18
 .text.sd_read_response1
                0x000000000000640a       0x18 AVR_sd.o

.text.CPUINT_Initialize
                0x0000000000006422       0x18
 .text.CPUINT_Initialize
                0x0000000000006422       0x18 mcc_generated_files/system/src/interrupt.o
                0x0000000000006422                CPUINT_Initialize

.text.libgcc    0x000000000000643a       0x18
 .text.libgcc   0x000000000000643a       0x18 c:/program files/microchip/xc8/v2.36/avr/bin/../lib/gcc/avr/5.4.0/avrxmega4/memx-const/mapped\libgcc.a(_cmpdi2_s8.o)
                0x000000000000643a                __cmpdi2_s8

.text.libgcc    0x0000000000006452       0x18
 .text.libgcc   0x0000000000006452       0x18 c:/program files/microchip/xc8/v2.36/avr/bin/../lib/gcc/avr/5.4.0/avrxmega4/memx-const/mapped\libgcc.a(_adddi3_s8.o)
                0x0000000000006452                __adddi3_s8

.text.libgcc.mul
                0x000000000000646a       0x16
 .text.libgcc.mul
                0x000000000000646a       0x16 c:/program files/microchip/xc8/v2.36/avr/bin/../lib/gcc/avr/5.4.0/avrxmega4/memx-const/mapped\libgcc.a(_muluhisi3.o)
                0x000000000000646a                __muluhisi3

.text.exit      0x0000000000006480       0x16
 .text.exit     0x0000000000006480       0x16 c:/program files/microchip/xc8/v2.36/avr/bin/../lib/gcc/avr/5.4.0/../../../../avr/lib/avrxmega4/memx-const/mapped\libc.a(exit.o)
                0x0000000000006480                exit

.text.MATH_remainder
                0x0000000000006496       0x14
 .text.MATH_remainder
                0x0000000000006496       0x14 fat.o

.text.libgcc    0x00000000000064aa       0x12
 .text.libgcc   0x00000000000064aa       0x12 c:/program files/microchip/xc8/v2.36/avr/bin/../lib/gcc/avr/5.4.0/avrxmega4/memx-const/mapped\libgcc.a(_tablejump2.o)
                0x00000000000064aa                __tablejump2__

.text.memset    0x00000000000064bc       0x12
 .text.memset   0x00000000000064bc       0x12 c:/program files/microchip/xc8/v2.36/avr/bin/../lib/gcc/avr/5.4.0/../../../../avr/lib/avrxmega4/memx-const/mapped\libc.a(memset.o)
                0x00000000000064bc                memset

.text.toupper   0x00000000000064ce       0x12
 .text.toupper  0x00000000000064ce       0x12 c:/program files/microchip/xc8/v2.36/avr/bin/../lib/gcc/avr/5.4.0/../../../../avr/lib/avrxmega4/memx-const/mapped\libc.a(toupper.o)
                0x00000000000064ce                toupper

.text.FAT_fseekEnd
                0x00000000000064e0       0x10
 .text.FAT_fseekEnd
                0x00000000000064e0       0x10 fat.o
                0x00000000000064e0                FAT_fseekEnd

.text.strcpy    0x00000000000064f0       0x10
 .text.strcpy   0x00000000000064f0       0x10 c:/program files/microchip/xc8/v2.36/avr/bin/../lib/gcc/avr/5.4.0/../../../../avr/lib/avrxmega4/memx-const/mapped\libc.a(strcpy.o)
                0x00000000000064f0                strcpy

.text.tolower   0x0000000000006500       0x10
 .text.tolower  0x0000000000006500       0x10 c:/program files/microchip/xc8/v2.36/avr/bin/../lib/gcc/avr/5.4.0/../../../../avr/lib/avrxmega4/memx-const/mapped\libc.a(tolower.o)
                0x0000000000006500                tolower

.text.clk_init  0x0000000000006510        0xe
 .text.clk_init
                0x0000000000006510        0xe main.o
                0x0000000000006510                clk_init

.text.VREF_Initialize
                0x000000000000651e        0xe
 .text.VREF_Initialize
                0x000000000000651e        0xe mcc_generated_files/vref/src/vref.o
                0x000000000000651e                VREF_Initialize

.text           0x000000000000652c        0xe
 .text          0x000000000000652c        0xe c:/program files/microchip/xc8/v2.36/avr/bin/../lib/gcc/avr/5.4.0/../../../../avr/lib/avrxmega4/memx-const/mapped\libm.a(addsf3.o)
                0x000000000000652c                __subsf3
                0x000000000000652e                __addsf3

.text           0x000000000000653a        0xe
 .text          0x000000000000653a        0xe c:/program files/microchip/xc8/v2.36/avr/bin/../lib/gcc/avr/5.4.0/../../../../avr/lib/avrxmega4/memx-const/mapped\libm.a(fixsfsi.o)
                0x000000000000653a                __fixsfsi

.text           0x0000000000006548        0xe
 .text          0x0000000000006548        0xe c:/program files/microchip/xc8/v2.36/avr/bin/../lib/gcc/avr/5.4.0/../../../../avr/lib/avrxmega4/memx-const/mapped\libm.a(fp_pscA.o)
                0x0000000000006548                __fp_pscA

.text           0x0000000000006556        0xe
 .text          0x0000000000006556        0xe c:/program files/microchip/xc8/v2.36/avr/bin/../lib/gcc/avr/5.4.0/../../../../avr/lib/avrxmega4/memx-const/mapped\libm.a(fp_pscB.o)
                0x0000000000006556                __fp_pscB

.text           0x0000000000006564        0xe
 .text          0x0000000000006564        0xe c:/program files/microchip/xc8/v2.36/avr/bin/../lib/gcc/avr/5.4.0/../../../../avr/lib/avrxmega4/memx-const/mapped\libm.a(fp_zero.o)
                0x0000000000006564                __fp_zero
                0x0000000000006566                __fp_szero

.text.__vsprintf
                0x0000000000006572        0xe
 .text.__vsprintf
                0x0000000000006572        0xe c:/program files/microchip/xc8/v2.36/avr/bin/../lib/gcc/avr/5.4.0/../../../../avr/lib/avrxmega4/memx-const/mapped\libc.a(__int_vsprintf.o)
                0x0000000000006572                __vsprintf

.text.sd_detected
                0x0000000000006580        0xc
 .text.sd_detected
                0x0000000000006580        0xc AVR_sd.o
                0x0000000000006580                sd_detected

.text.FAT_getFileSize
                0x000000000000658c        0xc
 .text.FAT_getFileSize
                0x000000000000658c        0xc fat.o
                0x000000000000658c                FAT_getFileSize

.text.relay_init
                0x0000000000006598        0xc
 .text.relay_init
                0x0000000000006598        0xc main.o
                0x0000000000006598                relay_init

.text           0x00000000000065a4        0xc
 .text          0x00000000000065a4        0xc c:/program files/microchip/xc8/v2.36/avr/bin/../lib/gcc/avr/5.4.0/../../../../avr/lib/avrxmega4/memx-const/mapped\libm.a(fp_inf.o)
                0x00000000000065a4                __fp_inf

.text.SPI_BusyCheck
                0x00000000000065b0        0xa
 .text.SPI_BusyCheck
                0x00000000000065b0        0xa AVR_sd.o

.text.SPI_SendByte
                0x00000000000065ba        0xa
 .text.SPI_SendByte
                0x00000000000065ba        0xa AVR_sd.o

.text.FAT_attrIsFolder
                0x00000000000065c4        0xa
 .text.FAT_attrIsFolder
                0x00000000000065c4        0xa fat.o
                0x00000000000065c4                FAT_attrIsFolder

.text.CTR_0_SetInterruptHandler
                0x00000000000065ce        0xa
 .text.CTR_0_SetInterruptHandler
                0x00000000000065ce        0xa mcc_generated_files/system/src/pins.o
                0x00000000000065ce                CTR_0_SetInterruptHandler

.text.CTR_1_SetInterruptHandler
                0x00000000000065d8        0xa
 .text.CTR_1_SetInterruptHandler
                0x00000000000065d8        0xa mcc_generated_files/system/src/pins.o
                0x00000000000065d8                CTR_1_SetInterruptHandler

.text.CTR_2_SetInterruptHandler
                0x00000000000065e2        0xa
 .text.CTR_2_SetInterruptHandler
                0x00000000000065e2        0xa mcc_generated_files/system/src/pins.o
                0x00000000000065e2                CTR_2_SetInterruptHandler

.text.CTR_3_SetInterruptHandler
                0x00000000000065ec        0xa
 .text.CTR_3_SetInterruptHandler
                0x00000000000065ec        0xa mcc_generated_files/system/src/pins.o
                0x00000000000065ec                CTR_3_SetInterruptHandler

.text.CTR_4_SetInterruptHandler
                0x00000000000065f6        0xa
 .text.CTR_4_SetInterruptHandler
                0x00000000000065f6        0xa mcc_generated_files/system/src/pins.o
                0x00000000000065f6                CTR_4_SetInterruptHandler

.text.CTR_5_SetInterruptHandler
                0x0000000000006600        0xa
 .text.CTR_5_SetInterruptHandler
                0x0000000000006600        0xa mcc_generated_files/system/src/pins.o
                0x0000000000006600                CTR_5_SetInterruptHandler

.text.CTR_6_SetInterruptHandler
                0x000000000000660a        0xa
 .text.CTR_6_SetInterruptHandler
                0x000000000000660a        0xa mcc_generated_files/system/src/pins.o
                0x000000000000660a                CTR_6_SetInterruptHandler

.text.CTR_7_SetInterruptHandler
                0x0000000000006614        0xa
 .text.CTR_7_SetInterruptHandler
                0x0000000000006614        0xa mcc_generated_files/system/src/pins.o
                0x0000000000006614                CTR_7_SetInterruptHandler

.text.CTR_8_SetInterruptHandler
                0x000000000000661e        0xa
 .text.CTR_8_SetInterruptHandler
                0x000000000000661e        0xa mcc_generated_files/system/src/pins.o
                0x000000000000661e                CTR_8_SetInterruptHandler

.text.CTR_9_SetInterruptHandler
                0x0000000000006628        0xa
 .text.CTR_9_SetInterruptHandler
                0x0000000000006628        0xa mcc_generated_files/system/src/pins.o
                0x0000000000006628                CTR_9_SetInterruptHandler

.text.CTR_10_SetInterruptHandler
                0x0000000000006632        0xa
 .text.CTR_10_SetInterruptHandler
                0x0000000000006632        0xa mcc_generated_files/system/src/pins.o
                0x0000000000006632                CTR_10_SetInterruptHandler

.text.CTR_11_SetInterruptHandler
                0x000000000000663c        0xa
 .text.CTR_11_SetInterruptHandler
                0x000000000000663c        0xa mcc_generated_files/system/src/pins.o
                0x000000000000663c                CTR_11_SetInterruptHandler

.text.CTR_12_SetInterruptHandler
                0x0000000000006646        0xa
 .text.CTR_12_SetInterruptHandler
                0x0000000000006646        0xa mcc_generated_files/system/src/pins.o
                0x0000000000006646                CTR_12_SetInterruptHandler

.text.ADC_0_SetInterruptHandler
                0x0000000000006650        0xa
 .text.ADC_0_SetInterruptHandler
                0x0000000000006650        0xa mcc_generated_files/system/src/pins.o
                0x0000000000006650                ADC_0_SetInterruptHandler

.text.ADC_1_SetInterruptHandler
                0x000000000000665a        0xa
 .text.ADC_1_SetInterruptHandler
                0x000000000000665a        0xa mcc_generated_files/system/src/pins.o
                0x000000000000665a                ADC_1_SetInterruptHandler

.text.ADC_2_SetInterruptHandler
                0x0000000000006664        0xa
 .text.ADC_2_SetInterruptHandler
                0x0000000000006664        0xa mcc_generated_files/system/src/pins.o
                0x0000000000006664                ADC_2_SetInterruptHandler

.text.ADC_3_SetInterruptHandler
                0x000000000000666e        0xa
 .text.ADC_3_SetInterruptHandler
                0x000000000000666e        0xa mcc_generated_files/system/src/pins.o
                0x000000000000666e                ADC_3_SetInterruptHandler

.text.ADC_4_SetInterruptHandler
                0x0000000000006678        0xa
 .text.ADC_4_SetInterruptHandler
                0x0000000000006678        0xa mcc_generated_files/system/src/pins.o
                0x0000000000006678                ADC_4_SetInterruptHandler

.text.ADC_5_SetInterruptHandler
                0x0000000000006682        0xa
 .text.ADC_5_SetInterruptHandler
                0x0000000000006682        0xa mcc_generated_files/system/src/pins.o
                0x0000000000006682                ADC_5_SetInterruptHandler

.text.ADC_6_SetInterruptHandler
                0x000000000000668c        0xa
 .text.ADC_6_SetInterruptHandler
                0x000000000000668c        0xa mcc_generated_files/system/src/pins.o
                0x000000000000668c                ADC_6_SetInterruptHandler

.text.ADC_7_SetInterruptHandler
                0x0000000000006696        0xa
 .text.ADC_7_SetInterruptHandler
                0x0000000000006696        0xa mcc_generated_files/system/src/pins.o
                0x0000000000006696                ADC_7_SetInterruptHandler

.text.ADC_8_SetInterruptHandler
                0x00000000000066a0        0xa
 .text.ADC_8_SetInterruptHandler
                0x00000000000066a0        0xa mcc_generated_files/system/src/pins.o
                0x00000000000066a0                ADC_8_SetInterruptHandler

.text.ADC_9_SetInterruptHandler
                0x00000000000066aa        0xa
 .text.ADC_9_SetInterruptHandler
                0x00000000000066aa        0xa mcc_generated_files/system/src/pins.o
                0x00000000000066aa                ADC_9_SetInterruptHandler

.text.ADC_10_SetInterruptHandler
                0x00000000000066b4        0xa
 .text.ADC_10_SetInterruptHandler
                0x00000000000066b4        0xa mcc_generated_files/system/src/pins.o
                0x00000000000066b4                ADC_10_SetInterruptHandler

.text.ADC_11_SetInterruptHandler
                0x00000000000066be        0xa
 .text.ADC_11_SetInterruptHandler
                0x00000000000066be        0xa mcc_generated_files/system/src/pins.o
                0x00000000000066be                ADC_11_SetInterruptHandler

.text.ADC_12_SetInterruptHandler
                0x00000000000066c8        0xa
 .text.ADC_12_SetInterruptHandler
                0x00000000000066c8        0xa mcc_generated_files/system/src/pins.o
                0x00000000000066c8                ADC_12_SetInterruptHandler

.text.ADC_13_SetInterruptHandler
                0x00000000000066d2        0xa