Archive member included to satisfy reference by file (symbol)

c:/program files/microchip/xc8/v2.36/avr/bin/../lib/gcc/avr/5.4.0/../../../../avr/lib/avrxmega4/memx-const/mapped\libm.a(addsf3.o)
                              fat.o (__subsf3)
c:/program files/microchip/xc8/v2.36/avr/bin/../lib/gcc/avr/5.4.0/../../../../avr/lib/avrxmega4/memx-const/mapped\libm.a(addsf3x.o)
                              c:/program files/microchip/xc8/v2.36/avr/bin/../lib/gcc/avr/5.4.0/../../../../avr/lib/avrxmega4/memx-const/mapped\libm.a(addsf3.o) (__addsf3x)
c:/program files/microchip/xc8/v2.36/avr/bin/../lib/gcc/avr/5.4.0/../../../../avr/lib/avrxmega4/memx-const/mapped\libm.a(cmpsf2.o)
                              AVR_sd.o (__nesf2)
c:/program files/microchip/xc8/v2.36/avr/bin/../lib/gcc/avr/5.4.0/../../../../avr/lib/avrxmega4/memx-const/mapped\libm.a(divsf3.o)
                              fat.o (__divsf3)
c:/program files/microchip/xc8/v2.36/avr/bin/../lib/gcc/avr/5.4.0/../../../../avr/lib/avrxmega4/memx-const/mapped\libm.a(divsf3x.o)
                              c:/program files/microchip/xc8/v2.36/avr/bin/../lib/gcc/avr/5.4.0/../../../../avr/lib/avrxmega4/memx-const/mapped\libm.a(divsf3.o) (__divsf3x)
c:/program files/microchip/xc8/v2.36/avr/bin/../lib/gcc/avr/5.4.0/../../../../avr/lib/avrxmega4/memx-const/mapped\libm.a(fixsfdi.o)
                              utils.o (__fixsfdi)
c:/program files/microchip/xc8/v2.36/avr/bin/../lib/gcc/avr/5.4.0/../../../../avr/lib/avrxmega4/memx-const/mapped\libm.a(fixsfsi.o)
                              utils.o (__fixsfsi)
c:/program files/microchip/xc8/v2.36/avr/bin/../lib/gcc/avr/5.4.0/../../../../avr/lib/avrxmega4/memx-const/mapped\libm.a(fixunssfsi.o)
                              fat.o (__fixunssfsi)
c:/program files/microchip/xc8/v2.36/avr/bin/../lib/gcc/avr/5.4.0/../../../../avr/lib/avrxmega4/memx-const/mapped\libm.a(floatsisf.o)
                              AVR_sd.o (__floatunsisf)
c:/program files/microchip/xc8/v2.36/avr/bin/../lib/gcc/avr/5.4.0/../../../../avr/lib/avrxmega4/memx-const/mapped\libm.a(floatundisf.o)
                              fat.o (__floatundisf)
c:/program files/microchip/xc8/v2.36/avr/bin/../lib/gcc/avr/5.4.0/../../../../avr/lib/avrxmega4/memx-const/mapped\libm.a(fp_cmp.o)
                              c:/program files/microchip/xc8/v2.36/avr/bin/../lib/gcc/avr/5.4.0/../../../../avr/lib/avrxmega4/memx-const/mapped\libm.a(cmpsf2.o) (__fp_cmp)
c:/program files/microchip/xc8/v2.36/avr/bin/../lib/gcc/avr/5.4.0/../../../../avr/lib/avrxmega4/memx-const/mapped\libm.a(fp_inf.o)
                              c:/program files/microchip/xc8/v2.36/avr/bin/../lib/gcc/avr/5.4.0/../../../../avr/lib/avrxmega4/memx-const/mapped\libm.a(addsf3x.o) (__fp_inf)
c:/program files/microchip/xc8/v2.36/avr/bin/../lib/gcc/avr/5.4.0/../../../../avr/lib/avrxmega4/memx-const/mapped\libm.a(fp_nan.o)
                              c:/program files/microchip/xc8/v2.36/avr/bin/../lib/gcc/avr/5.4.0/../../../../avr/lib/avrxmega4/memx-const/mapped\libm.a(addsf3x.o) (__fp_nan)
c:/program files/microchip/xc8/v2.36/avr/bin/../lib/gcc/avr/5.4.0/../../../../avr/lib/avrxmega4/memx-const/mapped\libm.a(fp_negdi.o)
                              c:/program files/microchip/xc8/v2.36/avr/bin/../lib/gcc/avr/5.4.0/../../../../avr/lib/avrxmega4/memx-const/mapped\libm.a(fixsfdi.o) (__fp_negdi)
c:/program files/microchip/xc8/v2.36/avr/bin/../lib/gcc/avr/5.4.0/../../../../avr/lib/avrxmega4/memx-const/mapped\libm.a(fp_pscA.o)
                              c:/program files/microchip/xc8/v2.36/avr/bin/../lib/gcc/avr/5.4.0/../../../../avr/lib/avrxmega4/memx-const/mapped\libm.a(addsf3x.o) (__fp_pscA)
c:/program files/microchip/xc8/v2.36/avr/bin/../lib/gcc/avr/5.4.0/../../../../avr/lib/avrxmega4/memx-const/mapped\libm.a(fp_pscB.o)
                              c:/program files/microchip/xc8/v2.36/avr/bin/../lib/gcc/avr/5.4.0/../../../../avr/lib/avrxmega4/memx-const/mapped\libm.a(addsf3x.o) (__fp_pscB)
c:/program files/microchip/xc8/v2.36/avr/bin/../lib/gcc/avr/5.4.0/../../../../avr/lib/avrxmega4/memx-const/mapped\libm.a(fp_round.o)
                              c:/program files/microchip/xc8/v2.36/avr/bin/../lib/gcc/avr/5.4.0/../../../../avr/lib/avrxmega4/memx-const/mapped\libm.a(addsf3.o) (__fp_round)
c:/program files/microchip/xc8/v2.36/avr/bin/../lib/gcc/avr/5.4.0/../../../../avr/lib/avrxmega4/memx-const/mapped\libm.a(fp_split3.o)
                              c:/program files/microchip/xc8/v2.36/avr/bin/../lib/gcc/avr/5.4.0/../../../../avr/lib/avrxmega4/memx-const/mapped\libm.a(addsf3x.o) (__fp_split3)
c:/program files/microchip/xc8/v2.36/avr/bin/../lib/gcc/avr/5.4.0/../../../../avr/lib/avrxmega4/memx-const/mapped\libm.a(fp_zero.o)
                              c:/program files/microchip/xc8/v2.36/avr/bin/../lib/gcc/avr/5.4.0/../../../../avr/lib/avrxmega4/memx-const/mapped\libm.a(addsf3x.o) (__fp_zero)
[...]
Memory Configuration

Name             Origin             Length             Attributes
text             0x0000000000000000 0x0000000000020000 xr
data             0x0000000000804000 0x0000000000004000 rw !x
eeprom           0x0000000000810000 0x0000000000000200 rw !x
fuse             0x0000000000820000 0x0000000000000010 rw !x
lock             0x0000000000830000 0x0000000000000400 rw !x
signature        0x0000000000840000 0x0000000000000400 rw !x
user_signatures  0x0000000000850000 0x0000000000000400 rw !x
*default*        0x0000000000000000 0xffffffffffffffff

Linker script and memory map

Address of section .data set to 0x804000
                0x0000000000008000                __RODATA_PM_OFFSET__ = 0x8000
LOAD C:/Program Files (x86)/Atmel/Studio/7.0/Packs/atmel/AVR-Dx_DFP/1.10.114/xc8/avr/lib/avrxmega4/memx-const/mapped/crtavr128db48.o
LOAD AVR_sd.o
LOAD fat.o
LOAD main.o
LOAD uart.o
LOAD utils.o
START GROUP
LOAD c:/program files/microchip/xc8/v2.36/avr/bin/../lib/gcc/avr/5.4.0/../../../../avr/lib/avrxmega4/memx-const/mapped\libm.a
END GROUP
START GROUP
LOAD c:/program files/microchip/xc8/v2.36/avr/bin/../lib/gcc/avr/5.4.0/avrxmega4/memx-const/mapped\libgcc.a
LOAD c:/program files/microchip/xc8/v2.36/avr/bin/../lib/gcc/avr/5.4.0/../../../../avr/lib/avrxmega4/memx-const/mapped\libm.a
LOAD c:/program files/microchip/xc8/v2.36/avr/bin/../lib/gcc/avr/5.4.0/../../../../avr/lib/avrxmega4/memx-const/mapped\libc.a
LOAD C:/Program Files (x86)/Atmel/Studio/7.0/Packs/atmel/AVR-Dx_DFP/1.10.114/xc8/avr/lib/avrxmega4/memx-const/mapped\libavr128db48.a
END GROUP
                [0x0000000000000000]                __TEXT_REGION_ORIGIN__ = DEFINED (__TEXT_REGION_ORIGIN__)?__TEXT_REGION_ORIGIN__:0x0
                [0x0000000000804000]                __DATA_REGION_ORIGIN__ = DEFINED (__DATA_REGION_ORIGIN__)?__DATA_REGION_ORIGIN__:0x802000
                [0x0000000000020000]                __TEXT_REGION_LENGTH__ = DEFINED (__TEXT_REGION_LENGTH__)?__TEXT_REGION_LENGTH__:0x100000
                [0x0000000000004000]                __DATA_REGION_LENGTH__ = DEFINED (__DATA_REGION_LENGTH__)?__DATA_REGION_LENGTH__:0xffa0
                [0x0000000000000200]                __EEPROM_REGION_LENGTH__ = DEFINED (__EEPROM_REGION_LENGTH__)?__EEPROM_REGION_LENGTH__:0x10000
                [0x0000000000000010]                __FUSE_REGION_LENGTH__ = DEFINED (__FUSE_REGION_LENGTH__)?__FUSE_REGION_LENGTH__:0x400
                0x0000000000000400                __LOCK_REGION_LENGTH__ = DEFINED (__LOCK_REGION_LENGTH__)?__LOCK_REGION_LENGTH__:0x400
                0x0000000000000400                __SIGNATURE_REGION_LENGTH__ = DEFINED (__SIGNATURE_REGION_LENGTH__)?__SIGNATURE_REGION_LENGTH__:0x400
                0x0000000000000400                __USER_SIGNATURE_REGION_LENGTH__ = DEFINED (__USER_SIGNATURE_REGION_LENGTH__)?__USER_SIGNATURE_REGION_LENGTH__:0x400

.hash
 *(.hash)

.dynsym
 *(.dynsym)

.dynstr
 *(.dynstr)

.gnu.version
 *(.gnu.version)

.gnu.version_d
 *(.gnu.version_d)

.gnu.version_r
 *(.gnu.version_r)

.rel.init
 *(.rel.init)

.rela.init
 *(.rela.init)

.rel.text
 *(.rel.text)
 *(.rel.text.*)
 *(.rel.gnu.linkonce.t*)

.rela.text
 *(.rela.text)
 *(.rela.text.*)
 *(.rela.gnu.linkonce.t*)

.rel.fini
 *(.rel.fini)

.rela.fini
 *(.rela.fini)

.rel.rodata
 *(.rel.rodata)
 *(.rel.rodata.*)
 *(.rel.gnu.linkonce.r*)

.rela.rodata
 *(.rela.rodata)
 *(.rela.rodata.*)
 *(.rela.gnu.linkonce.r*)

.rel.data
 *(.rel.data)
 *(.rel.data.*)
 *(.rel.gnu.linkonce.d*)

.rela.data
 *(.rela.data)
 *(.rela.data.*)
 *(.rela.gnu.linkonce.d*)

.rel.ctors
 *(.rel.ctors)

.rela.ctors
 *(.rela.ctors)

.rel.dtors
 *(.rel.dtors)

.rela.dtors
 *(.rela.dtors)

.rel.got
 *(.rel.got)

.rela.got
 *(.rela.got)

.rel.bss
 *(.rel.bss)

.rela.bss
 *(.rela.bss)

.rel.plt
 *(.rel.plt)

.rela.plt
 *(.rela.plt)

.text           0x0000000000000000      0x16c
 *(.vectors)
 .vectors       0x0000000000000000       0xf4 C:/Program Files (x86)/Atmel/Studio/7.0/Packs/atmel/AVR-Dx_DFP/1.10.114/xc8/avr/lib/avrxmega4/memx-const/mapped/crtavr128db48.o
                0x0000000000000000                __vector_default
                0x0000000000000000                __vectors
 *(.vectors)
 *(.progmem.gcc*)
 *(.dinit)
 .dinit         0x00000000000000f4       0x11 data_init
                0x0000000000000106                . = ALIGN (0x2)
 *fill*         0x0000000000000105        0x1 
                0x0000000000000106                __trampolines_start = .
 *(.trampolines)
 .trampolines   0x0000000000000106        0x0 linker stubs
 *(.trampolines*)
                0x0000000000000106                __trampolines_end = .
 *libprintf_flt.a:*(.progmem.data)
 *libc.a:*(.progmem.data)
                0x0000000000000106                . = ALIGN (0x2)
 *(.jumptables)
 *(.jumptables*)
 *(.lowtext)
 *(.lowtext*)
                0x0000000000000106                __ctors_start = .
 *(.ctors)
                0x0000000000000106                __ctors_end = .
                0x0000000000000106                __dtors_start = .
 *(.dtors)
                0x0000000000000106                __dtors_end = .
 SORT(*)(.ctors)
 SORT(*)(.dtors)
 *(.init0)
 .init0         0x0000000000000106        0x0 C:/Program Files (x86)/Atmel/Studio/7.0/Packs/atmel/AVR-Dx_DFP/1.10.114/xc8/avr/lib/avrxmega4/memx-const/mapped/crtavr128db48.o
                0x0000000000000106                __init
 *(.init0)
 *(.init1)
 .init1         0x0000000000000106        0xe C:/Program Files (x86)/Atmel/Studio/7.0/Packs/atmel/AVR-Dx_DFP/1.10.114/xc8/avr/lib/avrxmega4/memx-const/mapped/crtavr128db48.o
 *(.init1)
 *(.init2)
 .init2         0x0000000000000114        0xc C:/Program Files (x86)/Atmel/Studio/7.0/Packs/atmel/AVR-Dx_DFP/1.10.114/xc8/avr/lib/avrxmega4/memx-const/mapped/crtavr128db48.o
 *(.init2)
 *(.init3)
 *(.init3)
 *(.init4)
 .init4         0x0000000000000120       0x40 c:/program files/microchip/xc8/v2.36/avr/bin/../lib/gcc/avr/5.4.0/avrxmega4/memx-const/mapped\libgcc.a(_copy_data.o)
                0x0000000000000120                __do_copy_data
                0x0000000000000152                __do_clear_bss
 *(.init4)
 *(.init5)
 *(.init5)
 *(.init6)
 *(.init6)
 *(.init7)
 *(.init7)
 *(.init8)
 *(.init8)
 *(.init9)
 .init9         0x0000000000000160        0x8 C:/Program Files (x86)/Atmel/Studio/7.0/Packs/atmel/AVR-Dx_DFP/1.10.114/xc8/avr/lib/avrxmega4/memx-const/mapped/crtavr128db48.o
 *(.init9)
                0x0000000000000168                . = ALIGN (0x2)
 *(.fini9)
 .fini9         0x0000000000000168        0x0 c:/program files/microchip/xc8/v2.36/avr/bin/../lib/gcc/avr/5.4.0/avrxmega4/memx-const/mapped\libgcc.a(_exit.o)
                0x0000000000000168                _exit
 *(.fini9)
 *(.fini8)
 *(.fini8)
 *(.fini7)
 *(.fini7)
 *(.fini6)
 *(.fini6)
 *(.fini5)
 *(.fini5)
 *(.fini4)
 *(.fini4)
 *(.fini3)
 *(.fini3)
 *(.fini2)
 *(.fini2)
 *(.fini1)
 *(.fini1)
 *(.fini0)
 .fini0         0x0000000000000168        0x4 c:/program files/microchip/xc8/v2.36/avr/bin/../lib/gcc/avr/5.4.0/avrxmega4/memx-const/mapped\libgcc.a(_exit.o)
 *(.fini0)
                0x000000000000016c                _etext = .

.data           0x0000000000804000        0x0 load address 0x000000000000016c
                [!provide]                        PROVIDE (__data_start, .)
 *(.gnu.linkonce.d*)
 *(.gnu.linkonce.r*)
                0x0000000000804000                . = ALIGN (0x2)
                0x0000000000804000                _edata = .
                [!provide]                        PROVIDE (__data_end, .)

.bss            0x0000000000804000      0x3bb
                [!provide]                        PROVIDE (__bss_start, .)
 *(COMMON)
 COMMON         0x0000000000804000      0x202 AVR_sd.o
                0x0000000000804000                SD_ResponseToken
                0x0000000000804001                SD_Buffer
 COMMON         0x0000000000804202      0x18f main.o
                0x0000000000804202                receiveData3
                0x0000000000804234                file
                0x000000000080425b                receiveData
                0x000000000080428d                transmitData
                0x00000000008042bf                terminalBuffer
                0x00000000008042f1                hmiBuffer
                0x0000000000804323                cmd_buffer
                0x0000000000804343                dir
                0x000000000080435f                transmitData3
 COMMON         0x0000000000804391       0x28 uart.o
                0x0000000000804391                USART_ReceiveBuffer
                0x00000000008043b2                hex_data
 COMMON         0x00000000008043b9        0x2 c:/program files/microchip/xc8/v2.36/avr/bin/../lib/gcc/avr/5.4.0/../../../../avr/lib/avrxmega4/memx-const/mapped\libc.a(errno.o)
                0x00000000008043b9                __errno_val
                [!provide]                        PROVIDE (__bss_end, .)
                0x000000000000016c                __data_load_start = LOADADDR (.data)
                0x000000000000016c                __data_load_end = (__data_load_start + SIZEOF (.data))

.noinit         0x00000000008043bb        0x0
                [!provide]                        PROVIDE (__noinit_start, .)
 *(.noinit*)
                [!provide]                        PROVIDE (__noinit_end, .)
                0x00000000008043bb                _end = .

.eeprom         0x0000000000810000        0x0
 *(.eeprom*)
                0x0000000000810000                __eeprom_end = .

.fuse
 *(.fuse)
 *(.lfuse)
 *(.hfuse)
 *(.efuse)

.lock
 *(.lock*)

.signature
 *(.signature*)

.user_signatures
 *(.user_signatures*)

.stab
 *(.stab)

.stabstr
 *(.stabstr)

.stab.excl
 *(.stab.excl)

.stab.exclstr
 *(.stab.exclstr)

.stab.index
 *(.stab.index)

.stab.indexstr
 *(.stab.indexstr)

.comment        0x0000000000000000       0x2f
 *(.comment)
 .comment       0x0000000000000000       0x2f AVR_sd.o
                                         0x30 (size before relaxing)
 .comment       0x000000000000002f       0x30 fat.o
 .comment       0x000000000000002f       0x30 main.o
 .comment       0x000000000000002f       0x30 uart.o
 .comment       0x000000000000002f       0x30 utils.o
 .comment       0x000000000000002f       0x30 c:/program files/microchip/xc8/v2.36/avr/bin/../lib/gcc/avr/5.4.0/../../../../avr/lib/avrxmega4/memx-const/mapped\libc.a(exit.o)
 .comment       0x000000000000002f       0x30 c:/program files/microchip/xc8/v2.36/avr/bin/../lib/gcc/avr/5.4.0/../../../../avr/lib/avrxmega4/memx-const/mapped\libc.a(__sio_sprintf_dosux.o)
 .comment       0x000000000000002f       0x30 c:/program files/microchip/xc8/v2.36/avr/bin/../lib/gcc/avr/5.4.0/../../../../avr/lib/avrxmega4/memx-const/mapped\libc.a(__fmt_s.o)
 .comment       0x000000000000002f       0x30 c:/program files/microchip/xc8/v2.36/avr/bin/../lib/gcc/avr/5.4.0/../../../../avr/lib/avrxmega4/memx-const/mapped\libc.a(__printf_core.o)
 .comment       0x000000000000002f       0x30 c:/program files/microchip/xc8/v2.36/avr/bin/../lib/gcc/avr/5.4.0/../../../../avr/lib/avrxmega4/memx-const/mapped\libc.a(fputc.o)
 .comment       0x000000000000002f       0x30 c:/program files/microchip/xc8/v2.36/avr/bin/../lib/gcc/avr/5.4.0/../../../../avr/lib/avrxmega4/memx-const/mapped\libc.a(__fmt_d.o)
 .comment       0x000000000000002f       0x30 c:/program files/microchip/xc8/v2.36/avr/bin/../lib/gcc/avr/5.4.0/../../../../avr/lib/avrxmega4/memx-const/mapped\libc.a(__fmt_o.o)
 .comment       0x000000000000002f       0x30 c:/program files/microchip/xc8/v2.36/avr/bin/../lib/gcc/avr/5.4.0/../../../../avr/lib/avrxmega4/memx-const/mapped\libc.a(__fmt_u.o)
 .comment       0x000000000000002f       0x30 c:/program files/microchip/xc8/v2.36/avr/bin/../lib/gcc/avr/5.4.0/../../../../avr/lib/avrxmega4/memx-const/mapped\libc.a(__fmt_x.o)
 .comment       0x000000000000002f       0x30 c:/program files/microchip/xc8/v2.36/avr/bin/../lib/gcc/avr/5.4.0/../../../../avr/lib/avrxmega4/memx-const/mapped\libc.a(__pop_float.o)
 .comment       0x000000000000002f       0x30 c:/program files/microchip/xc8/v2.36/avr/bin/../lib/gcc/avr/5.4.0/../../../../avr/lib/avrxmega4/memx-const/mapped\libc.a(__pop_int.o)
 .comment       0x000000000000002f       0x30 c:/program files/microchip/xc8/v2.36/avr/bin/../lib/gcc/avr/5.4.0/../../../../avr/lib/avrxmega4/memx-const/mapped\libc.a(__pop_ptr.o)
 .comment       0x000000000000002f       0x30 c:/program files/microchip/xc8/v2.36/avr/bin/../lib/gcc/avr/5.4.0/../../../../avr/lib/avrxmega4/memx-const/mapped\libc.a(atoi.o)
 .comment       0x000000000000002f       0x30 c:/program files/microchip/xc8/v2.36/avr/bin/../lib/gcc/avr/5.4.0/../../../../avr/lib/avrxmega4/memx-const/mapped\libc.a(memset.o)
 .comment       0x000000000000002f       0x30 c:/program files/microchip/xc8/v2.36/avr/bin/../lib/gcc/avr/5.4.0/../../../../avr/lib/avrxmega4/memx-const/mapped\libc.a(strcpy.o)
 .comment       0x000000000000002f       0x30 c:/program files/microchip/xc8/v2.36/avr/bin/../lib/gcc/avr/5.4.0/../../../../avr/lib/avrxmega4/memx-const/mapped\libc.a(strlen.o)
 .comment       0x000000000000002f       0x30 c:/program files/microchip/xc8/v2.36/avr/bin/../lib/gcc/avr/5.4.0/../../../../avr/lib/avrxmega4/memx-const/mapped\libc.a(tolower.o)
 .comment       0x000000000000002f       0x30 c:/program files/microchip/xc8/v2.36/avr/bin/../lib/gcc/avr/5.4.0/../../../../avr/lib/avrxmega4/memx-const/mapped\libc.a(toupper.o)
 .comment       0x000000000000002f       0x30 c:/program files/microchip/xc8/v2.36/avr/bin/../lib/gcc/avr/5.4.0/../../../../avr/lib/avrxmega4/memx-const/mapped\libc.a(errno.o)
 .comment       0x000000000000002f       0x30 c:/program files/microchip/xc8/v2.36/avr/bin/../lib/gcc/avr/5.4.0/../../../../avr/lib/avrxmega4/memx-const/mapped\libc.a(_Exit.o)
 .comment       0x000000000000002f       0x30 c:/program files/microchip/xc8/v2.36/avr/bin/../lib/gcc/avr/5.4.0/../../../../avr/lib/avrxmega4/memx-const/mapped\libc.a(__int_vsprintf.o)
 .comment       0x000000000000002f       0x30 c:/program files/microchip/xc8/v2.36/avr/bin/../lib/gcc/avr/5.4.0/../../../../avr/lib/avrxmega4/memx-const/mapped\libc.a(__int_vsnprintf.o)
 .comment       0x000000000000002f       0x30 c:/program files/microchip/xc8/v2.36/avr/bin/../lib/gcc/avr/5.4.0/../../../../avr/lib/avrxmega4/memx-const/mapped\libc.a(__int_vfprintf.o)

.stack.descriptors.hdr
                0x0000000000000000      0x1dc
 .stack.descriptors.hdr
                0x0000000000000000        0xe c:/program files/microchip/xc8/v2.36/avr/bin/../lib/gcc/avr/5.4.0/../../../../avr/lib/avrxmega4/memx-const/mapped\libm.a(addsf3.o)
 .stack.descriptors.hdr
                0x000000000000000e        0xe c:/program files/microchip/xc8/v2.36/avr/bin/../lib/gcc/avr/5.4.0/../../../../avr/lib/avrxmega4/memx-const/mapped\libm.a(addsf3x.o)
 .stack.descriptors.hdr
                0x000000000000001c        0xe c:/program files/microchip/xc8/v2.36/avr/bin/../lib/gcc/avr/5.4.0/../../../../avr/lib/avrxmega4/memx-const/mapped\libm.a(cmpsf2.o)
 .stack.descriptors.hdr
                0x000000000000002a        0xe c:/program files/microchip/xc8/v2.36/avr/bin/../lib/gcc/avr/5.4.0/../../../../avr/lib/avrxmega4/memx-const/mapped\libm.a(divsf3.o)
 .stack.descriptors.hdr
                0x0000000000000038        0xe c:/program files/microchip/xc8/v2.36/avr/bin/../lib/gcc/avr/5.4.0/../../../../avr/lib/avrxmega4/memx-const/mapped\libm.a(divsf3x.o)
 .stack.descriptors.hdr
                0x0000000000000046        0xe c:/program files/microchip/xc8/v2.36/avr/bin/../lib/gcc/avr/5.4.0/../../../../avr/lib/avrxmega4/memx-const/mapped\libm.a(fixsfdi.o)
 .stack.descriptors.hdr
                0x0000000000000054        0xe c:/program files/microchip/xc8/v2.36/avr/bin/../lib/gcc/avr/5.4.0/../../../../avr/lib/avrxmega4/memx-const/mapped\libm.a(fixsfsi.o)
 .stack.descriptors.hdr
                0x0000000000000062        0xe c:/program files/microchip/xc8/v2.36/avr/bin/../lib/gcc/avr/5.4.0/../../../../avr/lib/avrxmega4/memx-const/mapped\libm.a(fixunssfsi.o)
 .stack.descriptors.hdr
                0x0000000000000070        0xe c:/program files/microchip/xc8/v2.36/avr/bin/../lib/gcc/avr/5.4.0/../../../../avr/lib/avrxmega4/memx-const/mapped\libm.a(floatsisf.o)
 .stack.descriptors.hdr
                0x000000000000007e        0xe c:/program files/microchip/xc8/v2.36/avr/bin/../lib/gcc/avr/5.4.0/../../../../avr/lib/avrxmega4/memx-const/mapped\libm.a(fp_cmp.o)
 .stack.descriptors.hdr
                0x000000000000008c        0xe c:/program files/microchip/xc8/v2.36/avr/bin/../lib/gcc/avr/5.4.0/../../../../avr/lib/avrxmega4/memx-const/mapped\libm.a(fp_inf.o)
 .stack.descriptors.hdr
                0x000000000000009a        0xe c:/program files/microchip/xc8/v2.36/avr/bin/../lib/gcc/avr/5.4.0/../../../../avr/lib/avrxmega4/memx-const/mapped\libm.a(fp_nan.o)
 .stack.descriptors.hdr
                0x00000000000000a8        0xe c:/program files/microchip/xc8/v2.36/avr/bin/../lib/gcc/avr/5.4.0/../../../../avr/lib/avrxmega4/memx-const/mapped\libm.a(fp_negdi.o)
 .stack.descriptors.hdr
                0x00000000000000b6        0xe c:/program files/microchip/xc8/v2.36/avr/bin/../lib/gcc/avr/5.4.0/../../../../avr/lib/avrxmega4/memx-const/mapped\libm.a(fp_pscA.o)
 .stack.descriptors.hdr
                0x00000000000000c4        0xe c:/program files/microchip/xc8/v2.36/avr/bin/../lib/gcc/avr/5.4.0/../../../../avr/lib/avrxmega4/memx-const/mapped\libm.a(fp_pscB.o)
 .stack.descriptors.hdr
                0x00000000000000d2        0xe c:/program files/microchip/xc8/v2.36/avr/bin/../lib/gcc/avr/5.4.0/../../../../avr/lib/avrxmega4/memx-const/mapped\libm.a(fp_round.o)
 .stack.descriptors.hdr
                0x00000000000000e0        0xe c:/program files/microchip/xc8/v2.36/avr/bin/../lib/gcc/avr/5.4.0/../../../../avr/lib/avrxmega4/memx-const/mapped\libm.a(fp_split3.o)
 .stack.descriptors.hdr
                0x00000000000000ee        0xe c:/program files/microchip/xc8/v2.36/avr/bin/../lib/gcc/avr/5.4.0/../../../../avr/lib/avrxmega4/memx-const/mapped\libm.a(fp_zero.o)
 .stack.descriptors.hdr
                0x00000000000000fc        0xe c:/program files/microchip/xc8/v2.36/avr/bin/../lib/gcc/avr/5.4.0/../../../../avr/lib/avrxmega4/memx-const/mapped\libm.a(gesf2.o)
 .stack.descriptors.hdr
                0x000000000000010a        0xe c:/program files/microchip/xc8/v2.36/avr/bin/../lib/gcc/avr/5.4.0/../../../../avr/lib/avrxmega4/memx-const/mapped\libm.a(mulsf3.o)
 .stack.descriptors.hdr
                0x0000000000000118        0xe c:/program files/microchip/xc8/v2.36/avr/bin/../lib/gcc/avr/5.4.0/../../../../avr/lib/avrxmega4/memx-const/mapped\libm.a(mulsf3x.o)
 .stack.descriptors.hdr
                0x0000000000000126        0xe c:/program files/microchip/xc8/v2.36/avr/bin/../lib/gcc/avr/5.4.0/avrxmega4/memx-const/mapped\libgcc.a(_mulsi3.o)
 .stack.descriptors.hdr
                0x0000000000000134        0xe c:/program files/microchip/xc8/v2.36/avr/bin/../lib/gcc/avr/5.4.0/avrxmega4/memx-const/mapped\libgcc.a(_udivmodhi4.o)
 .stack.descriptors.hdr
                0x0000000000000142        0xe c:/program files/microchip/xc8/v2.36/avr/bin/../lib/gcc/avr/5.4.0/avrxmega4/memx-const/mapped\libgcc.a(_udivmodsi4.o)
 .stack.descriptors.hdr
                0x0000000000000150        0xe c:/program files/microchip/xc8/v2.36/avr/bin/../lib/gcc/avr/5.4.0/avrxmega4/memx-const/mapped\libgcc.a(_muluhisi3.o)
 .stack.descriptors.hdr
                0x000000000000015e        0xe c:/program files/microchip/xc8/v2.36/avr/bin/../lib/gcc/avr/5.4.0/avrxmega4/memx-const/mapped\libgcc.a(_divdi3.o)
 .stack.descriptors.hdr
                0x000000000000016c        0xe c:/program files/microchip/xc8/v2.36/avr/bin/../lib/gcc/avr/5.4.0/avrxmega4/memx-const/mapped\libgcc.a(_udivdi3.o)
 .stack.descriptors.hdr
                0x000000000000017a        0xe c:/program files/microchip/xc8/v2.36/avr/bin/../lib/gcc/avr/5.4.0/avrxmega4/memx-const/mapped\libgcc.a(_udivmod64.o)
 .stack.descriptors.hdr
                0x0000000000000188        0xe c:/program files/microchip/xc8/v2.36/avr/bin/../lib/gcc/avr/5.4.0/avrxmega4/memx-const/mapped\libgcc.a(_negdi2.o)
 .stack.descriptors.hdr
                0x0000000000000196        0xe c:/program files/microchip/xc8/v2.36/avr/bin/../lib/gcc/avr/5.4.0/avrxmega4/memx-const/mapped\libgcc.a(_ashrdi3.o)
 .stack.descriptors.hdr
                0x00000000000001a4        0xe c:/program files/microchip/xc8/v2.36/avr/bin/../lib/gcc/avr/5.4.0/avrxmega4/memx-const/mapped\libgcc.a(_cmpdi2_s8.o)
 .stack.descriptors.hdr
                0x00000000000001b2        0xe c:/program files/microchip/xc8/v2.36/avr/bin/../lib/gcc/avr/5.4.0/avrxmega4/memx-const/mapped\libgcc.a(_umulhisi3.o)
 .stack.descriptors.hdr
                0x00000000000001c0        0xe C:/Program Files (x86)/Atmel/Studio/7.0/Packs/atmel/AVR-Dx_DFP/1.10.114/xc8/avr/lib/avrxmega4/memx-const/mapped\libavr128db48.a(ccp_write.o)
 .stack.descriptors.hdr
                0x00000000000001ce        0xe c:/program files/microchip/xc8/v2.36/avr/bin/../lib/gcc/avr/5.4.0/avrxmega4/memx-const/mapped\libgcc.a(_exit.o)

.note.GNU-stack
                0x0000000000000000        0x0
 .note.GNU-stack
                0x0000000000000000        0x0 c:/program files/microchip/xc8/v2.36/avr/bin/../lib/gcc/avr/5.4.0/../../../../avr/lib/avrxmega4/memx-const/mapped\libm.a(addsf3.o)
 .note.GNU-stack
                0x0000000000000000        0x0 c:/program files/microchip/xc8/v2.36/avr/bin/../lib/gcc/avr/5.4.0/../../../../avr/lib/avrxmega4/memx-const/mapped\libm.a(addsf3x.o)
 .note.GNU-stack
                0x0000000000000000        0x0 c:/program files/microchip/xc8/v2.36/avr/bin/../lib/gcc/avr/5.4.0/../../../../avr/lib/avrxmega4/memx-const/mapped\libm.a(cmpsf2.o)
 .note.GNU-stack
                0x0000000000000000        0x0 c:/program files/microchip/xc8/v2.36/avr/bin/../lib/gcc/avr/5.4.0/../../../../avr/lib/avrxmega4/memx-const/mapped\libm.a(divsf3.o)
 .note.GNU-stack
                0x0000000000000000        0x0 c:/program files/microchip/xc8/v2.36/avr/bin/../lib/gcc/avr/5.4.0/../../../../avr/lib/avrxmega4/memx-const/mapped\libm.a(divsf3x.o)
 .note.GNU-stack
                0x0000000000000000        0x0 c:/program files/microchip/xc8/v2.36/avr/bin/../lib/gcc/avr/5.4.0/../../../../avr/lib/avrxmega4/memx-const/mapped\libm.a(fixsfdi.o)
 .note.GNU-stack
                0x0000000000000000        0x0 c:/program files/microchip/xc8/v2.36/avr/bin/../lib/gcc/avr/5.4.0/../../../../avr/lib/avrxmega4/memx-const/mapped\libm.a(fixsfsi.o)
 .note.GNU-stack
                0x0000000000000000        0x0 c:/program files/microchip/xc8/v2.36/avr/bin/../lib/gcc/avr/5.4.0/../../../../avr/lib/avrxmega4/memx-const/mapped\libm.a(fixunssfsi.o)
 .note.GNU-stack
                0x0000000000000000        0x0 c:/program files/microchip/xc8/v2.36/avr/bin/../lib/gcc/avr/5.4.0/../../../../avr/lib/avrxmega4/memx-const/mapped\libm.a(floatsisf.o)
 .note.GNU-stack
                0x0000000000000000        0x0 c:/program files/microchip/xc8/v2.36/avr/bin/../lib/gcc/avr/5.4.0/../../../../avr/lib/avrxmega4/memx-const/mapped\libm.a(fp_cmp.o)
 .note.GNU-stack
                0x0000000000000000        0x0 c:/program files/microchip/xc8/v2.36/avr/bin/../lib/gcc/avr/5.4.0/../../../../avr/lib/avrxmega4/memx-const/mapped\libm.a(fp_inf.o)
 .note.GNU-stack
                0x0000000000000000        0x0 c:/program files/microchip/xc8/v2.36/avr/bin/../lib/gcc/avr/5.4.0/../../../../avr/lib/avrxmega4/memx-const/mapped\libm.a(fp_nan.o)
 .note.GNU-stack
                0x0000000000000000        0x0 c:/program files/microchip/xc8/v2.36/avr/bin/../lib/gcc/avr/5.4.0/../../../../avr/lib/avrxmega4/memx-const/mapped\libm.a(fp_negdi.o)
 .note.GNU-stack
                0x0000000000000000        0x0 c:/program files/microchip/xc8/v2.36/avr/bin/../lib/gcc/avr/5.4.0/../../../../avr/lib/avrxmega4/memx-const/mapped\libm.a(fp_pscA.o)
 .note.GNU-stack
                0x0000000000000000        0x0 c:/program files/microchip/xc8/v2.36/avr/bin/../lib/gcc/avr/5.4.0/../../../../avr/lib/avrxmega4/memx-const/mapped\libm.a(fp_pscB.o)
 .note.GNU-stack
                0x0000000000000000        0x0 c:/program files/microchip/xc8/v2.36/avr/bin/../lib/gcc/avr/5.4.0/../../../../avr/lib/avrxmega4/memx-const/mapped\libm.a(fp_round.o)
 .note.GNU-stack
                0x0000000000000000        0x0 c:/program files/microchip/xc8/v2.36/avr/bin/../lib/gcc/avr/5.4.0/../../../../avr/lib/avrxmega4/memx-const/mapped\libm.a(fp_split3.o)
 .note.GNU-stack
                0x0000000000000000        0x0 c:/program files/microchip/xc8/v2.36/avr/bin/../lib/gcc/avr/5.4.0/../../../../avr/lib/avrxmega4/memx-const/mapped\libm.a(fp_zero.o)
 .note.GNU-stack
                0x0000000000000000        0x0 c:/program files/microchip/xc8/v2.36/avr/bin/../lib/gcc/avr/5.4.0/../../../../avr/lib/avrxmega4/memx-const/mapped\libm.a(gesf2.o)
 .note.GNU-stack
                0x0000000000000000        0x0 c:/program files/microchip/xc8/v2.36/avr/bin/../lib/gcc/avr/5.4.0/../../../../avr/lib/avrxmega4/memx-const/mapped\libm.a(mulsf3.o)
 .note.GNU-stack
                0x0000000000000000        0x0 c:/program files/microchip/xc8/v2.36/avr/bin/../lib/gcc/avr/5.4.0/../../../../avr/lib/avrxmega4/memx-const/mapped\libm.a(mulsf3x.o)
 .note.GNU-stack
                0x0000000000000000        0x0 c:/program files/microchip/xc8/v2.36/avr/bin/../lib/gcc/avr/5.4.0/../../../../avr/lib/avrxmega4/memx-const/mapped\libc.a(exit.o)
 .note.GNU-stack
                0x0000000000000000        0x0 c:/program files/microchip/xc8/v2.36/avr/bin/../lib/gcc/avr/5.4.0/../../../../avr/lib/avrxmega4/memx-const/mapped\libc.a(__sio_sprintf_dosux.o)
 .note.GNU-stack
                0x0000000000000000        0x0 c:/program files/microchip/xc8/v2.36/avr/bin/../lib/gcc/avr/5.4.0/../../../../avr/lib/avrxmega4/memx-const/mapped\libc.a(__fmt_s.o)
 .note.GNU-stack
                0x0000000000000000        0x0 c:/program files/microchip/xc8/v2.36/avr/bin/../lib/gcc/avr/5.4.0/../../../../avr/lib/avrxmega4/memx-const/mapped\libc.a(__printf_core.o)
 .note.GNU-stack
                0x0000000000000000        0x0 c:/program files/microchip/xc8/v2.36/avr/bin/../lib/gcc/avr/5.4.0/../../../../avr/lib/avrxmega4/memx-const/mapped\libc.a(fputc.o)
 .note.GNU-stack
                0x0000000000000000        0x0 c:/program files/microchip/xc8/v2.36/avr/bin/../lib/gcc/avr/5.4.0/../../../../avr/lib/avrxmega4/memx-const/mapped\libc.a(__fmt_d.o)
 .note.GNU-stack
                0x0000000000000000        0x0 c:/program files/microchip/xc8/v2.36/avr/bin/../lib/gcc/avr/5.4.0/../../../../avr/lib/avrxmega4/memx-const/mapped\libc.a(__fmt_o.o)
 .note.GNU-stack
                0x0000000000000000        0x0 c:/program files/microchip/xc8/v2.36/avr/bin/../lib/gcc/avr/5.4.0/../../../../avr/lib/avrxmega4/memx-const/mapped\libc.a(__fmt_u.o)
 .note.GNU-stack
                0x0000000000000000        0x0 c:/program files/microchip/xc8/v2.36/avr/bin/../lib/gcc/avr/5.4.0/../../../../avr/lib/avrxmega4/memx-const/mapped\libc.a(__fmt_x.o)
 .note.GNU-stack
                0x0000000000000000        0x0 c:/program files/microchip/xc8/v2.36/avr/bin/../lib/gcc/avr/5.4.0/../../../../avr/lib/avrxmega4/memx-const/mapped\libc.a(__pop_float.o)
 .note.GNU-stack
                0x0000000000000000        0x0 c:/program files/microchip/xc8/v2.36/avr/bin/../lib/gcc/avr/5.4.0/../../../../avr/lib/avrxmega4/memx-const/mapped\libc.a(__pop_int.o)
 .note.GNU-stack
                0x0000000000000000        0x0 c:/program files/microchip/xc8/v2.36/avr/bin/../lib/gcc/avr/5.4.0/../../../../avr/lib/avrxmega4/memx-const/mapped\libc.a(__pop_ptr.o)
 .note.GNU-stack
                0x0000000000000000        0x0 c:/program files/microchip/xc8/v2.36/avr/bin/../lib/gcc/avr/5.4.0/../../../../avr/lib/avrxmega4/memx-const/mapped\libc.a(atoi.o)
 .note.GNU-stack
                0x0000000000000000        0x0 c:/program files/microchip/xc8/v2.36/avr/bin/../lib/gcc/avr/5.4.0/../../../../avr/lib/avrxmega4/memx-const/mapped\libc.a(memset.o)
 .note.GNU-stack
                0x0000000000000000        0x0 c:/program files/microchip/xc8/v2.36/avr/bin/../lib/gcc/avr/5.4.0/../../../../avr/lib/avrxmega4/memx-const/mapped\libc.a(strcpy.o)
 .note.GNU-stack
                0x0000000000000000        0x0 c:/program files/microchip/xc8/v2.36/avr/bin/../lib/gcc/avr/5.4.0/../../../../avr/lib/avrxmega4/memx-const/mapped\libc.a(strlen.o)
 .note.GNU-stack
                0x0000000000000000        0x0 c:/program files/microchip/xc8/v2.36/avr/bin/../lib/gcc/avr/5.4.0/../../../../avr/lib/avrxmega4/memx-const/mapped\libc.a(tolower.o)
 .note.GNU-stack
                0x0000000000000000        0x0 c:/program files/microchip/xc8/v2.36/avr/bin/../lib/gcc/avr/5.4.0/../../../../avr/lib/avrxmega4/memx-const/mapped\libc.a(toupper.o)
 .note.GNU-stack
                0x0000000000000000        0x0 c:/program files/microchip/xc8/v2.36/avr/bin/../lib/gcc/avr/5.4.0/../../../../avr/lib/avrxmega4/memx-const/mapped\libc.a(errno.o)
 .note.GNU-stack
                0x0000000000000000        0x0 c:/program files/microchip/xc8/v2.36/avr/bin/../lib/gcc/avr/5.4.0/../../../../avr/lib/avrxmega4/memx-const/mapped\libc.a(_Exit.o)
 .note.GNU-stack
                0x0000000000000000        0x0 c:/program files/microchip/xc8/v2.36/avr/bin/../lib/gcc/avr/5.4.0/../../../../avr/lib/avrxmega4/memx-const/mapped\libc.a(__int_vsprintf.o)
 .note.GNU-stack
                0x0000000000000000        0x0 c:/program files/microchip/xc8/v2.36/avr/bin/../lib/gcc/avr/5.4.0/../../../../avr/lib/avrxmega4/memx-const/mapped\libc.a(__int_vsnprintf.o)
 .note.GNU-stack
                0x0000000000000000        0x0 c:/program files/microchip/xc8/v2.36/avr/bin/../lib/gcc/avr/5.4.0/../../../../avr/lib/avrxmega4/memx-const/mapped\libc.a(__int_vfprintf.o)

.note.gnu.build-id
 *(.note.gnu.build-id)

.debug
 *(.debug)

.line
 *(.line)

.debug_srcinfo
 *(.debug_srcinfo)

.debug_sfnames
 *(.debug_sfnames)

.debug_aranges  0x0000000000000000      0x468
 *(.debug_aranges)
 .debug_aranges
                0x0000000000000000       0x98 AVR_sd.o
 .debug_aranges
                0x0000000000000098      0x250 fat.o
 .debug_aranges
                0x00000000000002e8       0x88 main.o
 .debug_aranges
                0x0000000000000370       0x78 uart.o
 .debug_aranges
                0x00000000000003e8       0x60 utils.o
 .debug_aranges
                0x0000000000000448       0x20 C:/Program Files (x86)/Atmel/Studio/7.0/Packs/atmel/AVR-Dx_DFP/1.10.114/xc8/avr/lib/avrxmega4/memx-const/mapped\libavr128db48.a(ccp_write.o)

.debug_pubnames
 *(.debug_pubnames)

.debug_info     0x0000000000000000     0xc849
 *(.debug_info .gnu.linkonce.wi.*)
 .debug_info    0x0000000000000000     0x2f42 C:/Program Files (x86)/Atmel/Studio/7.0/Packs/atmel/AVR-Dx_DFP/1.10.114/xc8/avr/lib/avrxmega4/memx-const/mapped/crtavr128db48.o
 .debug_info    0x0000000000002f42     0x1051 AVR_sd.o
 .debug_info    0x0000000000003f93     0x3978 fat.o
 .debug_info    0x000000000000790b     0x3cd0 main.o
 .debug_info    0x000000000000b5db      0xb71 uart.o
 .debug_info    0x000000000000c14c      0x643 utils.o
 .debug_info    0x000000000000c78f       0xba C:/Program Files (x86)/Atmel/Studio/7.0/Packs/atmel/AVR-Dx_DFP/1.10.114/xc8/avr/lib/avrxmega4/memx-const/mapped\libavr128db48.a(ccp_write.o)

.debug_abbrev   0x0000000000000000     0x396f
 *(.debug_abbrev)
 .debug_abbrev  0x0000000000000000     0x2cc2 C:/Program Files (x86)/Atmel/Studio/7.0/Packs/atmel/AVR-Dx_DFP/1.10.114/xc8/avr/lib/avrxmega4/memx-const/mapped/crtavr128db48.o
 .debug_abbrev  0x0000000000002cc2      0x2cb AVR_sd.o
 .debug_abbrev  0x0000000000002f8d      0x37d fat.o
 .debug_abbrev  0x000000000000330a      0x340 main.o
 .debug_abbrev  0x000000000000364a      0x1f4 uart.o
 .debug_abbrev  0x000000000000383e      0x11d utils.o
 .debug_abbrev  0x000000000000395b       0x14 C:/Program Files (x86)/Atmel/Studio/7.0/Packs/atmel/AVR-Dx_DFP/1.10.114/xc8/avr/lib/avrxmega4/memx-const/mapped\libavr128db48.a(ccp_write.o)

.debug_line     0x0000000000000000     0x3ec5
 *(.debug_line .debug_line.* .debug_line_end)
 .debug_line    0x0000000000000000      0x234 C:/Program Files (x86)/Atmel/Studio/7.0/Packs/atmel/AVR-Dx_DFP/1.10.114/xc8/avr/lib/avrxmega4/memx-const/mapped/crtavr128db48.o
 .debug_line    0x0000000000000234      0x662 AVR_sd.o
 .debug_line    0x0000000000000896     0x223b fat.o
 .debug_line    0x0000000000002ad1      0xb87 main.o
 .debug_line    0x0000000000003658      0x3a9 uart.o
 .debug_line    0x0000000000003a01      0x457 utils.o
 .debug_line    0x0000000000003e58       0x6d C:/Program Files (x86)/Atmel/Studio/7.0/Packs/atmel/AVR-Dx_DFP/1.10.114/xc8/avr/lib/avrxmega4/memx-const/mapped\libavr128db48.a(ccp_write.o)

.debug_frame    0x0000000000000000     0x12dc
 *(.debug_frame)
 .debug_frame   0x0000000000000000      0x20c AVR_sd.o
 .debug_frame   0x000000000000020c      0xac0 fat.o
 .debug_frame   0x0000000000000ccc      0x2fc main.o
 .debug_frame   0x0000000000000fc8      0x1ac uart.o
 .debug_frame   0x0000000000001174      0x168 utils.o

.debug_str      0x0000000000000000     0x181c
 *(.debug_str)
 .debug_str     0x0000000000000000     0x14f0 C:/Program Files (x86)/Atmel/Studio/7.0/Packs/atmel/AVR-Dx_DFP/1.10.114/xc8/avr/lib/avrxmega4/memx-const/mapped/crtavr128db48.o
 .debug_str     0x00000000000014f0       0x16 AVR_sd.o
 .debug_str     0x0000000000001506      0x138 fat.o
 .debug_str     0x000000000000163e      0x1ab main.o
 .debug_str     0x00000000000017e9       0x28 uart.o
 .debug_str     0x0000000000001811        0xb utils.o

.debug_loc      0x0000000000000000     0x65f1
 *(.debug_loc)
 .debug_loc     0x0000000000000000      0x89e AVR_sd.o
 .debug_loc     0x000000000000089e     0x43eb fat.o
 .debug_loc     0x0000000000004c89      0xa8c main.o
 .debug_loc     0x0000000000005715      0x638 uart.o
 .debug_loc     0x0000000000005d4d      0x8a4 utils.o

.debug_macinfo
 *(.debug_macinfo)

.debug_weaknames
 *(.debug_weaknames)

.debug_funcnames
 *(.debug_funcnames)

.debug_typenames
 *(.debug_typenames)

.debug_varnames
 *(.debug_varnames)

.debug_pubtypes
 *(.debug_pubtypes)

.debug_ranges   0x0000000000000000      0x4c8
 *(.debug_ranges)
 .debug_ranges  0x0000000000000000       0xa0 AVR_sd.o
 .debug_ranges  0x00000000000000a0      0x2f8 fat.o
 .debug_ranges  0x0000000000000398       0x78 main.o
 .debug_ranges  0x0000000000000410       0x68 uart.o
 .debug_ranges  0x0000000000000478       0x50 utils.o

.debug_macro
 *(.debug_macro)
OUTPUT(SD Card AVR DB.elf elf32-avr)
LOAD linker stubs
LOAD data_init

.note.gnu.avr.deviceinfo
                0x0000000000000000       0x40
 .note.gnu.avr.deviceinfo
                0x0000000000000000       0x40 C:/Program Files (x86)/Atmel/Studio/7.0/Packs/atmel/AVR-Dx_DFP/1.10.114/xc8/avr/lib/avrxmega4/memx-const/mapped/crtavr128db48.o

.bss.SD_CardType
                0x000000000080450b        0x1
 .bss.SD_CardType
                0x000000000080450b        0x1 AVR_sd.o

.bss.fat        0x00000000008044bb       0x29
 .bss.fat       0x00000000008044bb       0x29 fat.o

.bss.null_is_set
                0x000000000080450c        0x1
 .bss.null_is_set
                0x000000000080450c        0x1 fat.o

.bss.set_null   0x000000000080450d        0x1
 .bss.set_null  0x000000000080450d        0x1 fat.o

.bss.bufferModBy
                0x0000000000804507        0x2
 .bss.bufferModBy
                0x0000000000804507        0x2 fat.o

.bss.FAT_filename
                0x00000000008043bb      0x100
 .bss.FAT_filename
                0x00000000008043bb      0x100 fat.o

.bss.timerFlag  0x000000000080450e        0x1
 .bss.timerFlag
                0x000000000080450e        0x1 main.o
                0x000000000080450e                timerFlag

.bss.newHmiMessage
                0x000000000080450f        0x1
 .bss.newHmiMessage
                0x000000000080450f        0x1 main.o
                0x000000000080450f                newHmiMessage

.bss.hmiReceiving
                0x0000000000804510        0x1
 .bss.hmiReceiving
                0x0000000000804510        0x1 main.o
                0x0000000000804510                hmiReceiving

.bss.dataIndexRx
                0x0000000000804511        0x1
 .bss.dataIndexRx
                0x0000000000804511        0x1 main.o
                0x0000000000804511                dataIndexRx

.bss.dirItems   0x0000000000804509        0x2
 .bss.dirItems  0x0000000000804509        0x2 main.o
                0x0000000000804509                dirItems

.bss.return_code
                0x0000000000804512        0x1
 .bss.return_code
                0x0000000000804512        0x1 main.o
                0x0000000000804512                return_code

.bss.new_data   0x0000000000804513        0x1
 .bss.new_data  0x0000000000804513        0x1 uart.o
                0x0000000000804513                new_data

.rodata         0x000000000080816c      0x299 load address 0x000000000000016c
 .rodata        0x000000000080816c      0x299 main.o

.rodata.hex_array
                0x0000000000808405       0x12 load address 0x0000000000000405
 .rodata.hex_array
                0x0000000000808405       0x12 uart.o
                0x0000000000808405                hex_array

.rodata         0x0000000000808417        0x5 load address 0x0000000000000417
 .rodata        0x0000000000808417        0x5 fat.o

.text._FAT_dirRegister
                0x000000000000041c      0x770
 .text._FAT_dirRegister
                0x000000000000041c      0x770 fat.o

.text.__printf_core
                0x0000000000000b8c      0x734
 .text.__printf_core
                0x0000000000000b8c      0x734 c:/program files/microchip/xc8/v2.36/avr/bin/../lib/gcc/avr/5.4.0/../../../../avr/lib/avrxmega4/memx-const/mapped\libc.a(__printf_core.o)
                0x0000000000000b8c                __printf_core

.text.SD_demo   0x00000000000012c0      0x470
 .text.SD_demo  0x00000000000012c0      0x470 main.o
                0x00000000000012c0                SD_demo

.text.FAT_mountVolume
                0x0000000000001730      0x3ec
 .text.FAT_mountVolume
                0x0000000000001730      0x3ec fat.o
                0x0000000000001730                FAT_mountVolume

.text.FAT_fwrite
                0x0000000000001b1c      0x292
 .text.FAT_fwrite
                0x0000000000001b1c      0x292 fat.o
                0x0000000000001b1c                FAT_fwrite

.text.__fmt_x   0x0000000000001dae      0x280
 .text.__fmt_x  0x0000000000001dae      0x280 c:/program files/microchip/xc8/v2.36/avr/bin/../lib/gcc/avr/5.4.0/../../../../avr/lib/avrxmega4/memx-const/mapped\libc.a(__fmt_x.o)
                0x0000000000001dae                __fmt_x_needed
                0x0000000000001dae                __fmt_x

.text._FAT_tableReadSet
                0x000000000000202e      0x264
 .text._FAT_tableReadSet
                0x000000000000202e      0x264 fat.o

.text._FAT_followPath
                0x0000000000002292      0x254
 .text._FAT_followPath
                0x0000000000002292      0x254 fat.o

.text.FAT_findNext
                0x00000000000024e6      0x24c
 .text.FAT_findNext
                0x00000000000024e6      0x24c fat.o
                0x00000000000024e6                FAT_findNext

.text._FAT_createSFN
                0x0000000000002732      0x1e2
 .text._FAT_createSFN
                0x0000000000002732      0x1e2 fat.o

.text.STRING_itoa
                0x0000000000002914      0x1de
 .text.STRING_itoa
                0x0000000000002914      0x1de utils.o
                0x0000000000002914                STRING_itoa

.text.FAT_fseek
                0x0000000000002af2      0x18a
 .text.FAT_fseek
                0x0000000000002af2      0x18a fat.o
                0x0000000000002af2                FAT_fseek

.text.__fmt_d   0x0000000000002c7c      0x17e
 .text.__fmt_d  0x0000000000002c7c      0x17e c:/program files/microchip/xc8/v2.36/avr/bin/../lib/gcc/avr/5.4.0/../../../../avr/lib/avrxmega4/memx-const/mapped\libc.a(__fmt_d.o)
                0x0000000000002c7c                __fmt_d
                0x0000000000002c7c                __fmt_d_needed

.text.__pop_int
                0x0000000000002dfa      0x172
 .text.__pop_int
                0x0000000000002dfa      0x172 c:/program files/microchip/xc8/v2.36/avr/bin/../lib/gcc/avr/5.4.0/../../../../avr/lib/avrxmega4/memx-const/mapped\libc.a(__pop_int.o)
                0x0000000000002dfa                __pop_int_needed
                0x0000000000002dfa                __pop_int

.text.FAT_tableFindFree
                0x0000000000002f6c      0x164
 .text.FAT_tableFindFree
                0x0000000000002f6c      0x164 fat.o

.text.sd_init   0x00000000000030d0      0x15c
 .text.sd_init  0x00000000000030d0      0x15c AVR_sd.o
                0x00000000000030d0                sd_init

.text.__cvt_u   0x000000000000322c      0x14a
 .text.__cvt_u  0x000000000000322c      0x14a c:/program files/microchip/xc8/v2.36/avr/bin/../lib/gcc/avr/5.4.0/../../../../avr/lib/avrxmega4/memx-const/mapped\libc.a(__fmt_u.o)
                0x000000000000322c                __cvt_u

.text.STRING_ftoa
                0x0000000000003376      0x12c
 .text.STRING_ftoa
                0x0000000000003376      0x12c utils.o
                0x0000000000003376                STRING_ftoa

.text.__vector_38
                0x00000000000034a2      0x11c
 .text.__vector_38
                0x00000000000034a2      0x11c main.o
                0x00000000000034a2                __vector_38

.text.sd_write_single_block
                0x00000000000035be      0x108
 .text.sd_write_single_block
                0x00000000000035be      0x108 AVR_sd.o
                0x00000000000035be                sd_write_single_block

.text.__vector_9
                0x00000000000036c6       0xea
 .text.__vector_9
                0x00000000000036c6       0xea main.o
                0x00000000000036c6                __vector_9

.text.sd_read_single_block
                0x00000000000037b0       0xe4
 .text.sd_read_single_block
                0x00000000000037b0       0xe4 AVR_sd.o
                0x00000000000037b0                sd_read_single_block

.text           0x0000000000003894       0xde
 .text          0x0000000000003894       0xde c:/program files/microchip/xc8/v2.36/avr/bin/../lib/gcc/avr/5.4.0/../../../../avr/lib/avrxmega4/memx-const/mapped\libm.a(divsf3x.o)
                0x0000000000003894                __divsf3x
                0x00000000000038bc                __divsf3_pse

.text._FAT_updateFileInfo
                0x0000000000003972       0xd8
 .text._FAT_updateFileInfo
                0x0000000000003972       0xd8 fat.o

.text.__pop_ptr
                0x0000000000003a4a       0xd8
 .text.__pop_ptr
                0x0000000000003a4a       0xd8 c:/program files/microchip/xc8/v2.36/avr/bin/../lib/gcc/avr/5.4.0/../../../../avr/lib/avrxmega4/memx-const/mapped\libc.a(__pop_ptr.o)
                0x0000000000003a4a                __pop_ptr
                0x0000000000003a4a                __pop_ptr_needed

.text.transmitHmi
                0x0000000000003b22       0xd4
 .text.transmitHmi
                0x0000000000003b22       0xd4 main.o
                0x0000000000003b22                transmitHmi

.text           0x0000000000003bf6       0xd4
 .text          0x0000000000003bf6       0xd4 c:/program files/microchip/xc8/v2.36/avr/bin/../lib/gcc/avr/5.4.0/../../../../avr/lib/avrxmega4/memx-const/mapped\libm.a(mulsf3x.o)
                0x0000000000003bf6                __mulsf3x
                0x0000000000003c1c                __mulsf3_pse

.text.__fmt_o   0x0000000000003cca       0xd2
 .text.__fmt_o  0x0000000000003cca       0xd2 c:/program files/microchip/xc8/v2.36/avr/bin/../lib/gcc/avr/5.4.0/../../../../avr/lib/avrxmega4/memx-const/mapped\libc.a(__fmt_o.o)
                0x0000000000003cca                __fmt_o
                0x0000000000003cca                __fmt_o_needed

.text           0x0000000000003d9c       0xce
 .text          0x0000000000003d9c       0xce c:/program files/microchip/xc8/v2.36/avr/bin/../lib/gcc/avr/5.4.0/../../../../avr/lib/avrxmega4/memx-const/mapped\libm.a(addsf3x.o)
                0x0000000000003d9c                __addsf3x

.text.FAT_getLabel
                0x0000000000003e6a       0xca
 .text.FAT_getLabel
                0x0000000000003e6a       0xca fat.o
                0x0000000000003e6a                FAT_getLabel

.text._FAT_getFileNextSector
                0x0000000000003f34       0xc8
 .text._FAT_getFileNextSector
                0x0000000000003f34       0xc8 fat.o

.text.__fmt_u   0x0000000000003ffc       0xae
 .text.__fmt_u  0x0000000000003ffc       0xae c:/program files/microchip/xc8/v2.36/avr/bin/../lib/gcc/avr/5.4.0/../../../../avr/lib/avrxmega4/memx-const/mapped\libc.a(__fmt_u.o)
                0x0000000000003ffc                __fmt_u_needed
                0x0000000000003ffc                __fmt_u

.text.FAT_fwriteFloat
                0x00000000000040aa       0xa8
 .text.FAT_fwriteFloat
                0x00000000000040aa       0xa8 fat.o
                0x00000000000040aa                FAT_fwriteFloat

.text.main      0x0000000000004152       0xa6
 .text.main     0x0000000000004152       0xa6 main.o
                0x0000000000004152                main

.text.__pad     0x00000000000041f8       0xa4
 .text.__pad    0x00000000000041f8       0xa4 c:/program files/microchip/xc8/v2.36/avr/bin/../lib/gcc/avr/5.4.0/../../../../avr/lib/avrxmega4/memx-const/mapped\libc.a(__printf_core.o)
                0x00000000000041f8                __pad

.text.libgcc.div
                0x000000000000429c       0xa2
 .text.libgcc.div
                0x000000000000429c       0xa2 c:/program files/microchip/xc8/v2.36/avr/bin/../lib/gcc/avr/5.4.0/avrxmega4/memx-const/mapped\libgcc.a(_udivmod64.o)
                0x000000000000429c                __udivmod64

.text._FAT_allocateCluster
                0x000000000000433e       0xa0
 .text._FAT_allocateCluster
                0x000000000000433e       0xa0 fat.o

.text.fputc     0x00000000000043de       0x92
 .text.fputc    0x00000000000043de       0x92 c:/program files/microchip/xc8/v2.36/avr/bin/../lib/gcc/avr/5.4.0/../../../../avr/lib/avrxmega4/memx-const/mapped\libc.a(fputc.o)
                0x00000000000043de                fputc
                0x00000000000043de                putc

.text._FAT_parse_long_names
                0x0000000000004470       0x90
 .text._FAT_parse_long_names
                0x0000000000004470       0x90 fat.o

.text.__vector_53
                0x0000000000004500       0x90
 .text.__vector_53
                0x0000000000004500       0x90 uart.o
                0x0000000000004500                __vector_53

.text.FAT_fopen
                0x0000000000004590       0x8a
 .text.FAT_fopen
                0x0000000000004590       0x8a fat.o
                0x0000000000004590                FAT_fopen

.text._FAT_nextFileCluster
                0x000000000000461a       0x86
 .text._FAT_nextFileCluster
                0x000000000000461a       0x86 fat.o

.text.FAT_fsync
                0x00000000000046a0       0x80
 .text.FAT_fsync
                0x00000000000046a0       0x80 fat.o
                0x00000000000046a0                FAT_fsync

.text.sd_command_ACMD41
                0x0000000000004720       0x7c
 .text.sd_command_ACMD41
                0x0000000000004720       0x7c AVR_sd.o

.text           0x000000000000479c       0x7a
 .text          0x000000000000479c       0x7a c:/program files/microchip/xc8/v2.36/avr/bin/../lib/gcc/avr/5.4.0/../../../../avr/lib/avrxmega4/memx-const/mapped\libm.a(floatsisf.o)
                0x000000000000479c                __floatunsisf
                0x00000000000047a0                __floatsisf

.text._FAT_clearCluster
                0x0000000000004816       0x78
 .text._FAT_clearCluster
                0x0000000000004816       0x78 fat.o

.text           0x000000000000488e       0x78
 .text          0x000000000000488e       0x78 c:/program files/microchip/xc8/v2.36/avr/bin/../lib/gcc/avr/5.4.0/../../../../avr/lib/avrxmega4/memx-const/mapped\libm.a(fixsfdi.o)
                0x000000000000488e                __fixsfdi
                0x0000000000004898                __fixunssfdi

.text.__vsnprintf
                0x0000000000004906       0x74
 .text.__vsnprintf
                0x0000000000004906       0x74 c:/program files/microchip/xc8/v2.36/avr/bin/../lib/gcc/avr/5.4.0/../../../../avr/lib/avrxmega4/memx-const/mapped\libc.a(__int_vsnprintf.o)
                0x0000000000004906                __vsnprintf

.text.atoi      0x000000000000497a       0x72
 .text.atoi     0x000000000000497a       0x72 c:/program files/microchip/xc8/v2.36/avr/bin/../lib/gcc/avr/5.4.0/../../../../avr/lib/avrxmega4/memx-const/mapped\libc.a(atoi.o)
                0x000000000000497a                atoi

.text._FAT_getSFN
                0x00000000000049ec       0x70
 .text._FAT_getSFN
                0x00000000000049ec       0x70 fat.o

.text.__fmt_s   0x0000000000004a5c       0x68
 .text.__fmt_s  0x0000000000004a5c       0x68 c:/program files/microchip/xc8/v2.36/avr/bin/../lib/gcc/avr/5.4.0/../../../../avr/lib/avrxmega4/memx-const/mapped\libc.a(__fmt_s.o)
                0x0000000000004a5c                __fmt_s
                0x0000000000004a5c                __fmt_0_needed
                0x0000000000004a5c                __fmt_s_needed

.text._FAT_parse_long_names_
                0x0000000000004ac4       0x64
 .text._FAT_parse_long_names_
                0x0000000000004ac4       0x64 fat.o

.text._FAT_stringLFN
                0x0000000000004b28       0x62
 .text._FAT_stringLFN
                0x0000000000004b28       0x62 fat.o

.text._FAT_moveWindow
                0x0000000000004b8a       0x62
 .text._FAT_moveWindow
                0x0000000000004b8a       0x62 fat.o

.text.FAT_openDir
                0x0000000000004bec       0x62
 .text.FAT_openDir
                0x0000000000004bec       0x62 fat.o
                0x0000000000004bec                FAT_openDir

.text.libgcc.div
                0x0000000000004c4e       0x62
 .text.libgcc.div
                0x0000000000004c4e       0x62 c:/program files/microchip/xc8/v2.36/avr/bin/../lib/gcc/avr/5.4.0/avrxmega4/memx-const/mapped\libgcc.a(_divdi3.o)
                0x0000000000004c4e                __moddi3
                0x0000000000004c52                __divdi3
                0x0000000000004c54                __divdi3_moddi3

.text           0x0000000000004cb0       0x5e
 .text          0x0000000000004cb0       0x5e c:/program files/microchip/xc8/v2.36/avr/bin/../lib/gcc/avr/5.4.0/../../../../avr/lib/avrxmega4/memx-const/mapped\libm.a(fixunssfsi.o)
                0x0000000000004cb0                __fixunssfsi

.text._FAT_clusterToSector
                0x0000000000004d0e       0x4a
 .text._FAT_clusterToSector
                0x0000000000004d0e       0x4a fat.o

.text.UART_sendInt
                0x0000000000004d58       0x4a
 .text.UART_sendInt
                0x0000000000004d58       0x4a uart.o
                0x0000000000004d58                UART_sendInt

.text           0x0000000000004da2       0x48
 .text          0x0000000000004da2       0x48 c:/program files/microchip/xc8/v2.36/avr/bin/../lib/gcc/avr/5.4.0/../../../../avr/lib/avrxmega4/memx-const/mapped\libm.a(fp_cmp.o)
                0x0000000000004da2                __fp_cmp

.text.sd_command
                0x0000000000004dea       0x46
 .text.sd_command
                0x0000000000004dea       0x46 AVR_sd.o

.text.UART_sendHex8
                0x0000000000004e30       0x44
 .text.UART_sendHex8
                0x0000000000004e30       0x44 uart.o
                0x0000000000004e30                UART_sendHex8

.text           0x0000000000004e74       0x44
 .text          0x0000000000004e74       0x44 c:/program files/microchip/xc8/v2.36/avr/bin/../lib/gcc/avr/5.4.0/../../../../avr/lib/avrxmega4/memx-const/mapped\libm.a(fp_split3.o)
                0x0000000000004e74                __fp_split3
                0x0000000000004e84                __fp_splitA

.text.libgcc.div
                0x0000000000004eb8       0x44
 .text.libgcc.div
                0x0000000000004eb8       0x44 c:/program files/microchip/xc8/v2.36/avr/bin/../lib/gcc/avr/5.4.0/avrxmega4/memx-const/mapped\libgcc.a(_udivmodsi4.o)
                0x0000000000004eb8                __udivmodsi4

.text._FAT_freset
                0x0000000000004efc       0x40
 .text._FAT_freset
                0x0000000000004efc       0x40 fat.o

.text.__fmt_state
                0x0000000000004f3c       0x40
 .text.__fmt_state
                0x0000000000004f3c       0x40 c:/program files/microchip/xc8/v2.36/avr/bin/../lib/gcc/avr/5.4.0/../../../../avr/lib/avrxmega4/memx-const/mapped\libc.a(__printf_core.o)
                0x0000000000004f3c                __fmt_state

.text.__pop_float
                0x0000000000004f7c       0x40
 .text.__pop_float
                0x0000000000004f7c       0x40 c:/program files/microchip/xc8/v2.36/avr/bin/../lib/gcc/avr/5.4.0/../../../../avr/lib/avrxmega4/memx-const/mapped\libc.a(__pop_float.o)
                0x0000000000004f7c                __pop_float_needed
                0x0000000000004f7c                __pop_float

.text.libgcc.builtins
                0x0000000000004fbc       0x3c
 .text.libgcc.builtins
                0x0000000000004fbc       0x3c c:/program files/microchip/xc8/v2.36/avr/bin/../lib/gcc/avr/5.4.0/avrxmega4/memx-const/mapped\libgcc.a(_ashrdi3.o)
                0x0000000000004fbc                __ashrdi3
                0x0000000000004fc0                __lshrdi3

.text.SPI_Init  0x0000000000004ff8       0x3a
 .text.SPI_Init
                0x0000000000004ff8       0x3a AVR_sd.o

.text.FAT_dirCountItems
                0x0000000000005032       0x3a
 .text.FAT_dirCountItems
                0x0000000000005032       0x3a fat.o
                0x0000000000005032                FAT_dirCountItems

.text.__out     0x000000000000506c       0x3a
 .text.__out    0x000000000000506c       0x3a c:/program files/microchip/xc8/v2.36/avr/bin/../lib/gcc/avr/5.4.0/../../../../avr/lib/avrxmega4/memx-const/mapped\libc.a(__printf_core.o)
                0x000000000000506c                __out

.text.UART_sendString
                0x00000000000050a6       0x38
 .text.UART_sendString
                0x00000000000050a6       0x38 uart.o
                0x00000000000050a6                UART_sendString

.text.FAT_findByIndex
                0x00000000000050de       0x32
 .text.FAT_findByIndex
                0x00000000000050de       0x32 fat.o
                0x00000000000050de                FAT_findByIndex

.text.uart_init
                0x0000000000005110       0x32
 .text.uart_init
                0x0000000000005110       0x32 uart.o
                0x0000000000005110                uart_init

.text.libgcc.prologue
                0x0000000000005142       0x32
 .text.libgcc.prologue
                0x0000000000005142       0x32 c:/program files/microchip/xc8/v2.36/avr/bin/../lib/gcc/avr/5.4.0/avrxmega4/memx-const/mapped\libgcc.a(_prologue.o)
                0x0000000000005142                __prologue_saves__

.text.libgcc.prologue
                0x0000000000005174       0x30
 .text.libgcc.prologue
                0x0000000000005174       0x30 c:/program files/microchip/xc8/v2.36/avr/bin/../lib/gcc/avr/5.4.0/avrxmega4/memx-const/mapped\libgcc.a(_epilogue.o)
                0x0000000000005174                __epilogue_restores__

.text.__vfprintf
                0x00000000000051a4       0x30
 .text.__vfprintf
                0x00000000000051a4       0x30 c:/program files/microchip/xc8/v2.36/avr/bin/../lib/gcc/avr/5.4.0/../../../../avr/lib/avrxmega4/memx-const/mapped\libc.a(__int_vfprintf.o)
                0x00000000000051a4                __vfprintf

.text.sd_read_response3_7
                0x00000000000051d4       0x2e
 .text.sd_read_response3_7
                0x00000000000051d4       0x2e AVR_sd.o

.text.FAT_fwriteString
                0x0000000000005202       0x2e
 .text.FAT_fwriteString
                0x0000000000005202       0x2e fat.o
                0x0000000000005202                FAT_fwriteString

.text.ChkSum    0x0000000000005230       0x28
 .text.ChkSum   0x0000000000005230       0x28 fat.o

.text.libgcc.div
                0x0000000000005258       0x28
 .text.libgcc.div
                0x0000000000005258       0x28 c:/program files/microchip/xc8/v2.36/avr/bin/../lib/gcc/avr/5.4.0/avrxmega4/memx-const/mapped\libgcc.a(_udivmodhi4.o)
                0x0000000000005258                __udivmodhi4

.text.initUSART2
                0x0000000000005280       0x26
 .text.initUSART2
                0x0000000000005280       0x26 main.o
                0x0000000000005280                initUSART2

.text.__wrap_sprintf
                0x00000000000052a6       0x24
 .text.__wrap_sprintf
                0x00000000000052a6       0x24 c:/program files/microchip/xc8/v2.36/avr/bin/../lib/gcc/avr/5.4.0/../../../../avr/lib/avrxmega4/memx-const/mapped\libc.a(__sio_sprintf_dosux.o)
                0x00000000000052a6                _sprintf_cdnopsuxX

.text           0x00000000000052ca       0x22
 .text          0x00000000000052ca       0x22 c:/program files/microchip/xc8/v2.36/avr/bin/../lib/gcc/avr/5.4.0/../../../../avr/lib/avrxmega4/memx-const/mapped\libm.a(fp_round.o)
                0x00000000000052ca                __fp_round

.text           0x00000000000052ec       0x20
 .text          0x00000000000052ec       0x20 c:/program files/microchip/xc8/v2.36/avr/bin/../lib/gcc/avr/5.4.0/../../../../avr/lib/avrxmega4/memx-const/mapped\libm.a(fp_negdi.o)
                0x00000000000052ec                __fp_negdi

.text.libgcc.mul
                0x000000000000530c       0x20
 .text.libgcc.mul
                0x000000000000530c       0x20 c:/program files/microchip/xc8/v2.36/avr/bin/../lib/gcc/avr/5.4.0/avrxmega4/memx-const/mapped\libgcc.a(_mulsi3.o)
                0x000000000000530c                __mulsi3

.text.libgcc    0x000000000000532c       0x20
 .text.libgcc   0x000000000000532c       0x20 c:/program files/microchip/xc8/v2.36/avr/bin/../lib/gcc/avr/5.4.0/avrxmega4/memx-const/mapped\libgcc.a(_negdi2.o)
                0x000000000000532c                __negdi2

.text._FAT_fillBufferArray
                0x000000000000534c       0x1e
 .text._FAT_fillBufferArray
                0x000000000000534c       0x1e fat.o

.text.libgcc.mul
                0x000000000000536a       0x1e
 .text.libgcc.mul
                0x000000000000536a       0x1e c:/program files/microchip/xc8/v2.36/avr/bin/../lib/gcc/avr/5.4.0/avrxmega4/memx-const/mapped\libgcc.a(_umulhisi3.o)
                0x000000000000536a                __umulhisi3

.text.libgcc.div
                0x0000000000005388       0x1c
 .text.libgcc.div
                0x0000000000005388       0x1c c:/program files/microchip/xc8/v2.36/avr/bin/../lib/gcc/avr/5.4.0/avrxmega4/memx-const/mapped\libgcc.a(_udivdi3.o)
                0x0000000000005388                __umoddi3
                0x000000000000538c                __udivdi3
                0x000000000000538e                __udivdi3_umoddi3

.text.strlen    0x00000000000053a4       0x1c
 .text.strlen   0x00000000000053a4       0x1c c:/program files/microchip/xc8/v2.36/avr/bin/../lib/gcc/avr/5.4.0/../../../../avr/lib/avrxmega4/memx-const/mapped\libc.a(strlen.o)
                0x00000000000053a4                strlen

.text.sd_assert_cs
                0x00000000000053c0       0x18
 .text.sd_assert_cs
                0x00000000000053c0       0x18 AVR_sd.o

.text.sd_deassert_cs
                0x00000000000053d8       0x18
 .text.sd_deassert_cs
                0x00000000000053d8       0x18 AVR_sd.o

.text.SPI_ReceiveByte
                0x00000000000053f0       0x18
 .text.SPI_ReceiveByte
                0x00000000000053f0       0x18 AVR_sd.o

.text.sd_read_response1
                0x0000000000005408       0x18
 .text.sd_read_response1
                0x0000000000005408       0x18 AVR_sd.o

.text.libgcc    0x0000000000005420       0x18
 .text.libgcc   0x0000000000005420       0x18 c:/program files/microchip/xc8/v2.36/avr/bin/../lib/gcc/avr/5.4.0/avrxmega4/memx-const/mapped\libgcc.a(_cmpdi2_s8.o)
                0x0000000000005420                __cmpdi2_s8

.text.libgcc.mul
                0x0000000000005438       0x16
 .text.libgcc.mul
                0x0000000000005438       0x16 c:/program files/microchip/xc8/v2.36/avr/bin/../lib/gcc/avr/5.4.0/avrxmega4/memx-const/mapped\libgcc.a(_muluhisi3.o)
                0x0000000000005438                __muluhisi3

.text.exit      0x000000000000544e       0x16
 .text.exit     0x000000000000544e       0x16 c:/program files/microchip/xc8/v2.36/avr/bin/../lib/gcc/avr/5.4.0/../../../../avr/lib/avrxmega4/memx-const/mapped\libc.a(exit.o)
                0x000000000000544e                exit

.text.MATH_remainder
                0x0000000000005464       0x14
 .text.MATH_remainder
                0x0000000000005464       0x14 fat.o

.text.memset    0x0000000000005478       0x12
 .text.memset   0x0000000000005478       0x12 c:/program files/microchip/xc8/v2.36/avr/bin/../lib/gcc/avr/5.4.0/../../../../avr/lib/avrxmega4/memx-const/mapped\libc.a(memset.o)
                0x0000000000005478                memset

.text.toupper   0x000000000000548a       0x12
 .text.toupper  0x000000000000548a       0x12 c:/program files/microchip/xc8/v2.36/avr/bin/../lib/gcc/avr/5.4.0/../../../../avr/lib/avrxmega4/memx-const/mapped\libc.a(toupper.o)
                0x000000000000548a                toupper

.text.FAT_fseekEnd
                0x000000000000549c       0x10
 .text.FAT_fseekEnd
                0x000000000000549c       0x10 fat.o
                0x000000000000549c                FAT_fseekEnd

.text.portInit  0x00000000000054ac       0x10
 .text.portInit
                0x00000000000054ac       0x10 main.o
                0x00000000000054ac                portInit

.text.strcpy    0x00000000000054bc       0x10
 .text.strcpy   0x00000000000054bc       0x10 c:/program files/microchip/xc8/v2.36/avr/bin/../lib/gcc/avr/5.4.0/../../../../avr/lib/avrxmega4/memx-const/mapped\libc.a(strcpy.o)
                0x00000000000054bc                strcpy

.text.tolower   0x00000000000054cc       0x10
 .text.tolower  0x00000000000054cc       0x10 c:/program files/microchip/xc8/v2.36/avr/bin/../lib/gcc/avr/5.4.0/../../../../avr/lib/avrxmega4/memx-const/mapped\libc.a(tolower.o)
                0x00000000000054cc                tolower

.text.uart_receive
                0x00000000000054dc        0xe
 .text.uart_receive
                0x00000000000054dc        0xe uart.o
                0x00000000000054dc                uart_receive

.text.uart_transmit
                0x00000000000054ea        0xe
 .text.uart_transmit
                0x00000000000054ea        0xe uart.o
                0x00000000000054ea                uart_transmit

.text           0x00000000000054f8        0xe
 .text          0x00000000000054f8        0xe c:/program files/microchip/xc8/v2.36/avr/bin/../lib/gcc/avr/5.4.0/../../../../avr/lib/avrxmega4/memx-const/mapped\libm.a(addsf3.o)
                0x00000000000054f8                __subsf3
                0x00000000000054fa                __addsf3

.text           0x0000000000005506        0xe
 .text          0x0000000000005506        0xe c:/program files/microchip/xc8/v2.36/avr/bin/../lib/gcc/avr/5.4.0/../../../../avr/lib/avrxmega4/memx-const/mapped\libm.a(fixsfsi.o)
                0x0000000000005506                __fixsfsi

.text           0x0000000000005514        0xe
 .text          0x0000000000005514        0xe c:/program files/microchip/xc8/v2.36/avr/bin/../lib/gcc/avr/5.4.0/../../../../avr/lib/avrxmega4/memx-const/mapped\libm.a(fp_pscA.o)
                0x0000000000005514                __fp_pscA

.text           0x0000000000005522        0xe
 .text          0x0000000000005522        0xe c:/program files/microchip/xc8/v2.36/avr/bin/../lib/gcc/avr/5.4.0/../../../../avr/lib/avrxmega4/memx-const/mapped\libm.a(fp_pscB.o)
                0x0000000000005522                __fp_pscB

.text           0x0000000000005530        0xe
 .text          0x0000000000005530        0xe c:/program files/microchip/xc8/v2.36/avr/bin/../lib/gcc/avr/5.4.0/../../../../avr/lib/avrxmega4/memx-const/mapped\libm.a(fp_zero.o)
                0x0000000000005530                __fp_zero
                0x0000000000005532                __fp_szero

.text.__vsprintf
                0x000000000000553e        0xe
 .text.__vsprintf
                0x000000000000553e        0xe c:/program files/microchip/xc8/v2.36/avr/bin/../lib/gcc/avr/5.4.0/../../../../avr/lib/avrxmega4/memx-const/mapped\libc.a(__int_vsprintf.o)
                0x000000000000553e                __vsprintf

.text.sd_detected
                0x000000000000554c        0xc
 .text.sd_detected
                0x000000000000554c        0xc AVR_sd.o
                0x000000000000554c                sd_detected

.text.FAT_getFileSize
                0x0000000000005558        0xc
 .text.FAT_getFileSize
                0x0000000000005558        0xc fat.o
                0x0000000000005558                FAT_getFileSize

.text.clk_init  0x0000000000005564        0xc
 .text.clk_init
                0x0000000000005564        0xc main.o
                0x0000000000005564                clk_init

.text           0x0000000000005570        0xc
 .text          0x0000000000005570        0xc c:/program files/microchip/xc8/v2.36/avr/bin/../lib/gcc/avr/5.4.0/../../../../avr/lib/avrxmega4/memx-const/mapped\libm.a(fp_inf.o)
                0x0000000000005570                __fp_inf

.text.avrlibc   0x000000000000557c        0xc
 .text.avrlibc  0x000000000000557c        0xc C:/Program Files (x86)/Atmel/Studio/7.0/Packs/atmel/AVR-Dx_DFP/1.10.114/xc8/avr/lib/avrxmega4/memx-const/mapped\libavr128db48.a(ccp_write.o)
                0x000000000000557c                ccp_write_io

.text.SPI_BusyCheck
                0x0000000000005588        0xa
 .text.SPI_BusyCheck
                0x0000000000005588        0xa AVR_sd.o

.text.SPI_SendByte
                0x0000000000005592        0xa
 .text.SPI_SendByte
                0x0000000000005592        0xa AVR_sd.o

.text.FAT_attrIsFolder
                0x000000000000559c        0xa
 .text.FAT_attrIsFolder
                0x000000000000559c        0xa fat.o
                0x000000000000559c                FAT_attrIsFolder

.text           0x00000000000055a6        0xa
 .text          0x00000000000055a6        0xa c:/program files/microchip/xc8/v2.36/avr/bin/../lib/gcc/avr/5.4.0/../../../../avr/lib/avrxmega4/memx-const/mapped\libm.a(cmpsf2.o)
                0x00000000000055a6                __nesf2
                0x00000000000055a6                __eqsf2
                0x00000000000055a6                __cmpsf2
                0x00000000000055a6                __ltsf2
                0x00000000000055a6                __lesf2

.text           0x00000000000055b0        0xa
 .text          0x00000000000055b0        0xa c:/program files/microchip/xc8/v2.36/avr/bin/../lib/gcc/avr/5.4.0/../../../../avr/lib/avrxmega4/memx-const/mapped\libm.a(gesf2.o)
                0x00000000000055b0                __gesf2
                0x00000000000055b0                __gtsf2

.text.FAT_makeDir
                0x00000000000055ba        0x8
 .text.FAT_makeDir
                0x00000000000055ba        0x8 fat.o
                0x00000000000055ba                FAT_makeDir

.text.FAT_makeFile
                0x00000000000055c2        0x8
 .text.FAT_makeFile
                0x00000000000055c2        0x8 fat.o
                0x00000000000055c2                FAT_makeFile

.text.FAT_getItemIndex
                0x00000000000055ca        0x8
 .text.FAT_getItemIndex
                0x00000000000055ca        0x8 fat.o
                0x00000000000055ca                FAT_getItemIndex

.text           0x00000000000055d2        0x8
 .text          0x00000000000055d2        0x8 c:/program files/microchip/xc8/v2.36/avr/bin/../lib/gcc/avr/5.4.0/../../../../avr/lib/avrxmega4/memx-const/mapped\libm.a(divsf3.o)
                0x00000000000055d2                __divsf3

.text           0x00000000000055da        0x8
 .text          0x00000000000055da        0x8 c:/program files/microchip/xc8/v2.36/avr/bin/../lib/gcc/avr/5.4.0/../../../../avr/lib/avrxmega4/memx-const/mapped\libm.a(mulsf3.o)
                0x00000000000055da                __mulsf3

.text.FAT_createTime
                0x00000000000055e2        0x6
 .text.FAT_createTime
                0x00000000000055e2        0x6 fat.o
                0x00000000000055e2                FAT_createTime

.text.FAT_createDate
                0x00000000000055e8        0x6
 .text.FAT_createDate
                0x00000000000055e8        0x6 fat.o
                0x00000000000055e8                FAT_createDate

.text.FAT_getFilename
                0x00000000000055ee        0x6
 .text.FAT_getFilename
                0x00000000000055ee        0x6 fat.o
                0x00000000000055ee                FAT_getFilename

.text           0x00000000000055f4        0x6
 .text          0x00000000000055f4        0x6 c:/program files/microchip/xc8/v2.36/avr/bin/../lib/gcc/avr/5.4.0/../../../../avr/lib/avrxmega4/memx-const/mapped\libm.a(fp_nan.o)
                0x00000000000055f4                __fp_nan

.text.__dummy_fmt4
                0x00000000000055fa        0x6
 .text.__dummy_fmt4
                0x00000000000055fa        0x6 c:/program files/microchip/xc8/v2.36/avr/bin/../lib/gcc/avr/5.4.0/../../../../avr/lib/avrxmega4/memx-const/mapped\libc.a(__printf_core.o)
                0x00000000000055fa                __fmt_fp
                0x00000000000055fa                __fmt_a

.text           0x0000000000005600        0x4
 .text          0x0000000000005600        0x4 C:/Program Files (x86)/Atmel/Studio/7.0/Packs/atmel/AVR-Dx_DFP/1.10.114/xc8/avr/lib/avrxmega4/memx-const/mapped/crtavr128db48.o
                0x0000000000005600                __vector_22
                0x0000000000005600                __vector_28
                0x0000000000005600                __vector_1
                0x0000000000005600                __vector_32
                0x0000000000005600                __vector_34
                0x0000000000005600                __vector_24
                0x0000000000005600                __vector_12
                0x0000000000005600                __vector_55
                0x0000000000005600                __vector_46
                0x0000000000005600                __bad_interrupt
                0x0000000000005600                __vector_6
                0x0000000000005600                __vector_31
                0x0000000000005600                __vector_35
                0x0000000000005600                __vector_39
                0x0000000000005600                __vector_3
                0x0000000000005600                __vector_23
                0x0000000000005600                __vector_30
                0x0000000000005600                __vector_45
                0x0000000000005600                __vector_25
                0x0000000000005600                __vector_11
                0x0000000000005600                __vector_54
                0x0000000000005600                __vector_13
                0x0000000000005600                __vector_17
                0x0000000000005600                __vector_19
                0x0000000000005600                __vector_56
                0x0000000000005600                __vector_7
                0x0000000000005600                __vector_49
                0x0000000000005600                __vector_41
                0x0000000000005600                __vector_43
                0x0000000000005600                __vector_27
                0x0000000000005600                __vector_5
                0x0000000000005600                __vector_33
                0x0000000000005600                __vector_47
                0x0000000000005600                __vector_52
                0x0000000000005600                __vector_37
                0x0000000000005600                __vector_4
                0x0000000000005600                __vector_44
                0x0000000000005600                __vector_51
                0x0000000000005600                __vector_2
                0x0000000000005600                __vector_21
                0x0000000000005600                __vector_15
                0x0000000000005600                __vector_36
                0x0000000000005600                __vector_58
                0x0000000000005600                __vector_29
                0x0000000000005600                __vector_60
                0x0000000000005600                __vector_40
                0x0000000000005600                __vector_8
                0x0000000000005600                __vector_26
                0x0000000000005600                __vector_48
                0x0000000000005600                __vector_14
                0x0000000000005600                __vector_57
                0x0000000000005600                __vector_10
                0x0000000000005600                __vector_50
                0x0000000000005600                __vector_16
                0x0000000000005600                __vector_59
                0x0000000000005600                __vector_18
                0x0000000000005600                __vector_20
                0x0000000000005600                __vector_42

.text.FAT_createTimeMilli
                0x0000000000005604        0x4
 .text.FAT_createTimeMilli
                0x0000000000005604        0x4 fat.o
                0x0000000000005604                FAT_createTimeMilli

.text._Exit     0x0000000000005608        0x4
 .text._Exit    0x0000000000005608        0x4 c:/program files/microchip/xc8/v2.36/avr/bin/../lib/gcc/avr/5.4.0/../../../../avr/lib/avrxmega4/memx-const/mapped\libc.a(_Exit.o)
                0x0000000000005608                _Exit

.text.__dummy_fini
                0x000000000000560c        0x2
 .text.__dummy_fini
                0x000000000000560c        0x2 c:/program files/microchip/xc8/v2.36/avr/bin/../lib/gcc/avr/5.4.0/../../../../avr/lib/avrxmega4/memx-const/mapped\libc.a(exit.o)
                0x000000000000560c                _fini

.text.__dummy_funcs_on_exit
                0x000000000000560e        0x2
 .text.__dummy_funcs_on_exit
                0x000000000000560e        0x2 c:/program files/microchip/xc8/v2.36/avr/bin/../lib/gcc/avr/5.4.0/../../../../avr/lib/avrxmega4/memx-const/mapped\libc.a(exit.o)
                0x000000000000560e                __funcs_on_exit

.text.__dummy_simulator_exit
                0x0000000000005610        0x2
 .text.__dummy_simulator_exit
                0x0000000000005610        0x2 c:/program files/microchip/xc8/v2.36/avr/bin/../lib/gcc/avr/5.4.0/../../../../avr/lib/avrxmega4/memx-const/mapped\libc.a(exit.o)
                0x0000000000005610                __simulator_exit

.rodata.state_table
                0x00000000008044e4       0x16 load address 0x0000000000005612
 .rodata.state_table
                0x00000000008044e4       0x16 c:/program files/microchip/xc8/v2.36/avr/bin/../lib/gcc/avr/5.4.0/../../../../avr/lib/avrxmega4/memx-const/mapped\libc.a(__printf_core.o)

.rodata         0x00000000008044fa        0x7 load address 0x0000000000005628
 .rodata        0x00000000008044fa        0x7 c:/program files/microchip/xc8/v2.36/avr/bin/../lib/gcc/avr/5.4.0/../../../../avr/lib/avrxmega4/memx-const/mapped\libc.a(__fmt_s.o)

.rodata         0x0000000000804501        0x6 load address 0x000000000000562f
 .rodata        0x0000000000804501        0x6 c:/program files/microchip/xc8/v2.36/avr/bin/../lib/gcc/avr/5.4.0/../../../../avr/lib/avrxmega4/memx-const/mapped\libc.a(__printf_core.o)
